📋 日志已保存至：logs/console_20260911_094458.log
🚀 启动采集 + 品牌规格品名四重校验
✅ 总商品数：643 | 待采集：11

🔍 搜索：Estee Lauder 雅诗兰黛 抗蓝光眼霜15ml*2（第五代）

===== 优先级 4，共 2 个商品 =====
--- 进入商品 1/2 ---
============================================================
搜索词 ：Estee Lauder 雅诗兰黛 抗蓝光眼霜15ml*2（第五代）
商品名 ：【雅诗兰黛】抗蓝光眼霜15ml(简装/瓶装)第五代抗皱淡纹淡化黑眼圈【5天内发货】
品牌    ：雅诗兰黛 → 雅诗兰黛 | ✅
容量规格：{'15', '2'} → {'15'} | ❌
色号    ：set() → set()
浓度    ： →  | ✅
简装    ： → 简装 | ✅
套装    ：不含 → 不含 | ✅
清洗后  ：抗蓝光眼霜第五代 → 抗蓝光眼霜第五代抗皱淡纹淡化黑眼圈
品名匹配：词袋(100.0%) | ✅
结果    ：❌ FAIL | 原因：规格不匹配
============================================================
🔧 校验失败原因为规格不匹配，尝试进入规格面板匹配...

[DEBUG][get_sku_price_auto] 开始匹配，搜索词: 'Estee Lauder 雅诗兰黛 抗蓝光眼霜15ml*2（第五代）'
[DEBUG][get_sku_identifiers] 提取标识: ['15ml']
[DEBUG][get_sku_price_auto] 当前已选规格匹配，价格: 379
✅ 规格匹配成功，且品名已匹配，校验通过

================================================================================
货品名称：【雅诗兰黛】抗蓝光眼霜15ml(简装/瓶装)第五代抗皱淡纹淡化黑眼圈【5天内发货】
关键词：Estee Lauder 雅诗兰黛 抗蓝光眼霜15ml*2（第五代）
原价：499.0 | 现价：379
匹配规格：已选择： 抗蓝光眼霜15ml*2（简装白盒） | 规格价格：379
百亿补贴：是 | 日期：2024-12-31
校验通过：✅ True
================================================================================
--- 进入商品 2/2 ---
============================================================
搜索词 ：Estee Lauder 雅诗兰黛 抗蓝光眼霜15ml*2（第五代）
商品名 ：【正品行货】EsteeLauder/雅诗兰黛五代小棕瓶抗蓝光眼霜15ml
品牌    ：雅诗兰黛 → 雅诗兰黛 | ✅
容量规格：{'15', '2'} → {'15'} | ❌
色号    ：set() → set()
浓度    ： →  | ✅
简装    ： →  | ✅
套装    ：不含 → 不含 | ✅
清洗后  ：抗蓝光眼霜第五代 → 五代小棕瓶抗蓝光眼霜
品名匹配：词袋(71.4%) | ✅
结果    ：❌ FAIL | 原因：规格不匹配
============================================================
🔧 校验失败原因为规格不匹配，尝试进入规格面板匹配...

[DEBUG][get_sku_price_auto] 开始匹配，搜索词: 'Estee Lauder 雅诗兰黛 抗蓝光眼霜15ml*2（第五代）'
[DEBUG][get_sku_identifiers] 提取标识: ['15ml']
[DEBUG][get_sku_price_auto] 当前已选规格匹配，价格: 185
✅ 规格匹配成功，且品名已匹配，校验通过

================================================================================
货品名称：【正品行货】EsteeLauder/雅诗兰黛五代小棕瓶抗蓝光眼霜15ml
关键词：Estee Lauder 雅诗兰黛 抗蓝光眼霜15ml*2（第五代）
原价：299.0 | 现价：185
匹配规格：已选择： 15mL 小棕瓶眼霜 | 规格价格：185
百亿补贴：是 | 日期：2024-09-30
校验通过：✅ True
================================================================================
✅ 优先级 4 中已有商品通过校验，停止降级
📁 采集记录已保存，总行数：430
📋 校验记录已保存，总记录数：446
✅ 序号 632 已标记为已采集

⏸ 等待 1 秒后继续...
⏳ 等待下一个商品：[██████████████████████████████] 100% (1/1s)

🔍 搜索：Estee Lauder 雅诗兰黛 沁水粉底液 2C0 30ml*2

===== 优先级 4，共 1 个商品 =====
--- 进入商品 1/1 ---
============================================================
搜索词 ：Estee Lauder 雅诗兰黛 沁水粉底液 2C0 30ml*2
商品名 ：ESTEE LAUDER/雅诗兰黛沁水养肤粉底液30ml2C0锁水干皮救星保湿
品牌    ：雅诗兰黛 → 雅诗兰黛 | ✅
容量规格：{'2', '30'} → {'30'} | ❌
色号    ：{'2c0'} → set()
浓度    ： →  | ✅
简装    ： →  | ✅
套装    ：不含 → 不含 | ✅
清洗后  ：沁水粉底液 → 沁水养肤粉底液2c0锁水救星
品名匹配：词袋(75.0%) | ✅
结果    ：❌ FAIL | 原因：规格不匹配
============================================================
🔧 校验失败原因为规格不匹配，尝试进入规格面板匹配...

[DEBUG][get_sku_price_auto] 开始匹配，搜索词: 'Estee Lauder 雅诗兰黛 沁水粉底液 2C0 30ml*2'
[DEBUG][get_sku_identifiers] 提取标识: ['2c0', '30ml']
[DEBUG][get_sku_price_auto] 当前已选规格匹配，价格: 178
✅ 规格匹配成功，且品名已匹配，校验通过

================================================================================
货品名称：ESTEE LAUDER/雅诗兰黛沁水养肤粉底液30ml2C0锁水干皮救星保湿
关键词：Estee Lauder 雅诗兰黛 沁水粉底液 2C0 30ml*2
原价：230.0 | 现价：178
匹配规格：已选择： 2C0 自然肤色 | 规格价格：178
百亿补贴：是 | 日期：
校验通过：✅ True
================================================================================
✅ 优先级 4 中已有商品通过校验，停止降级
📁 采集记录已保存，总行数：433
📋 校验记录已保存，总记录数：447
✅ 序号 633 已标记为已采集

⏸ 等待 1 秒后继续...
⏳ 等待下一个商品：[██████████████████████████████] 100% (1/1s)

🔍 搜索：Estee Lauder 雅诗兰黛 沁水粉底液 2C0 30ml*2（新版）

===== 优先级 4，共 1 个商品 =====
--- 进入商品 1/1 ---
============================================================
搜索词 ：Estee Lauder 雅诗兰黛 沁水粉底液 2C0 30ml*2（新版）
商品名 ：ESTEE LAUDER/雅诗兰黛沁水养肤粉底液30ml2C0锁水干皮救星保湿
品牌    ：雅诗兰黛 → 雅诗兰黛 | ✅
容量规格：{'2', '30'} → {'30'} | ❌
色号    ：{'2c0'} → set()
浓度    ： →  | ✅
简装    ： →  | ✅
套装    ：不含 → 不含 | ✅
清洗后  ：沁水粉底液 → 沁水养肤粉底液2c0锁水救星
品名匹配：词袋(75.0%) | ✅
结果    ：❌ FAIL | 原因：规格不匹配
============================================================
🔧 校验失败原因为规格不匹配，尝试进入规格面板匹配...

[DEBUG][get_sku_price_auto] 开始匹配，搜索词: 'Estee Lauder 雅诗兰黛 沁水粉底液 2C0 30ml*2（新版）'
[DEBUG][get_sku_identifiers] 提取标识: ['2c0', '30ml']
[DEBUG][get_sku_price_auto] 当前已选规格匹配，价格: 178
✅ 规格匹配成功，且品名已匹配，校验通过

================================================================================
货品名称：ESTEE LAUDER/雅诗兰黛沁水养肤粉底液30ml2C0锁水干皮救星保湿
关键词：Estee Lauder 雅诗兰黛 沁水粉底液 2C0 30ml*2（新版）
原价：230.0 | 现价：178
匹配规格：已选择： 2C0 自然肤色 | 规格价格：178
百亿补贴：是 | 日期：2024-09-18
校验通过：✅ True
================================================================================
✅ 优先级 4 中已有商品通过校验，停止降级
📁 采集记录已保存，总行数：435
📋 校验记录已保存，总记录数：448
✅ 序号 634 已标记为已采集

⏸ 等待 1 秒后继续...
⏳ 等待下一个商品：[██████████████████████████████] 100% (1/1s)

🔍 搜索：Helena Rubinstein赫莲娜黑绷带面霜50px 50ml 新版

===== 优先级 4，共 2 个商品 =====
--- 进入商品 1/2 ---
============================================================
搜索词 ：Helena Rubinstein赫莲娜黑绷带面霜50px 50ml 新版
商品名 ：Helena Rubinstein 赫莲娜 黑绷带活颜修护晚霜50ml(50%玻色因)
品牌    ：赫莲娜 → 赫莲娜 | ✅
容量规格：{'50'} → {'50'} | ✅
色号    ：set() → set()
浓度    ： →  | ✅
简装    ： →  | ✅
套装    ：不含 → 不含 | ✅
清洗后  ：黑绷带面霜px → 黑绷带活颜晚霜
品名匹配：词袋(50.0%) | ✅
结果    ：✅ PASS | 原因：所有检查通过
============================================================

================================================================================
货品名称：Helena Rubinstein 赫莲娜 黑绷带活颜修护晚霜50ml(50%玻色因)
关键词：Helena Rubinstein赫莲娜黑绷带面霜50px 50ml 新版
原价：2888.0 | 现价：2058.0
百亿补贴：是 | 日期：2025-07-02
校验通过：✅ True
================================================================================
--- 进入商品 2/2 ---
============================================================
搜索词 ：Helena Rubinstein赫莲娜黑绷带面霜50px 50ml 新版
商品名 ：Helena Rubinstein 赫莲娜黑绷带活颜修护晚霜100ml(50%玻色因)
品牌    ：赫莲娜 → 赫莲娜 | ✅
容量规格：{'50'} → {'100'} | ❌
色号    ：set() → {'50'}
浓度    ： →  | ✅
简装    ： →  | ✅
套装    ：不含 → 不含 | ✅
清洗后  ：黑绷带面霜px → 黑绷带活颜晚霜
品名匹配：词袋(50.0%) | ✅
结果    ：❌ FAIL | 原因：规格不匹配
============================================================
🔧 校验失败原因为规格不匹配，尝试进入规格面板匹配...

[DEBUG][get_sku_price_auto] 开始匹配，搜索词: 'Helena Rubinstein赫莲娜黑绷带面霜50px 50ml 新版'
[DEBUG][get_sku_identifiers] 提取标识: ['px', '50ml']
[DEBUG][get_sku_price_auto] 当前已选规格匹配，价格: 3158
✅ 规格匹配成功，且品名已匹配，校验通过

================================================================================
货品名称：Helena Rubinstein 赫莲娜黑绷带活颜修护晚霜100ml(50%玻色因)
关键词：Helena Rubinstein赫莲娜黑绷带面霜50px 50ml 新版
原价：4999.0 | 现价：3158
匹配规格：已选择： 100mL 黑绷带50PX面霜 | 规格价格：3158
百亿补贴：是 | 日期：2025-06-30
校验通过：✅ True
================================================================================
✅ 优先级 4 中已有商品通过校验，停止降级
📁 采集记录已保存，总行数：438
📋 校验记录已保存，总记录数：450
✅ 序号 635 已标记为已采集

⏸ 等待 1 秒后继续...
⏳ 等待下一个商品：[██████████████████████████████] 100% (1/1s)

🔍 搜索：Fresh 馥蕾诗 红茶水150ml*2

===== 优先级 4，共 1 个商品 =====
--- 进入商品 1/1 ---
============================================================
搜索词 ：Fresh 馥蕾诗 红茶水150ml*2
商品名 ：【正品行货】Fresh馥蕾诗红茶水150ml紧致保湿滋润爽肤水
品牌    ：馥蕾诗 → 馥蕾诗 | ✅
容量规格：{'150', '2'} → {'150'} | ❌
色号    ：set() → set()
浓度    ： →  | ✅
简装    ： →  | ✅
套装    ：不含 → 不含 | ✅
清洗后  ：红茶水 → 红茶水紧致爽肤水
品名匹配：词袋(100.0%) | ✅
结果    ：❌ FAIL | 原因：规格不匹配
============================================================
🔧 校验失败原因为规格不匹配，尝试进入规格面板匹配...

[DEBUG][get_sku_price_auto] 开始匹配，搜索词: 'Fresh 馥蕾诗 红茶水150ml*2'
[DEBUG][get_sku_identifiers] 提取标识: ['150ml']
[DEBUG][get_sku_price_auto] 当前已选规格匹配，价格: 319
✅ 规格匹配成功，且品名已匹配，校验通过

================================================================================
货品名称：【正品行货】Fresh馥蕾诗红茶水150ml紧致保湿滋润爽肤水
关键词：Fresh 馥蕾诗 红茶水150ml*2
原价：428.0 | 现价：319
匹配规格：已选择： 150mL 馥蕾诗红茶水 | 规格价格：319
百亿补贴：是 | 日期：2025-10-01
校验通过：✅ True
================================================================================
✅ 优先级 4 中已有商品通过校验，停止降级
📁 采集记录已保存，总行数：441
📋 校验记录已保存，总记录数：451
✅ 序号 636 已标记为已采集

⏸ 等待 1 秒后继续...
⏳ 等待下一个商品：[██████████████████████████████] 100% (1/1s)

🔍 搜索：Helena Rubinstein赫莲娜黑绷带面霜50px 50ml 新版

===== 优先级 4，共 2 个商品 =====
--- 进入商品 1/2 ---
============================================================
搜索词 ：Helena Rubinstein赫莲娜黑绷带面霜50px 50ml 新版
商品名 ：Helena Rubinstein 赫莲娜 黑绷带活颜修护晚霜50ml(50%玻色因)
品牌    ：赫莲娜 → 赫莲娜 | ✅
容量规格：{'50'} → {'50'} | ✅
色号    ：set() → set()
浓度    ： →  | ✅
简装    ： →  | ✅
套装    ：不含 → 不含 | ✅
清洗后  ：黑绷带面霜px → 黑绷带活颜晚霜
品名匹配：词袋(50.0%) | ✅
结果    ：✅ PASS | 原因：所有检查通过
============================================================

================================================================================
货品名称：Helena Rubinstein 赫莲娜 黑绷带活颜修护晚霜50ml(50%玻色因)
关键词：Helena Rubinstein赫莲娜黑绷带面霜50px 50ml 新版
原价：2888.0 | 现价：2058.0
百亿补贴：是 | 日期：2025-07-02
校验通过：✅ True
================================================================================
--- 进入商品 2/2 ---
============================================================
搜索词 ：Helena Rubinstein赫莲娜黑绷带面霜50px 50ml 新版
商品名 ：Helena Rubinstein 赫莲娜黑绷带活颜修护晚霜100ml(50%玻色因)
品牌    ：赫莲娜 → 赫莲娜 | ✅
容量规格：{'50'} → {'100'} | ❌
色号    ：set() → {'50'}
浓度    ： →  | ✅
简装    ： →  | ✅
套装    ：不含 → 不含 | ✅
清洗后  ：黑绷带面霜px → 黑绷带活颜晚霜
品名匹配：词袋(50.0%) | ✅
结果    ：❌ FAIL | 原因：规格不匹配
============================================================
🔧 校验失败原因为规格不匹配，尝试进入规格面板匹配...

[DEBUG][get_sku_price_auto] 开始匹配，搜索词: 'Helena Rubinstein赫莲娜黑绷带面霜50px 50ml 新版'
[DEBUG][get_sku_identifiers] 提取标识: ['px', '50ml']
[DEBUG][get_sku_price_auto] 当前已选规格匹配，价格: 3158
✅ 规格匹配成功，且品名已匹配，校验通过

================================================================================
货品名称：Helena Rubinstein 赫莲娜黑绷带活颜修护晚霜100ml(50%玻色因)
关键词：Helena Rubinstein赫莲娜黑绷带面霜50px 50ml 新版
原价：4999.0 | 现价：3158
匹配规格：已选择： 100mL 黑绷带50PX面霜 | 规格价格：3158
百亿补贴：是 | 日期：2025-06-30
校验通过：✅ True
================================================================================
✅ 优先级 4 中已有商品通过校验，停止降级
📁 采集记录已保存，总行数：444
📋 校验记录已保存，总记录数：453
✅ 序号 637 已标记为已采集

⏸ 等待 1 秒后继续...
⏳ 等待下一个商品：[██████████████████████████████] 100% (1/1s)

🔍 搜索：LA MER 海蓝之谜 焕肤水 200ml (玻璃瓶)

===== 优先级 4，共 1 个商品 =====
--- 进入商品 1/1 ---
============================================================
搜索词 ：LA MER 海蓝之谜 焕肤水 200ml (玻璃瓶)
商品名 ：LAMER海蓝之谜沁润焕肤水200ml
品牌    ：海蓝之谜 → 海蓝之谜 | ✅
容量规格：{'200'} → {'200'} | ✅
色号    ：set() → set()
浓度    ： →  | ✅
简装    ： →  | ✅
套装    ：不含 → 不含 | ✅
清洗后  ：焕肤水 → 沁润焕肤水
品名匹配：词袋(100.0%) | ✅
结果    ：✅ PASS | 原因：所有检查通过
============================================================

================================================================================
货品名称：LAMER海蓝之谜沁润焕肤水200ml
关键词：LA MER 海蓝之谜 焕肤水 200ml (玻璃瓶)
原价：308.0 | 现价：308.0
百亿补贴：是 | 日期：2025-01-01
校验通过：✅ True
================================================================================
✅ 优先级 4 中已有商品通过校验，停止降级
📁 采集记录已保存，总行数：447
📋 校验记录已保存，总记录数：454
✅ 序号 639 已标记为已采集

⏸ 等待 1 秒后继续...
⏳ 等待下一个商品：[██████████████████████████████] 100% (1/1s)

🔍 搜索：Laneige Skin Veil Base_EX No.40 30ml紫色

===== 优先级 2，共 1 个商品 =====
--- 进入商品 1/1 ---
============================================================
搜索词 ：Laneige Skin Veil Base_EX No.40 30ml紫色
商品名 ：【Laneige】兰芝雪纱隔离妆前乳防晒打底提亮遮瑕持妆素颜正品双支装
品牌    ：兰芝 → 兰芝 | ✅
容量规格：{'30'} → set() | ❌
色号    ：set() → set()
浓度    ： →  | ✅
简装    ： →  | ✅
套装    ：不含 → 不含 | ✅
清洗后  ：skinveilbase_ex紫色 → 雪纱隔离妆前乳防晒打底提亮持妆素颜
品名匹配：LCS子序列(0.0%) | ❌
结果    ：❌ FAIL | 原因：规格不匹配；品名相似不足(ratio=0.0%)
============================================================
🔧 校验失败原因为规格不匹配，尝试进入规格面板匹配...

[DEBUG][get_sku_price_auto] 开始匹配，搜索词: 'Laneige Skin Veil Base_EX No.40 30ml紫色'
[DEBUG][get_sku_identifiers] 提取标识: ['skin veil base ex no', 'skin', 'veil', 'base', '30ml']
[DEBUG][get_sku_price_auto] 当前已选规格匹配，价格: 165
⚠️ 规格匹配成功但品名不匹配，校验仍不通过

================================================================================
货品名称：【Laneige】兰芝雪纱隔离妆前乳防晒打底提亮遮瑕持妆素颜正品双支装
关键词：Laneige Skin Veil Base_EX No.40 30ml紫色
原价：165.0 | 现价：165
匹配规格：已选择： 30mL 修黄提亮丨40号紫色#双支装 | 规格价格：165
百亿补贴：否 | 日期：2025-04-24
校验通过：❌ False
================================================================================
⚠️ 优先级 2 全部未通过，尝试下一优先级
🔽 降级到全球购，返回顶部并重新识别（不自动下滑）

===== 优先级 1，共 3 个商品 =====
--- 进入商品 1/3 ---
============================================================
搜索词 ：Laneige Skin Veil Base_EX No.40 30ml紫色
商品名 ：【兰芝】隔离霜雪纱丝柔隔离乳妆前防晒遮瑕30ml#40紫色60绿色新升级
品牌    ：兰芝 → 兰芝 | ✅
容量规格：{'30'} → {'30'} | ✅
色号    ：set() → {'40', '60'}
浓度    ： →  | ✅
简装    ： →  | ✅
套装    ：不含 → 不含 | ✅
清洗后  ：skinveilbase_ex紫色 → 隔离霜雪纱隔离乳妆前防晒紫色绿色新升级
品名匹配：词袋(100.0%) | ✅
结果    ：✅ PASS | 原因：所有检查通过
============================================================
🔧 标题包含多规格 (容量:{'30'}, 色号:{'40', '60'})，尝试进入规格面板匹配...

[DEBUG][get_sku_price_auto] 开始匹配，搜索词: 'Laneige Skin Veil Base_EX No.40 30ml紫色'
[DEBUG][get_sku_identifiers] 提取标识: ['skin veil base ex no', 'skin', 'veil', 'base', '30ml']
[DEBUG][get_sku_price_auto] 未找到已选节点，尝试点击规格...
[DEBUG][_click_sku_by_identifier] 尝试点击标识: 'skin veil base ex no'
[DEBUG][_click_sku_by_identifier] 尝试点击标识: 'skin'
[DEBUG][_click_sku_by_identifier] 尝试点击标识: 'veil'
[DEBUG][_click_sku_by_identifier] 尝试点击标识: 'base'
[DEBUG][get_sku_price_auto] 所有标识尝试完毕，仍无价格
⚠️ 规格匹配未获取到有效价格，已记录为匹配失败，校验结果强制为不通过

================================================================================
货品名称：【兰芝】隔离霜雪纱丝柔隔离乳妆前防晒遮瑕30ml#40紫色60绿色新升级
关键词：Laneige Skin Veil Base_EX No.40 30ml紫色
原价：101.0 | 现价：101.0
匹配规格：匹配失败 | 规格价格：
百亿补贴：否 | 日期：2025-04-19
校验通过：❌ False
================================================================================
--- 进入商品 2/3 ---
============================================================
搜索词 ：Laneige Skin Veil Base_EX No.40 30ml紫色
商品名 ：【正品行货】Laneige/兰芝雪纱隔离霜紫色防晒遮瑕三合一妆前乳
品牌    ：兰芝 → 兰芝 | ✅
容量规格：{'30'} → set() | ❌
色号    ：set() → set()
浓度    ： →  | ✅
简装    ： →  | ✅
套装    ：不含 → 不含 | ✅
清洗后  ：skinveilbase_ex紫色 → 雪纱隔离霜紫色防晒三合一妆前乳
品名匹配：词袋(100.0%) | ✅
结果    ：❌ FAIL | 原因：规格不匹配
============================================================
🔧 校验失败原因为规格不匹配，尝试进入规格面板匹配...

[DEBUG][get_sku_price_auto] 开始匹配，搜索词: 'Laneige Skin Veil Base_EX No.40 30ml紫色'
[DEBUG][get_sku_identifiers] 提取标识: ['skin veil base ex no', 'skin', 'veil', 'base', '30ml']
[DEBUG][get_sku_price_auto] 当前已选规格匹配，价格: 109
✅ 规格匹配成功，且品名已匹配，校验通过

================================================================================
货品名称：【正品行货】Laneige/兰芝雪纱隔离霜紫色防晒遮瑕三合一妆前乳
关键词：Laneige Skin Veil Base_EX No.40 30ml紫色
原价：109.0 | 现价：109
匹配规格：已选择： 【修饰暗黄】新版兰芝紫隔离30ml+小礼品 | 规格价格：109
百亿补贴：否 | 日期：2025-01-01
校验通过：✅ True
================================================================================
--- 进入商品 3/3 ---
============================================================
搜索词 ：Laneige Skin Veil Base_EX No.40 30ml紫色
商品名 ：【Laneige】兰芝雪纱隔离妆前乳防晒打底提亮遮瑕持妆素颜正品双支装
品牌    ：兰芝 → 兰芝 | ✅
容量规格：{'30'} → set() | ❌
色号    ：set() → set()
浓度    ： →  | ✅
简装    ： →  | ✅
套装    ：不含 → 不含 | ✅
清洗后  ：skinveilbase_ex紫色 → 雪纱隔离妆前乳防晒打底提亮持妆素颜
品名匹配：LCS子序列(0.0%) | ❌
结果    ：❌ FAIL | 原因：规格不匹配；品名相似不足(ratio=0.0%)
============================================================
🔧 校验失败原因为规格不匹配，尝试进入规格面板匹配...

[DEBUG][get_sku_price_auto] 开始匹配，搜索词: 'Laneige Skin Veil Base_EX No.40 30ml紫色'
[DEBUG][get_sku_identifiers] 提取标识: ['skin veil base ex no', 'skin', 'veil', 'base', '30ml']
[DEBUG][get_sku_price_auto] 当前已选规格匹配，价格: 165
⚠️ 规格匹配成功但品名不匹配，校验仍不通过

================================================================================
货品名称：【Laneige】兰芝雪纱隔离妆前乳防晒打底提亮遮瑕持妆素颜正品双支装
关键词：Laneige Skin Veil Base_EX No.40 30ml紫色
原价：165.0 | 现价：165
匹配规格：已选择： 30mL 修黄提亮丨40号紫色#双支装 | 规格价格：165
百亿补贴：否 | 日期：2025-04-24
校验通过：❌ False
================================================================================
✅ 优先级 1 中已有商品通过校验，停止降级
📁 采集记录已保存，总行数：451
📋 校验记录已保存，总记录数：458
✅ 序号 640 已标记为已采集

⏸ 等待 1 秒后继续...
⏳ 等待下一个商品：[██████████████████████████████] 100% (1/1s)

🔍 搜索：Maison Margiela 马丁马吉拉 慵懒周末淡香水 100ml

===== 优先级 4，共 2 个商品 =====
--- 进入商品 1/2 ---
============================================================
搜索词 ：Maison Margiela 马丁马吉拉 慵懒周末淡香水 100ml
商品名 ：海外直邮Maison Margiela 梅森马吉拉乌木星尘淡香水100ml【5天内发货】
品牌    ：梅森马吉拉 → 梅森马吉拉 | ✅
容量规格：{'100'} → {'100'} | ✅
色号    ：set() → set()
浓度    ：淡香 → 淡香 | ✅
简装    ： →  | ✅
套装    ：不含 → 不含 | ✅
清洗后  ：慵懒周末水 → 海外乌木星尘水
品名匹配：LCS子序列(20.0%) | ❌
结果    ：❌ FAIL | 原因：品名相似不足(ratio=20.0%)
============================================================

================================================================================
货品名称：海外直邮Maison Margiela 梅森马吉拉乌木星尘淡香水100ml【5天内发货】
关键词：Maison Margiela 马丁马吉拉 慵懒周末淡香水 100ml
原价：589.0 | 现价：364.0
百亿补贴：是 | 日期：2023-11-30
校验通过：❌ False
================================================================================
--- 进入商品 2/2 ---
============================================================
搜索词 ：Maison Margiela 马丁马吉拉 慵懒周末淡香水 100ml
商品名 ：海外直邮Maison Margiela 马丁马吉拉 慵懒周末淡香水 100ml【5天内发货】
品牌    ：梅森马吉拉 → 梅森马吉拉 | ✅
容量规格：{'100'} → {'100'} | ✅
色号    ：set() → set()
浓度    ：淡香 → 淡香 | ✅
简装    ： →  | ✅
套装    ：不含 → 不含 | ✅
清洗后  ：慵懒周末水 → 海外慵懒周末水
品名匹配：词袋(100.0%) | ✅
结果    ：✅ PASS | 原因：所有检查通过
============================================================

================================================================================
货品名称：海外直邮Maison Margiela 马丁马吉拉 慵懒周末淡香水 100ml【5天内发货】
关键词：Maison Margiela 马丁马吉拉 慵懒周末淡香水 100ml
原价：490.0 | 现价：364.0
百亿补贴：是 | 日期：2024-12-01
校验通过：✅ True
================================================================================
✅ 优先级 4 中已有商品通过校验，停止降级
📁 采集记录已保存，总行数：456
📋 校验记录已保存，总记录数：460
✅ 序号 641 已标记为已采集

⏸ 等待 1 秒后继续...
⏳ 等待下一个商品：[██████████████████████████████] 100% (1/1s)

🔍 搜索：POLA抗糖护发素540g

===== 优先级 2，共 2 个商品 =====
--- 进入商品 1/2 ---
============================================================
搜索词 ：POLA抗糖护发素540g
商品名 ：【POLA】宝丽馥美洗发水护发素 控油蓬松抗糖清洁清爽去屑无硅油
品牌    ：宝丽 → 宝丽 | ✅
容量规格：{'540'} → set() | ❌
色号    ：set() → set()
浓度    ： →  | ✅
简装    ： →  | ✅
套装    ：不含 → 不含 | ✅
清洗后  ：抗糖护发素 → 馥美洗发水护发素蓬松抗糖清洁去屑无硅油
品名匹配：词袋(75.0%) | ✅
结果    ：❌ FAIL | 原因：规格不匹配
============================================================
🔧 校验失败原因为规格不匹配，尝试进入规格面板匹配...

[DEBUG][get_sku_price_auto] 开始匹配，搜索词: 'POLA抗糖护发素540g'
[DEBUG][get_sku_identifiers] 提取标识: ['540g']
[DEBUG][get_sku_price_auto] 当前已选规格不匹配，尝试点击规格...
[DEBUG] 容量 540g 找到 1 个控件
[DEBUG] 点击唯一容量控件: 540g
[DEBUG] 容量 540g 匹配成功，价格: 97.8
✅ 规格匹配成功，且品名已匹配，校验通过

================================================================================
货品名称：【POLA】宝丽馥美洗发水护发素 控油蓬松抗糖清洁清爽去屑无硅油
关键词：POLA抗糖护发素540g
原价：None | 现价：97.8
匹配规格：已选择： 宝丽馥美护发素 蓬松型 540g | 规格价格：97.8
百亿补贴：否 | 日期：
校验通过：✅ True
================================================================================
--- 进入商品 2/2 ---
============================================================
搜索词 ：POLA抗糖护发素540g
商品名 ：【全球购正品】宝丽馥美修护护发素(充盈型) 540g
品牌    ：宝丽 → 宝丽 | ✅
容量规格：{'540'} → {'540'} | ✅
色号    ：set() → set()
浓度    ： →  | ✅
简装    ： →  | ✅
套装    ：不含 → 不含 | ✅
清洗后  ：抗糖护发素 → 馥美护发素
品名匹配：词袋(50.0%) | ✅
结果    ：✅ PASS | 原因：所有检查通过
============================================================

================================================================================
货品名称：【全球购正品】宝丽馥美修护护发素(充盈型) 540g
关键词：POLA抗糖护发素540g
原价：99.0 | 现价：99.0
百亿补贴：否 | 日期：2025-01-01
校验通过：✅ True
================================================================================
✅ 优先级 2 中已有商品通过校验，停止降级
📁 采集记录已保存，总行数：460
📋 校验记录已保存，总记录数：462
✅ 序号 642 已标记为已采集

⏸ 等待 1 秒后继续...
⏳ 等待下一个商品：[██████████████████████████████] 100% (1/1s)

🔍 搜索：SK-II 护肤精华露30ml

===== 优先级 4，共 1 个商品 =====
--- 进入商品 1/1 ---
============================================================
搜索词 ：SK-II 护肤精华露30ml
商品名 ：【正品行货】SK-II光蕴恒璨焕亮精华露30ml 新款小灯泡精华
品牌    ：SK-II → SK-II | ✅
容量规格：{'30'} → {'30'} | ✅
色号    ：set() → set()
浓度    ： →  | ✅
简装    ： →  | ✅
套装    ：不含 → 不含 | ✅
清洗后  ：护肤露 → 光蕴恒璨露新小灯泡
品名匹配：LCS子序列(33.3%) | ✅
结果    ：✅ PASS | 原因：所有检查通过
============================================================

================================================================================
货品名称：【正品行货】SK-II光蕴恒璨焕亮精华露30ml 新款小灯泡精华
关键词：SK-II 护肤精华露30ml
原价：750.0 | 现价：632.69
百亿补贴：是 | 日期：2025-08-01
校验通过：✅ True
================================================================================
✅ 优先级 4 中已有商品通过校验，停止降级
📁 采集记录已保存，总行数：463
📋 校验记录已保存，总记录数：463
✅ 序号 643 已标记为已采集

⏸ 等待 1 秒后继续...
⏳ 等待下一个商品：[██████████████████████████████] 100% (1/1s)
🎉 全部采集完成！
