📋 日志已保存至：logs/console_20260910_115854.log
🚀 启动采集 + 品牌规格品名四重校验
✅ 总商品数：643 | 待采集：90

🔍 搜索：迪奥 真我滚珠EDP 20ml

===== 优先级 4，共 1 个商品 =====
--- 进入商品 1/1 ---
============================================================
搜索词 ：迪奥 真我滚珠EDP 20ml
商品名 ：【Dior】迪奥真我缪丝浓香滚珠香水20ml EDP清新花香调送女友【5天内发货】
品牌    ：迪奥 → 迪奥 | ✅
容量规格：{'20'} → {'20'} | ✅
色号    ：set() → set()
浓度    ：浓香 → 浓香 | ✅
简装    ： →  | ✅
套装    ：不含 → 不含 | ✅
清洗后  ：真我滚珠 → 真我缪丝滚珠送女友
品名匹配：词袋(66.7%) | ✅
结果    ：✅ PASS | 原因：所有检查通过
============================================================

================================================================================
货品名称：【Dior】迪奥真我缪丝浓香滚珠香水20ml EDP清新花香调送女友【5天内发货】
关键词：迪奥 真我滚珠EDP 20ml
原价：418.0 | 现价：418.0
百亿补贴：是 | 日期：2024-12-01
校验通过：✅ True
================================================================================
✅ 优先级 4 中已有商品通过校验，停止降级
📁 采集记录已保存，总行数：274
📋 校验记录已保存，总记录数：283
✅ 序号 553 已标记为已采集

⏸ 等待 1 秒后继续...
⏳ 等待下一个商品：[██████████████████████████████] 100% (1/1s)

🔍 搜索：迪奥 真我滚珠EDT 20ml

===== 优先级 4，共 1 个商品 =====
--- 进入商品 1/1 ---
============================================================
搜索词 ：迪奥 真我滚珠EDT 20ml
商品名 ：【Dior】迪奥真我淡香滚珠20mlEDT清新花果丝滑圆珠随身补香小巧便携【5天内发货】
品牌    ：迪奥 → 迪奥 | ✅
容量规格：{'20'} → {'20'} | ✅
色号    ：set() → set()
浓度    ： → 淡香 | ✅
简装    ： →  | ✅
套装    ：不含 → 不含 | ✅
清洗后  ：真我滚珠 → 真我滚珠花果丝滑圆珠随身补香小巧便携
品名匹配：词袋(100.0%) | ✅
结果    ：✅ PASS | 原因：所有检查通过
============================================================

================================================================================
货品名称：【Dior】迪奥真我淡香滚珠20mlEDT清新花果丝滑圆珠随身补香小巧便携【5天内发货】
关键词：迪奥 真我滚珠EDT 20ml
原价：273.0 | 现价：273.0
百亿补贴：是 | 日期：2024-12-01
校验通过：✅ True
================================================================================
✅ 优先级 4 中已有商品通过校验，停止降级
📁 采集记录已保存，总行数：276
📋 校验记录已保存，总记录数：284
✅ 序号 554 已标记为已采集

⏸ 等待 1 秒后继续...
⏳ 等待下一个商品：[██████████████████████████████] 100% (1/1s)

🔍 搜索：迪奥 真我身体乳200ml（24年款）

===== 优先级 2，共 2 个商品 =====
--- 进入商品 1/2 ---
============================================================
搜索词 ：迪奥 真我身体乳200ml（24年款）
商品名 ：【正品行货】Dior/迪奥真我润体乳 200ml 水润保湿身体乳浴后乳
品牌    ：迪奥 → 迪奥 | ✅
容量规格：{'200'} → {'200'} | ✅
色号    ：set() → set()
浓度    ： →  | ✅
简装    ： →  | ✅
套装    ：不含 → 不含 | ✅
清洗后  ：真我身体乳 → 真我润体乳水润身体乳浴后乳
品名匹配：词袋(75.0%) | ✅
结果    ：✅ PASS | 原因：所有检查通过
============================================================

================================================================================
货品名称：【正品行货】Dior/迪奥真我润体乳 200ml 水润保湿身体乳浴后乳
关键词：迪奥 真我身体乳200ml（24年款）
原价：620.0 | 现价：620.0
百亿补贴：否 | 日期：
校验通过：✅ True
================================================================================
--- 进入商品 2/2 ---
============================================================
搜索词 ：迪奥 真我身体乳200ml（24年款）
商品名 ：【正品行货】Dior/迪奥真我润体乳 200ml 水润保湿身体乳浴后乳
品牌    ：迪奥 → 迪奥 | ✅
容量规格：{'200'} → {'200'} | ✅
色号    ：set() → set()
浓度    ： →  | ✅
简装    ： →  | ✅
套装    ：不含 → 不含 | ✅
清洗后  ：真我身体乳 → 真我润体乳水润身体乳浴后乳
品名匹配：词袋(75.0%) | ✅
结果    ：✅ PASS | 原因：所有检查通过
============================================================

================================================================================
货品名称：【正品行货】Dior/迪奥真我润体乳 200ml 水润保湿身体乳浴后乳
关键词：迪奥 真我身体乳200ml（24年款）
原价：620.0 | 现价：620.0
百亿补贴：否 | 日期：
校验通过：✅ True
================================================================================
✅ 优先级 2 中已有商品通过校验，停止降级
📁 采集记录已保存，总行数：278
📋 校验记录已保存，总记录数：286
✅ 序号 555 已标记为已采集

⏸ 等待 1 秒后继续...
⏳ 等待下一个商品：[██████████████████████████████] 100% (1/1s)

🔍 搜索：迪奥 真我香发喷雾40ml

===== 优先级 4，共 3 个商品 =====
--- 进入商品 1/3 ---
============================================================
搜索词 ：迪奥 真我香发喷雾40ml
商品名 ：【Dior】迪奥迪奥小姐浓香EDP发香喷雾 30ml 呵护秀发持久留香【5天内发货】
品牌    ：迪奥 → 迪奥 | ✅
容量规格：{'40'} → {'30'} | ❌
色号    ：set() → set()
浓度    ： → 浓香 | ✅
简装    ： →  | ✅
套装    ：不含 → 不含 | ✅
清洗后  ：真我香发喷雾 → 小姐发香喷雾呵护秀发
品名匹配：LCS子序列(50.0%) | ✅
结果    ：❌ FAIL | 原因：规格不匹配
============================================================
🔧 校验失败原因为规格不匹配，尝试进入规格面板匹配...

[DEBUG][get_sku_price_auto] 开始匹配，搜索词: '迪奥 真我香发喷雾40ml'
[DEBUG][get_sku_identifiers] 提取标识: ['40ml']
[DEBUG][get_sku_price_auto] 当前已选规格不匹配，尝试点击规格...
[DEBUG][get_sku_price_auto] 所有标识尝试完毕，仍无价格
⚠️ 规格匹配未获取到有效价格，已记录为匹配失败，校验结果强制为不通过

================================================================================
货品名称：【Dior】迪奥迪奥小姐浓香EDP发香喷雾 30ml 呵护秀发持久留香【5天内发货】
关键词：迪奥 真我香发喷雾40ml
原价：409.0 | 现价：409.0
匹配规格：匹配失败 | 规格价格：
百亿补贴：是 | 日期：2025-01-01
校验通过：❌ False
================================================================================
--- 进入商品 2/3 ---
============================================================
搜索词 ：迪奥 真我香发喷雾40ml
商品名 ：【累计热销95.5万+件】DIOR迪奥小姐香氛发香喷雾清新花香调护发香水香精PARFUM【5天内发货】
品牌    ：迪奥 → 迪奥 | ✅
容量规格：{'40'} → set() | ❌
色号    ：set() → set()
浓度    ： → 浓香 | ✅
简装    ： →  | ✅
套装    ：不含 → 不含 | ✅
清洗后  ：真我香发喷雾 → 小姐发香喷雾护发香精parfum
品名匹配：LCS子序列(50.0%) | ✅
结果    ：❌ FAIL | 原因：规格不匹配
============================================================
🔧 校验失败原因为规格不匹配，尝试进入规格面板匹配...

[DEBUG][get_sku_price_auto] 开始匹配，搜索词: '迪奥 真我香发喷雾40ml'
[DEBUG][get_sku_identifiers] 提取标识: ['40ml']
[DEBUG][get_sku_price_auto] 当前已选规格不匹配，尝试点击规格...
[DEBUG][get_sku_price_auto] 所有标识尝试完毕，仍无价格
⚠️ 规格匹配未获取到有效价格，已记录为匹配失败，校验结果强制为不通过

================================================================================
货品名称：【累计热销95.5万+件】DIOR迪奥小姐香氛发香喷雾清新花香调护发香水香精PARFUM【5天内发货】
关键词：迪奥 真我香发喷雾40ml
原价：401.0 | 现价：401.0
匹配规格：匹配失败 | 规格价格：
百亿补贴：是 | 日期：2025-01-01
校验通过：❌ False
================================================================================
--- 进入商品 3/3 ---
============================================================
搜索词 ：迪奥 真我香发喷雾40ml
商品名 ：
品牌    ：迪奥 → 未匹配 | ❌
容量规格：{'40'} → set() | ❌
色号    ：set() → set()
浓度    ： →  | ✅
简装    ： →  | ✅
套装    ：不含 → 不含 | ✅
清洗后  ：真我香发喷雾 → 
品名匹配：LCS子序列(0.0%) | ❌
结果    ：❌ FAIL | 原因：品牌不一致；规格不匹配；品名相似不足(ratio=0.0%)
============================================================
🔧 校验失败原因为规格不匹配，尝试进入规格面板匹配...

[DEBUG][get_sku_price_auto] 开始匹配，搜索词: '迪奥 真我香发喷雾40ml'
[DEBUG][get_sku_identifiers] 提取标识: ['40ml']
[DEBUG][get_sku_price_auto] 未找到已选节点，尝试点击规格...
[DEBUG][get_sku_price_auto] 所有标识尝试完毕，仍无价格
⚠️ 规格匹配未获取到有效价格，已记录为匹配失败，校验结果强制为不通过

================================================================================
货品名称：
关键词：迪奥 真我香发喷雾40ml
原价：None | 现价：None
匹配规格：匹配失败 | 规格价格：
百亿补贴：否 | 日期：
校验通过：❌ False
================================================================================
⚠️ 优先级 4 全部未通过，尝试下一优先级

===== 优先级 2，共 2 个商品 =====
--- 进入商品 1/2 ---
============================================================
搜索词 ：迪奥 真我香发喷雾40ml
商品名 ：【迈洁斯】呋虫胺杀虫剂免稀释杀虫喷雾蟑螂药室内家用蜚蠊蚂蚁药微毒
品牌    ：迪奥 → 未匹配 | ❌
容量规格：{'40'} → set() | ❌
色号    ：set() → set()
浓度    ： →  | ✅
简装    ： →  | ✅
套装    ：不含 → 不含 | ✅
清洗后  ：真我香发喷雾 → 呋虫胺杀虫剂免稀释杀虫喷雾蟑螂药室内家用蜚蠊蚂蚁药微毒
品名匹配：LCS子序列(33.3%) | ✅
结果    ：❌ FAIL | 原因：品牌不一致；规格不匹配
============================================================
🔧 校验失败原因为规格不匹配，尝试进入规格面板匹配...

[DEBUG][get_sku_price_auto] 开始匹配，搜索词: '迪奥 真我香发喷雾40ml'
[DEBUG][get_sku_identifiers] 提取标识: ['40ml']
[DEBUG][get_sku_price_auto] 当前已选规格不匹配，尝试点击规格...
[DEBUG][get_sku_price_auto] 所有标识尝试完毕，仍无价格
⚠️ 规格匹配未获取到有效价格，已记录为匹配失败，校验结果强制为不通过

================================================================================
货品名称：【迈洁斯】呋虫胺杀虫剂免稀释杀虫喷雾蟑螂药室内家用蜚蠊蚂蚁药微毒
关键词：迪奥 真我香发喷雾40ml
原价：None | 现价：None
匹配规格：匹配失败 | 规格价格：
百亿补贴：否 | 日期：2026-01-31
校验通过：❌ False
================================================================================
--- 进入商品 2/2 ---
============================================================
搜索词 ：迪奥 真我香发喷雾40ml
商品名 ：
品牌    ：迪奥 → 未匹配 | ❌
容量规格：{'40'} → set() | ❌
色号    ：set() → set()
浓度    ： →  | ✅
简装    ： →  | ✅
套装    ：不含 → 不含 | ✅
清洗后  ：真我香发喷雾 → 
品名匹配：LCS子序列(0.0%) | ❌
结果    ：❌ FAIL | 原因：品牌不一致；规格不匹配；品名相似不足(ratio=0.0%)
============================================================
Traceback (most recent call last):
  File "/Users/vincentli/PycharmProjects/PythonProject/2026-4 群控/yolo/整合详情页采集/采集10.4 日志.py", line 849, in <module>
    main()
  File "/Users/vincentli/PycharmProjects/PythonProject/2026-4 群控/yolo/整合详情页采集/采集10.4 日志.py", line 834, in main
    select_and_collect_best_product(kw, idx)
  File "/Users/vincentli/PycharmProjects/PythonProject/2026-4 群控/yolo/整合详情页采集/采集10.4 日志.py", line 778, in select_and_collect_best_product
    res = collect_single_product(search_word, serial_num, p["tags"])
  File "/Users/vincentli/PycharmProjects/PythonProject/2026-4 群控/yolo/整合详情页采集/采集10.4 日志.py", line 609, in collect_single_product
    detail = find_and_click_detail()
  File "/Users/vincentli/PycharmProjects/PythonProject/2026-4 群控/yolo/整合详情页采集/采集10.4 日志.py", line 558, in find_and_click_detail
    time.sleep(0.8)
KeyboardInterrupt
