📋 日志已保存至：logs/console_20260911_121952.log
🚀 启动采集 + 品牌规格品名四重校验
✅ 总商品数：10 | 待采集：10

🔍 搜索：Loccitane欧舒丹 玫瑰护手霜30ml新版

===== 优先级 2，共 1 个商品 =====
--- 进入商品 1/1 ---
============================================================
搜索词 ：Loccitane欧舒丹 玫瑰护手霜30ml新版
商品名 ：正品行货欧舒丹玫香之心玫瑰香氛护手霜30ml
品牌    ：欧舒丹 → 欧舒丹 | ✅
容量规格：{'30'} → {'30'} | ✅
色号    ：{'玫瑰'} → {'玫瑰'}
浓度    ： →  | ✅
简装    ： →  | ✅
套装    ：不含 → 不含 | ✅
清洗后  ：护手霜新 → 行货玫香之心护手霜
品名匹配：词袋(66.7%) | ✅
结果    ：✅ PASS | 原因：所有检查通过
============================================================

================================================================================
货品名称：正品行货欧舒丹玫香之心玫瑰香氛护手霜30ml
关键词：Loccitane欧舒丹 玫瑰护手霜30ml新版
原价：95.0 | 现价：95.0
百亿补贴：否 | 日期：2025-08-27
校验通过：✅ True
================================================================================
✅ 优先级 2 中已有商品通过校验，停止降级
📁 采集记录已保存，总行数：447
📋 校验记录已保存，总记录数：464
✅ 序号 478 已标记为已采集

⏸ 等待 1 秒后继续...
⏳ 等待下一个商品：[██████████████████████████████] 100% (1/1s)

🔍 搜索：SK2光韵清透CC霜绿色50g

===== 优先级 4，共 1 个商品 =====
--- 进入商品 1/1 ---
============================================================
搜索词 ：SK2光韵清透CC霜绿色50g
商品名 ：【正品行货】SK-II小贝壳光蕴轻透CC霜30g 防晒修护隔离遮瑕妆前
品牌    ：SK-II → SK-II | ✅
容量规格：{'50'} → {'30'} | ❌
色号    ：{'绿色'} → set()
浓度    ： →  | ✅
简装    ： →  | ✅
套装    ：不含 → 不含 | ✅
清洗后  ：光韵cc霜绿色 → 小贝壳光蕴轻透cc霜防晒隔离妆前
品名匹配：LCS子序列(57.1%) | ✅
结果    ：❌ FAIL | 原因：规格不匹配
============================================================
🔧 校验失败原因为规格不匹配，尝试进入规格面板匹配...

[DEBUG][get_sku_price_auto] 开始匹配，搜索词: 'SK2光韵清透CC霜绿色50g'
[DEBUG][get_sku_identifiers] 提取中文颜色标识: 绿
[DEBUG][get_sku_identifiers] 提取标识: ['绿色', 'cc', '50g', '绿']
[DEBUG][get_sku_price_auto] 当前已选规格匹配，价格: 281
✅ 规格匹配成功，且品名已匹配，校验通过

================================================================================
货品名称：【正品行货】SK-II小贝壳光蕴轻透CC霜30g 防晒修护隔离遮瑕妆前
关键词：SK2光韵清透CC霜绿色50g
原价：360.0 | 现价：281
匹配规格：已选择： CC霜 自然色 30g | 规格价格：281
百亿补贴：是 | 日期：2026-01-01
校验通过：✅ True
================================================================================
✅ 优先级 4 中已有商品通过校验，停止降级
📁 采集记录已保存，总行数：449
📋 校验记录已保存，总记录数：465
✅ 序号 489 已标记为已采集

⏸ 等待 1 秒后继续...
⏳ 等待下一个商品：[██████████████████████████████] 100% (1/1s)

🔍 搜索：SK2光韵清透全效防晒透明色50g

===== 优先级 2，共 2 个商品 =====
--- 进入商品 1/2 ---
============================================================
搜索词 ：SK2光韵清透全效防晒透明色50g
商品名 ：【正品行货】SK-II小贝壳透明色30ml高倍防晒光蕴焕亮CC霜妆前
品牌    ：SK-II → SK-II | ✅
容量规格：{'50'} → {'30'} | ✅
色号    ：{'透明色'} → {'透明色'}
浓度    ： →  | ✅
简装    ： →  | ✅
套装    ：不含 → 不含 | ✅
清洗后  ：光韵全效防晒透明色 → 小贝壳透明色高倍防晒光蕴cc霜妆前
品名匹配：词袋(37.5%) | ✅
结果    ：✅ PASS | 原因：所有检查通过
============================================================

================================================================================
货品名称：【正品行货】SK-II小贝壳透明色30ml高倍防晒光蕴焕亮CC霜妆前
关键词：SK2光韵清透全效防晒透明色50g
原价：321.0 | 现价：321.0
百亿补贴：否 | 日期：2025-06-01
校验通过：✅ True
================================================================================
--- 进入商品 2/2 ---
============================================================
搜索词 ：SK2光韵清透全效防晒透明色50g
商品名 ：【SK-II】光感焕白小贝壳美白防晒光蕴清透CC霜修护隔离遮瑕妆前30g【5天内发货】
品牌    ：SK-II → SK-II | ✅
容量规格：{'50'} → {'30'} | ❌
色号    ：{'透明色'} → set()
浓度    ： →  | ✅
简装    ： →  | ✅
套装    ：不含 → 不含 | ✅
清洗后  ：光韵全效防晒透明色 → 焕白小贝壳美白防晒光蕴cc霜隔离妆前
品名匹配：LCS子序列(22.2%) | ❌
结果    ：❌ FAIL | 原因：规格不匹配；品名相似不足(ratio=22.2%)
============================================================
🔧 校验失败原因为规格不匹配，尝试进入规格面板匹配...

[DEBUG][get_sku_price_auto] 开始匹配，搜索词: 'SK2光韵清透全效防晒透明色50g'
[DEBUG][get_sku_identifiers] 提取中文颜色标识: 透明
[DEBUG][get_sku_identifiers] 提取标识: ['透明色', '50g', '透明']
[DEBUG][get_sku_price_auto] 未找到已选节点，尝试点击规格...
[DEBUG][_click_sku_by_identifier] 尝试点击标识: '透明色'
[DEBUG] 色号 透明色 匹配成功，价格: 386
⚠️ 规格匹配成功但品名不匹配，校验仍不通过

================================================================================
货品名称：【SK-II】光感焕白小贝壳美白防晒光蕴清透CC霜修护隔离遮瑕妆前30g【5天内发货】
关键词：SK2光韵清透全效防晒透明色50g
原价：386.0 | 现价：386
匹配规格：已选择： 【小贝壳】透明色 30g | 规格价格：386
百亿补贴：否 | 日期：
校验通过：❌ False
================================================================================
✅ 优先级 2 中已有商品通过校验，停止降级
📁 采集记录已保存，总行数：452
📋 校验记录已保存，总记录数：467
✅ 序号 490 已标记为已采集

⏸ 等待 1 秒后继续...
⏳ 等待下一个商品：[██████████████████████████████] 100% (1/1s)

🔍 搜索：黛珂四色散粉101

===== 优先级 4，共 2 个商品 =====
--- 进入商品 1/2 ---
============================================================
搜索词 ：黛珂四色散粉101
商品名 ：新款Cosme Decorte黛珂丝柔容光控油调光师定妆散粉
品牌    ：黛珂 → 黛珂 | ✅
容量规格：set() → set() | ❌
色号    ：{'101'} → set()
浓度    ： →  | ✅
简装    ： →  | ✅
套装    ：不含 → 不含 | ✅
清洗后  ：四色散粉 → 新cosme容光调光师定妆散粉
品名匹配：词袋(33.3%) | ✅
结果    ：❌ FAIL | 原因：规格不匹配
============================================================
🔧 校验失败原因为规格不匹配，尝试进入规格面板匹配...

[DEBUG][get_sku_price_auto] 开始匹配，搜索词: '黛珂四色散粉101'
[DEBUG][get_sku_identifiers] 提取标识: ['101']
[DEBUG][get_sku_price_auto] 当前已选规格不匹配，尝试点击规格...
[DEBUG][_click_sku_by_identifier] 尝试点击标识: '101'
[DEBUG][get_sku_price_auto] 所有标识尝试完毕，仍无价格
⚠️ 规格匹配未获取到有效价格，已记录为匹配失败，校验结果强制为不通过

================================================================================
货品名称：新款Cosme Decorte黛珂丝柔容光控油调光师定妆散粉
关键词：黛珂四色散粉101
原价：123.0 | 现价：109.0
匹配规格：匹配失败 | 规格价格：
百亿补贴：是 | 日期：2025-02-01
校验通过：❌ False
================================================================================
--- 进入商品 2/2 ---
============================================================
搜索词 ：黛珂四色散粉101
商品名 ：新版黛珂蜜粉#101色心悦容光幻纱定妆散粉16g透亮持久持妆油皮
品牌    ：黛珂 → 黛珂 | ✅
容量规格：set() → {'16'} | ✅
色号    ：{'101'} → {'101'}
浓度    ： →  | ✅
简装    ： →  | ✅
套装    ：不含 → 不含 | ✅
清洗后  ：四色散粉 → 新蜜粉色心悦容光幻纱定妆散粉透亮持妆
品名匹配：词袋(33.3%) | ✅
结果    ：✅ PASS | 原因：所有检查通过
============================================================

================================================================================
货品名称：新版黛珂蜜粉#101色心悦容光幻纱定妆散粉16g透亮持久持妆油皮
关键词：黛珂四色散粉101
原价：159.0 | 现价：109.0
百亿补贴：是 | 日期：2024-10-01
校验通过：✅ True
================================================================================
✅ 优先级 4 中已有商品通过校验，停止降级
📁 采集记录已保存，总行数：455
📋 校验记录已保存，总记录数：469
✅ 序号 511 已标记为已采集

⏸ 等待 1 秒后继续...
⏳ 等待下一个商品：[██████████████████████████████] 100% (1/1s)

🔍 搜索：迪奥 花漾甜心香体喷雾100ml

===== 优先级 4，共 1 个商品 =====
--- 进入商品 1/1 ---
⚠️ 单例规则命中：花漾甜心 喷雾 vs 香水，强制不通过
============================================================
搜索词 ：迪奥 花漾甜心香体喷雾100ml
商品名 ：【Dior】迪奥 花漾甜心淡香水EDT 全新瓶身 花香女士礼物30/50/100ml【5天内发货】
品牌    ：迪奥 → 迪奥 | ✅
容量规格：{'100'} → {'100', '50', '30'} | ✅
色号    ：set() → set()
浓度    ： → 淡香 | ✅
简装    ： →  | ✅
套装    ：不含 → 不含 | ✅
清洗后  ：花漾甜心香体喷雾 → 花漾甜心水全新瓶身花香女士礼物
品名匹配：词袋(42.9%) | ❌
结果    ：❌ FAIL | 原因：品名相似不足(ratio=42.9%)（单例规则：搜索词为'喷雾'，标题为'香水'，形态不符）
============================================================
🔧 标题包含多规格 (容量:{'100', '50', '30'}, 色号:set())，尝试进入规格面板匹配...

[DEBUG][get_sku_price_auto] 开始匹配，搜索词: '迪奥 花漾甜心香体喷雾100ml'
[DEBUG][get_sku_identifiers] 提取标识: ['100ml']
[DEBUG][get_sku_price_auto] 当前已选规格不匹配，尝试点击规格...
[DEBUG][get_sku_price_auto] 所有标识尝试完毕，仍无价格
⚠️ 规格匹配未获取到有效价格，已记录为匹配失败，校验结果强制为不通过

================================================================================
货品名称：【Dior】迪奥 花漾甜心淡香水EDT 全新瓶身 花香女士礼物30/50/100ml【5天内发货】
关键词：迪奥 花漾甜心香体喷雾100ml
原价：599.0 | 现价：452.0
匹配规格：匹配失败 | 规格价格：
百亿补贴：是 | 日期：2024-12-01
校验通过：❌ False
================================================================================
⚠️ 优先级 4 全部未通过，尝试下一优先级
🔽 降级到全球购，返回顶部并重新识别（不自动下滑）

===== 优先级 1，共 3 个商品 =====
--- 进入商品 1/3 ---
============================================================
搜索词 ：迪奥 花漾甜心香体喷雾100ml
商品名 ：【Dior】迪奥 小姐花漾甜心香体喷雾100ml【法国直发】【5天内发货】
品牌    ：迪奥 → 迪奥 | ✅
容量规格：{'100'} → {'100'} | ✅
色号    ：set() → set()
浓度    ： →  | ✅
简装    ： →  | ✅
套装    ：不含 → 不含 | ✅
清洗后  ：花漾甜心香体喷雾 → 小姐花漾甜心香体喷雾
品名匹配：词袋(100.0%) | ✅
结果    ：✅ PASS | 原因：所有检查通过
============================================================

================================================================================
货品名称：【Dior】迪奥 小姐花漾甜心香体喷雾100ml【法国直发】【5天内发货】
关键词：迪奥 花漾甜心香体喷雾100ml
原价：334.0 | 现价：329.0
百亿补贴：否 | 日期：
校验通过：✅ True
================================================================================
--- 进入商品 2/3 ---
============================================================
搜索词 ：迪奥 花漾甜心香体喷雾100ml
商品名 ：【Dior】迪奥 小姐花漾甜心香体喷雾100ml 【法国直发】【5天内发货】
品牌    ：迪奥 → 迪奥 | ✅
容量规格：{'100'} → {'100'} | ✅
色号    ：set() → set()
浓度    ： →  | ✅
简装    ： →  | ✅
套装    ：不含 → 不含 | ✅
清洗后  ：花漾甜心香体喷雾 → 小姐花漾甜心香体喷雾
品名匹配：词袋(100.0%) | ✅
结果    ：✅ PASS | 原因：所有检查通过
============================================================

================================================================================
货品名称：【Dior】迪奥 小姐花漾甜心香体喷雾100ml 【法国直发】【5天内发货】
关键词：迪奥 花漾甜心香体喷雾100ml
原价：329.0 | 现价：329.0
百亿补贴：否 | 日期：
校验通过：✅ True
================================================================================
--- 进入商品 3/3 ---
============================================================
搜索词 ：迪奥 花漾甜心香体喷雾100ml
商品名 ：【Dior】迪奥 小姐花漾甜心香体喷雾100ml【法国直发】【5天内发货】
品牌    ：迪奥 → 迪奥 | ✅
容量规格：{'100'} → {'100'} | ✅
色号    ：set() → set()
浓度    ： →  | ✅
简装    ： →  | ✅
套装    ：不含 → 不含 | ✅
清洗后  ：花漾甜心香体喷雾 → 小姐花漾甜心香体喷雾
品名匹配：词袋(100.0%) | ✅
结果    ：✅ PASS | 原因：所有检查通过
============================================================

================================================================================
货品名称：【Dior】迪奥 小姐花漾甜心香体喷雾100ml【法国直发】【5天内发货】
关键词：迪奥 花漾甜心香体喷雾100ml
原价：334.0 | 现价：329.0
百亿补贴：否 | 日期：
校验通过：✅ True
================================================================================
✅ 优先级 1 中已有商品通过校验，停止降级
📁 采集记录已保存，总行数：460
📋 校验记录已保存，总记录数：473
✅ 序号 522 已标记为已采集

⏸ 等待 1 秒后继续...
⏳ 等待下一个商品：[██████████████████████████████] 100% (1/1s)

🔍 搜索：迪奥 真我EDT 100ml
🔽 降级到全球购，返回顶部并重新识别（不自动下滑）

===== 优先级 1，共 3 个商品 =====
--- 进入商品 1/3 ---
============================================================
搜索词 ：迪奥 真我EDT 100ml
商品名 ：DIOR/迪奥真我EDT女士淡香水100ml【5天内发货】
品牌    ：迪奥 → 迪奥 | ✅
容量规格：{'100'} → {'100'} | ✅
色号    ：set() → set()
浓度    ： → 淡香 | ✅
简装    ： →  | ✅
套装    ：不含 → 不含 | ✅
清洗后  ：真我 → 真我女士水
品名匹配：词袋(100.0%) | ✅
结果    ：✅ PASS | 原因：所有检查通过
============================================================

================================================================================
货品名称：DIOR/迪奥真我EDT女士淡香水100ml【5天内发货】
关键词：迪奥 真我EDT 100ml
原价：739.0 | 现价：739.0
百亿补贴：否 | 日期：
校验通过：✅ True
================================================================================
--- 进入商品 2/3 ---
============================================================
搜索词 ：迪奥 真我EDT 100ml
商品名 ：Dior/迪奥 真我香水EDT 100ml【5天内发货】
品牌    ：迪奥 → 迪奥 | ✅
容量规格：{'100'} → {'100'} | ✅
色号    ：set() → set()
浓度    ： →  | ✅
简装    ： →  | ✅
套装    ：不含 → 不含 | ✅
清洗后  ：真我 → 真我
品名匹配：词袋(100.0%) | ✅
结果    ：✅ PASS | 原因：所有检查通过
============================================================

================================================================================
货品名称：Dior/迪奥 真我香水EDT 100ml【5天内发货】
关键词：迪奥 真我EDT 100ml
原价：730.0 | 现价：730.0
百亿补贴：否 | 日期：
校验通过：✅ True
================================================================================
--- 进入商品 3/3 ---
============================================================
搜索词 ：迪奥 真我EDT 100ml
商品名 ：DIOR/迪奥真我女士EDT淡香水100ml经典清新花香调持久散香留香【5天内发货】
品牌    ：迪奥 → 迪奥 | ✅
容量规格：{'100'} → {'100'} | ✅
色号    ：set() → set()
浓度    ： → 淡香 | ✅
简装    ： →  | ✅
套装    ：不含 → 不含 | ✅
清洗后  ：真我 → 真我女士水经典散香
品名匹配：词袋(100.0%) | ✅
结果    ：✅ PASS | 原因：所有检查通过
============================================================

================================================================================
货品名称：DIOR/迪奥真我女士EDT淡香水100ml经典清新花香调持久散香留香【5天内发货】
关键词：迪奥 真我EDT 100ml
原价：None | 现价：750.0
百亿补贴：否 | 日期：
校验通过：✅ True
================================================================================
✅ 优先级 1 中已有商品通过校验，停止降级
📁 采集记录已保存，总行数：465
📋 校验记录已保存，总记录数：476
✅ 序号 550 已标记为已采集

⏸ 等待 1 秒后继续...
⏳ 等待下一个商品：[██████████████████████████████] 100% (1/1s)

🔍 搜索：范思哲 粉钻女士EDT30ml对装

===== 优先级 4，共 1 个商品 =====
--- 进入商品 1/1 ---
============================================================
搜索词 ：范思哲 粉钻女士EDT30ml对装
商品名 ：【VERSACE】范思哲香恋粉耀晶钻女士淡香水30ml花香调送女友礼物
品牌    ：范思哲 → 范思哲 | ✅
容量规格：{'30'} → {'30'} | ✅
色号    ：set() → set()
浓度    ： → 淡香 | ✅
简装    ： →  | ✅
套装    ：不含 → 不含 | ✅
清洗后  ：粉钻女士对装 → 香恋粉耀晶钻女士水送女友礼物
品名匹配：词袋(40.0%) | ✅
结果    ：✅ PASS | 原因：所有检查通过
============================================================

================================================================================
货品名称：【VERSACE】范思哲香恋粉耀晶钻女士淡香水30ml花香调送女友礼物
关键词：范思哲 粉钻女士EDT30ml对装
原价：229.0 | 现价：167.0
百亿补贴：是 | 日期：2024-08-01
校验通过：✅ True
================================================================================
✅ 优先级 4 中已有商品通过校验，停止降级
📁 采集记录已保存，总行数：468
📋 校验记录已保存，总记录数：477
✅ 序号 560 已标记为已采集

⏸ 等待 1 秒后继续...
⏳ 等待下一个商品：[██████████████████████████████] 100% (1/1s)

🔍 搜索：馥蕾诗睡莲焕肤水150ml

===== 优先级 2，共 1 个商品 =====
--- 进入商品 1/1 ---
============================================================
搜索词 ：馥蕾诗睡莲焕肤水150ml
商品名 ：【Fresh】馥蕾诗睡莲青春赋活焕肤水150ml#香港行货
品牌    ：馥蕾诗 → 馥蕾诗 | ✅
容量规格：{'150'} → {'150'} | ✅
色号    ：set() → set()
浓度    ： →  | ✅
简装    ： →  | ✅
套装    ：不含 → 不含 | ✅
清洗后  ：睡莲焕肤水 → 睡莲青春赋活焕肤水香港行货
品名匹配：词袋(75.0%) | ✅
结果    ：✅ PASS | 原因：所有检查通过
============================================================

================================================================================
货品名称：【Fresh】馥蕾诗睡莲青春赋活焕肤水150ml#香港行货
关键词：馥蕾诗睡莲焕肤水150ml
原价：225.0 | 现价：225.0
百亿补贴：否 | 日期：2025-01-01
校验通过：✅ True
================================================================================
✅ 优先级 2 中已有商品通过校验，停止降级
📁 采集记录已保存，总行数：470
📋 校验记录已保存，总记录数：478
✅ 序号 571 已标记为已采集

⏸ 等待 1 秒后继续...
⏳ 等待下一个商品：[██████████████████████████████] 100% (1/1s)

🔍 搜索：资生堂悦薇眼膜12片/盒（新款）

===== 优先级 2，共 2 个商品 =====
--- 进入商品 1/2 ---
============================================================
搜索词 ：资生堂悦薇眼膜12片/盒（新款）
商品名 ：【正品行货】资生堂悦薇小熨斗眼膜12对一盒
品牌    ：资生堂 → 资生堂 | ✅
容量规格：{'12'} → {'12'} | ❌
色号    ：set() → set()
浓度    ： →  | ✅
简装    ： →  | ✅
套装    ：不含 → 不含 | ✅
清洗后  ：悦薇眼膜 → 悦薇小熨斗眼膜一盒
品名匹配：词袋(66.7%) | ✅
结果    ：❌ FAIL | 原因：规格不匹配
============================================================
🔧 校验失败原因为规格不匹配，尝试进入规格面板匹配...

[DEBUG][get_sku_price_auto] 开始匹配，搜索词: '资生堂悦薇眼膜12片/盒（新款）'
[DEBUG][get_sku_identifiers] 提取标识: ['12片']
[DEBUG][get_sku_price_auto] 当前已选规格不匹配，尝试点击规格...
[DEBUG][get_sku_price_auto] 所有标识尝试完毕，仍无价格
⚠️ 规格匹配未获取到有效价格，已记录为匹配失败，校验结果强制为不通过

================================================================================
货品名称：【正品行货】资生堂悦薇小熨斗眼膜12对一盒
关键词：资生堂悦薇眼膜12片/盒（新款）
原价：280.0 | 现价：280.0
匹配规格：匹配失败 | 规格价格：
百亿补贴：否 | 日期：2026-06-01
校验通过：❌ False
================================================================================
--- 进入商品 2/2 ---
============================================================
搜索词 ：资生堂悦薇眼膜12片/盒（新款）
商品名 ：【资生堂】悦薇焕白熨斗眼膜贴12袋/盒淡化眼纹黑眼圈提拉紧致
品牌    ：资生堂 → 资生堂 | ✅
容量规格：{'12'} → {'12'} | ❌
色号    ：set() → set()
浓度    ： →  | ✅
简装    ： →  | ✅
套装    ：不含 → 不含 | ✅
清洗后  ：悦薇眼膜 → 悦薇焕白熨斗眼膜贴袋淡化眼纹黑眼圈提拉紧致
品名匹配：词袋(66.7%) | ✅
结果    ：❌ FAIL | 原因：规格不匹配
============================================================
🔧 校验失败原因为规格不匹配，尝试进入规格面板匹配...

[DEBUG][get_sku_price_auto] 开始匹配，搜索词: '资生堂悦薇眼膜12片/盒（新款）'
[DEBUG][get_sku_identifiers] 提取标识: ['12片']
[DEBUG][get_sku_price_auto] 当前已选规格不匹配，尝试点击规格...
[DEBUG][get_sku_price_auto] 所有标识尝试完毕，仍无价格
⚠️ 规格匹配未获取到有效价格，已记录为匹配失败，校验结果强制为不通过

================================================================================
货品名称：【资生堂】悦薇焕白熨斗眼膜贴12袋/盒淡化眼纹黑眼圈提拉紧致
关键词：资生堂悦薇眼膜12片/盒（新款）
原价：None | 现价：None
匹配规格：匹配失败 | 规格价格：
百亿补贴：否 | 日期：2025-12-10
校验通过：❌ False
================================================================================
⚠️ 优先级 2 全部未通过，尝试下一优先级
🔽 降级到全球购，返回顶部并重新识别（不自动下滑）

===== 优先级 1，共 2 个商品 =====
--- 进入商品 1/2 ---
============================================================
搜索词 ：资生堂悦薇眼膜12片/盒（新款）
商品名 ：Shiseido/资生堂新款悦薇眼膜质纯防皱淡化细纹去黑眼圈眼贴#12包【5天内发货】
品牌    ：资生堂 → 资生堂 | ✅
容量规格：{'12'} → set() | ❌
色号    ：set() → {'12'}
浓度    ： →  | ✅
简装    ： →  | ✅
套装    ：不含 → 不含 | ✅
清洗后  ：悦薇眼膜 → 新悦薇眼膜质纯防皱淡化细纹去黑眼圈眼贴包
品名匹配：词袋(100.0%) | ✅
结果    ：❌ FAIL | 原因：规格不匹配
============================================================
🔧 校验失败原因为规格不匹配，尝试进入规格面板匹配...

[DEBUG][get_sku_price_auto] 开始匹配，搜索词: '资生堂悦薇眼膜12片/盒（新款）'
[DEBUG][get_sku_identifiers] 提取标识: ['12片']
[DEBUG][get_sku_price_auto] 当前已选规格匹配，价格: 368
✅ 规格匹配成功，且品名已匹配，校验通过

================================================================================
货品名称：Shiseido/资生堂新款悦薇眼膜质纯防皱淡化细纹去黑眼圈眼贴#12包【5天内发货】
关键词：资生堂悦薇眼膜12片/盒（新款）
原价：368.0 | 现价：368
匹配规格：已选择： 12片 资生堂悦薇眼膜 | 规格价格：368
百亿补贴：否 | 日期：2025-05-01
校验通过：✅ True
================================================================================
--- 进入商品 2/2 ---
============================================================
搜索词 ：资生堂悦薇眼膜12片/盒（新款）
商品名 ：【资生堂】悦薇新小熨斗眼膜*12 /盒淡化细纹祛黑眼圈焕白提拉紧致
品牌    ：资生堂 → 资生堂 | ✅
容量规格：{'12'} → {'12'} | ❌
色号    ：set() → set()
浓度    ： →  | ✅
简装    ： →  | ✅
套装    ：不含 → 不含 | ✅
清洗后  ：悦薇眼膜 → 悦薇新小熨斗眼膜淡化细纹祛黑眼圈焕白提拉紧致
品名匹配：词袋(66.7%) | ✅
结果    ：❌ FAIL | 原因：规格不匹配
============================================================
🔧 校验失败原因为规格不匹配，尝试进入规格面板匹配...

[DEBUG][get_sku_price_auto] 开始匹配，搜索词: '资生堂悦薇眼膜12片/盒（新款）'
[DEBUG][get_sku_identifiers] 提取标识: ['12片']
[DEBUG][get_sku_price_auto] 当前已选规格不匹配，尝试点击规格...
[DEBUG][get_sku_price_auto] 所有标识尝试完毕，仍无价格
⚠️ 规格匹配未获取到有效价格，已记录为匹配失败，校验结果强制为不通过

================================================================================
货品名称：【资生堂】悦薇新小熨斗眼膜*12 /盒淡化细纹祛黑眼圈焕白提拉紧致
关键词：资生堂悦薇眼膜12片/盒（新款）
原价：360.0 | 现价：224.0
匹配规格：匹配失败 | 规格价格：
百亿补贴：否 | 日期：2025-12-17
校验通过：❌ False
================================================================================
✅ 优先级 1 中已有商品通过校验，停止降级
📁 采集记录已保存，总行数：474
📋 校验记录已保存，总记录数：482
✅ 序号 627 已标记为已采集

⏸ 等待 1 秒后继续...
⏳ 等待下一个商品：[██████████████████████████████] 100% (1/1s)

🔍 搜索：Estee Lauder 雅诗兰黛 抗蓝光眼霜15ml*2（第五代）

===== 优先级 4，共 2 个商品 =====
--- 进入商品 1/2 ---
============================================================
搜索词 ：Estee Lauder 雅诗兰黛 抗蓝光眼霜15ml*2（第五代）
商品名 ：【雅诗兰黛】抗蓝光眼霜15ml(简装/瓶装)第五代抗皱淡纹淡化黑眼圈【5天内发货】
品牌    ：雅诗兰黛 → 雅诗兰黛 | ✅
容量规格：{'2', '15'} → {'15'} | ❌
色号    ：set() → set()
浓度    ： →  | ✅
简装    ： → 简装 | ✅
套装    ：不含 → 不含 | ✅
清洗后  ：抗蓝光眼霜第五代 → 抗蓝光眼霜第五代抗皱淡纹淡化黑眼圈
品名匹配：词袋(100.0%) | ✅
结果    ：❌ FAIL | 原因：规格不匹配
============================================================
🔧 校验失败原因为规格不匹配，尝试进入规格面板匹配...

[DEBUG][get_sku_price_auto] 开始匹配，搜索词: 'Estee Lauder 雅诗兰黛 抗蓝光眼霜15ml*2（第五代）'
[DEBUG][get_sku_identifiers] 提取标识: ['15ml']
[DEBUG][get_sku_price_auto] 当前已选规格匹配，价格: 379
✅ 规格匹配成功，且品名已匹配，校验通过

================================================================================
货品名称：【雅诗兰黛】抗蓝光眼霜15ml(简装/瓶装)第五代抗皱淡纹淡化黑眼圈【5天内发货】
关键词：Estee Lauder 雅诗兰黛 抗蓝光眼霜15ml*2（第五代）
原价：499.0 | 现价：379
匹配规格：已选择： 抗蓝光眼霜15ml*2（简装白盒） | 规格价格：379
百亿补贴：是 | 日期：2024-12-31
校验通过：✅ True
================================================================================
--- 进入商品 2/2 ---
============================================================
搜索词 ：Estee Lauder 雅诗兰黛 抗蓝光眼霜15ml*2（第五代）
商品名 ：【正品行货】EsteeLauder/雅诗兰黛五代小棕瓶抗蓝光眼霜15ml
品牌    ：雅诗兰黛 → 雅诗兰黛 | ✅
容量规格：{'2', '15'} → {'15'} | ❌
色号    ：set() → set()
浓度    ： →  | ✅
简装    ： →  | ✅
套装    ：不含 → 不含 | ✅
清洗后  ：抗蓝光眼霜第五代 → 五代小棕瓶抗蓝光眼霜
品名匹配：词袋(71.4%) | ✅
结果    ：❌ FAIL | 原因：规格不匹配
============================================================
Traceback (most recent call last):
  File "/Users/vincentli/PycharmProjects/PythonProject/2026-4 群控/yolo/整合详情页采集/采集10.4 日志.py", line 849, in <module>
    main()
  File "/Users/vincentli/PycharmProjects/PythonProject/2026-4 群控/yolo/整合详情页采集/采集10.4 日志.py", line 834, in main
    select_and_collect_best_product(kw, idx)
  File "/Users/vincentli/PycharmProjects/PythonProject/2026-4 群控/yolo/整合详情页采集/采集10.4 日志.py", line 778, in select_and_collect_best_product
    res = collect_single_product(search_word, serial_num, p["tags"])
  File "/Users/vincentli/PycharmProjects/PythonProject/2026-4 群控/yolo/整合详情页采集/采集10.4 日志.py", line 609, in collect_single_product
    detail = find_and_click_detail()
  File "/Users/vincentli/PycharmProjects/PythonProject/2026-4 群控/yolo/整合详情页采集/采集10.4 日志.py", line 527, in find_and_click_detail
    ocr_result = reader.readtext(crop_img)
  File "/opt/miniconda3/envs/py3.8/lib/python3.8/site-packages/easyocr/easyocr.py", line 456, in readtext
    horizontal_list, free_list = self.detect(img, 
  File "/opt/miniconda3/envs/py3.8/lib/python3.8/site-packages/easyocr/easyocr.py", line 321, in detect
    text_box_list = self.get_textbox(self.detector, 
  File "/opt/miniconda3/envs/py3.8/lib/python3.8/site-packages/easyocr/detection.py", line 95, in get_textbox
    bboxes_list, polys_list = test_net(canvas_size, mag_ratio, detector,
  File "/opt/miniconda3/envs/py3.8/lib/python3.8/site-packages/easyocr/detection.py", line 46, in test_net
    y, feature = net(x)
  File "/opt/miniconda3/envs/py3.8/lib/python3.8/site-packages/torch/nn/modules/module.py", line 1553, in _wrapped_call_impl
    return self._call_impl(*args, **kwargs)
  File "/opt/miniconda3/envs/py3.8/lib/python3.8/site-packages/torch/nn/modules/module.py", line 1562, in _call_impl
    return forward_call(*args, **kwargs)
  File "/opt/miniconda3/envs/py3.8/lib/python3.8/site-packages/easyocr/craft.py", line 60, in forward
    sources = self.basenet(x)
  File "/opt/miniconda3/envs/py3.8/lib/python3.8/site-packages/torch/nn/modules/module.py", line 1553, in _wrapped_call_impl
    return self._call_impl(*args, **kwargs)
  File "/opt/miniconda3/envs/py3.8/lib/python3.8/site-packages/torch/nn/modules/module.py", line 1562, in _call_impl
    return forward_call(*args, **kwargs)
  File "/opt/miniconda3/envs/py3.8/lib/python3.8/site-packages/easyocr/model/modules.py", line 68, in forward
    h = self.slice1(X)
  File "/opt/miniconda3/envs/py3.8/lib/python3.8/site-packages/torch/nn/modules/module.py", line 1553, in _wrapped_call_impl
    return self._call_impl(*args, **kwargs)
  File "/opt/miniconda3/envs/py3.8/lib/python3.8/site-packages/torch/nn/modules/module.py", line 1562, in _call_impl
    return forward_call(*args, **kwargs)
  File "/opt/miniconda3/envs/py3.8/lib/python3.8/site-packages/torch/nn/modules/container.py", line 219, in forward
    input = module(input)
  File "/opt/miniconda3/envs/py3.8/lib/python3.8/site-packages/torch/nn/modules/module.py", line 1553, in _wrapped_call_impl
    return self._call_impl(*args, **kwargs)
  File "/opt/miniconda3/envs/py3.8/lib/python3.8/site-packages/torch/nn/modules/module.py", line 1562, in _call_impl
    return forward_call(*args, **kwargs)
  File "/opt/miniconda3/envs/py3.8/lib/python3.8/site-packages/torch/nn/modules/conv.py", line 458, in forward
    return self._conv_forward(input, self.weight, self.bias)
  File "/opt/miniconda3/envs/py3.8/lib/python3.8/site-packages/torch/nn/modules/conv.py", line 454, in _conv_forward
    return F.conv2d(input, weight, bias, self.stride,
KeyboardInterrupt
