📋 日志已保存至：logs/console_20260917_111931.log
🚀 启动采集 + 品牌规格品名四重校验
✅ 总商品数：21 | 待采集：21

🔍 搜索：阿玛尼权力粉底液3号

===== 优先级 4，共 1 个商品 =====
--- 进入商品 1/1 ---
============================================================
搜索词 ：阿玛尼权力粉底液3号
商品名 ：专柜行货|新版pro阿玛尼粉底液权力油皮遮瑕持久不脱妆
品牌    ：阿玛尼 → 阿玛尼 | ✅
容量规格：set() → set() | ✅
色号    ：set() → set()
浓度    ： →  | ✅
简装    ： →  | ✅
套装    ：不含 → 不含 | ✅
清洗后  ：权力粉底液3号 → 行货新pro粉底液权力不脱妆
品名匹配：词袋(60.0%) | ✅
结果    ：✅ PASS | 原因：所有检查通过
============================================================

================================================================================
货品名称：专柜行货|新版pro阿玛尼粉底液权力油皮遮瑕持久不脱妆
关键词：阿玛尼权力粉底液3号
原价：253.0 | 现价：217.3
百亿补贴：是 | 日期：2024-12-01
校验通过：✅ True
================================================================================
✅ 优先级 4 中已有商品通过校验，停止降级
📁 采集记录已保存，总行数：1
📋 校验记录已保存，总记录数：1
✅ 序号 62 已标记为已采集

⏸ 等待 1 秒后继续...
⏳ 等待下一个商品：[██████████████████████████████] 100% (1/1s)

🔍 搜索：黛珂 防晒防水版60g
Traceback (most recent call last):
  File "/Users/vincentli/PycharmProjects/PythonProject/2026-4 群控/yolo/整合详情页采集/采集10.4 日志.py", line 849, in <module>
    main()
  File "/Users/vincentli/PycharmProjects/PythonProject/2026-4 群控/yolo/整合详情页采集/采集10.4 日志.py", line 833, in main
    search_product(kw)
  File "/Users/vincentli/PycharmProjects/PythonProject/2026-4 群控/yolo/整合详情页采集/采集10.4 日志.py", line 213, in search_product
    time.sleep(3)
KeyboardInterrupt
