📋 日志已保存至：logs/console_20260914_144448.log
🚀 启动采集 + 品牌规格品名四重校验
✅ 总商品数：643 | 待采集：300

🔍 搜索：科颜氏 美白淡斑精华100ml

===== 优先级 4，共 2 个商品 =====
--- 进入商品 1/2 ---
============================================================
搜索词 ：科颜氏 美白淡斑精华100ml
商品名 ：【正品行货】科颜氏安白瓶淡斑精华液VC美白淡痘印保湿礼盒送礼
品牌    ：科颜氏 → 科颜氏 | ✅
容量规格：{'100'} → set() | ❌
色号    ：set() → set()
浓度    ： →  | ✅
简装    ： →  | ✅
套装    ：不含 → 不含 | ✅
清洗后  ：美白淡斑 → 安白瓶淡斑液vc美白淡痘印礼盒送礼
品名匹配：词袋(100.0%) | ✅
结果    ：❌ FAIL | 原因：规格不匹配
============================================================
🔧 校验失败原因为规格不匹配，尝试进入规格面板匹配...

[DEBUG][get_sku_price_auto] 开始匹配，搜索词: '科颜氏 美白淡斑精华100ml'
[DEBUG][get_sku_identifiers] 提取标识: ['100ml']
[DEBUG][get_sku_price_auto] 当前已选规格不匹配，尝试点击规格...
[DEBUG][get_sku_price_auto] 所有标识尝试完毕，仍无价格
⚠️ 规格匹配未获取到有效价格，已记录为匹配失败，校验结果强制为不通过

================================================================================
货品名称：【正品行货】科颜氏安白瓶淡斑精华液VC美白淡痘印保湿礼盒送礼
关键词：科颜氏 美白淡斑精华100ml
原价：299.0 | 现价：299.0
匹配规格：匹配失败 | 规格价格：
百亿补贴：是 | 日期：2025-12-01
校验通过：❌ False
================================================================================
--- 进入商品 2/2 ---
============================================================
搜索词 ：科颜氏 美白淡斑精华100ml
商品名 ：【正品行货】科颜氏集焕白均衡亮肤淡斑精华液15ml*2保湿提亮肤色
品牌    ：科颜氏 → 科颜氏 | ✅
容量规格：{'100'} → {'15', '2'} | ❌
色号    ：set() → set()
浓度    ： →  | ✅
简装    ： →  | ✅
套装    ：不含 → 不含 | ✅
清洗后  ：美白淡斑 → 集焕白均衡亮肤淡斑液提亮肤色
品名匹配：词袋(100.0%) | ✅
结果    ：❌ FAIL | 原因：规格不匹配
============================================================
🔧 标题包含多规格 (容量:{'15', '2'}, 色号:set())，尝试进入规格面板匹配...

[DEBUG][get_sku_price_auto] 开始匹配，搜索词: '科颜氏 美白淡斑精华100ml'
[DEBUG][get_sku_identifiers] 提取标识: ['100ml']
[DEBUG][get_sku_price_auto] 当前已选规格不匹配，尝试点击规格...
[DEBUG][get_sku_price_auto] 所有标识尝试完毕，仍无价格
⚠️ 规格匹配未获取到有效价格，已记录为匹配失败，校验结果强制为不通过

================================================================================
货品名称：【正品行货】科颜氏集焕白均衡亮肤淡斑精华液15ml*2保湿提亮肤色
关键词：科颜氏 美白淡斑精华100ml
原价：106.33 | 现价：106.33
匹配规格：匹配失败 | 规格价格：
百亿补贴：是 | 日期：2025-12-01
校验通过：❌ False
================================================================================
⚠️ 优先级 4 全部未通过，尝试下一优先级

===== 优先级 2，共 1 个商品 =====
--- 进入商品 1/1 ---
============================================================
搜索词 ：科颜氏 美白淡斑精华100ml
商品名 ：1小时前好评直接拼成
品牌    ：科颜氏 → 未匹配 | ❌
容量规格：{'100'} → set() | ❌
色号    ：set() → set()
浓度    ： →  | ✅
简装    ： →  | ✅
套装    ：不含 → 不含 | ✅
清洗后  ：美白淡斑 → 1小时前好评直接拼成
品名匹配：LCS子序列(0.0%) | ❌
结果    ：❌ FAIL | 原因：品牌不一致；规格不匹配；品名相似不足(ratio=0.0%)
============================================================
🔧 校验失败原因为规格不匹配，尝试进入规格面板匹配...

[DEBUG][get_sku_price_auto] 开始匹配，搜索词: '科颜氏 美白淡斑精华100ml'
[DEBUG][get_sku_identifiers] 提取标识: ['100ml']
[DEBUG][get_sku_price_auto] 当前已选规格不匹配，尝试点击规格...
[DEBUG][get_sku_price_auto] 所有标识尝试完毕，仍无价格
⚠️ 规格匹配未获取到有效价格，已记录为匹配失败，校验结果强制为不通过

================================================================================
货品名称：1小时前好评直接拼成
关键词：科颜氏 美白淡斑精华100ml
原价：17.9 | 现价：17.9
匹配规格：匹配失败 | 规格价格：
百亿补贴：否 | 日期：2025-12-31
校验通过：❌ False
================================================================================
⚠️ 优先级 2 全部未通过，尝试下一优先级
🔽 降级到全球购，返回顶部并重新识别（不自动下滑）

===== 优先级 1，共 3 个商品 =====
--- 进入商品 1/3 ---
============================================================
搜索词 ：科颜氏 美白淡斑精华100ml
商品名 ：Kiehl’s/科颜氏VC淡斑精华液 面部提亮焕白肤色均衡亮肤100ml
品牌    ：科颜氏 → 科颜氏 | ✅
容量规格：{'100'} → {'100'} | ✅
色号    ：set() → set()
浓度    ： →  | ✅
简装    ： →  | ✅
套装    ：不含 → 不含 | ✅
清洗后  ：美白淡斑 → kiehlsvc淡斑液面部提亮焕白肤色均衡亮肤
品名匹配：词袋(100.0%) | ✅
结果    ：✅ PASS | 原因：所有检查通过
============================================================

================================================================================
货品名称：Kiehl’s/科颜氏VC淡斑精华液 面部提亮焕白肤色均衡亮肤100ml
关键词：科颜氏 美白淡斑精华100ml
原价：389.0 | 现价：389.0
百亿补贴：否 | 日期：
校验通过：✅ True
================================================================================
--- 进入商品 2/3 ---
============================================================
搜索词 ：科颜氏 美白淡斑精华100ml
商品名 ：Kiehl’s/科颜氏VC淡斑精华液100ml面部提亮焕白肤色均衡亮肤【5天内发货】
品牌    ：科颜氏 → 科颜氏 | ✅
容量规格：{'100'} → {'100'} | ✅
色号    ：set() → set()
浓度    ： →  | ✅
简装    ： →  | ✅
套装    ：不含 → 不含 | ✅
清洗后  ：美白淡斑 → kiehlsvc淡斑液面部提亮焕白肤色均衡亮肤
品名匹配：词袋(100.0%) | ✅
结果    ：✅ PASS | 原因：所有检查通过
============================================================

================================================================================
货品名称：Kiehl’s/科颜氏VC淡斑精华液100ml面部提亮焕白肤色均衡亮肤【5天内发货】
关键词：科颜氏 美白淡斑精华100ml
原价：389.0 | 现价：389.0
百亿补贴：否 | 日期：
校验通过：✅ True
================================================================================
--- 进入商品 3/3 ---
============================================================
搜索词 ：科颜氏 美白淡斑精华100ml
商品名 ：【Kiehl's】科颜氏美白淡斑精华100ml焕白均衡亮肤淡斑精华液【5天内发货】
品牌    ：科颜氏 → 科颜氏 | ✅
容量规格：{'100'} → {'100'} | ✅
色号    ：set() → set()
浓度    ： →  | ✅
简装    ： →  | ✅
套装    ：不含 → 不含 | ✅
清洗后  ：美白淡斑 → 美白淡斑焕白均衡亮肤淡斑液
品名匹配：词袋(100.0%) | ✅
结果    ：✅ PASS | 原因：所有检查通过
============================================================

================================================================================
货品名称：【Kiehl's】科颜氏美白淡斑精华100ml焕白均衡亮肤淡斑精华液【5天内发货】
关键词：科颜氏 美白淡斑精华100ml
原价：399.96 | 现价：399.96
百亿补贴：否 | 日期：
校验通过：✅ True
================================================================================
✅ 优先级 1 中已有商品通过校验，停止降级
📁 采集记录已保存，总行数：324
📋 校验记录已保存，总记录数：331
✅ 序号 139 已标记为已采集

⏸ 等待 1 秒后继续...
⏳ 等待下一个商品：[██████████████████████████████] 100% (1/1s)

🔍 搜索：科颜氏淡斑精华115ml
❌ 异常：{'code': -32002, 'data': "Selector [className='android.widget.EditText']", 'method': 'wait'}
Traceback (most recent call last):
  File "/Users/vincentli/PycharmProjects/PythonProject/2026-4 群控/yolo/整合详情页采集/采集10.4 日志.py", line 833, in main
    search_product(kw)
  File "/Users/vincentli/PycharmProjects/PythonProject/2026-4 群控/yolo/整合详情页采集/采集10.4 日志.py", line 209, in search_product
    d(className="android.widget.EditText").clear_text()
  File "/opt/miniconda3/envs/py3.8/lib/python3.8/site-packages/uiautomator2/_selector.py", line 357, in clear_text
    self.must_wait(timeout=timeout)
  File "/opt/miniconda3/envs/py3.8/lib/python3.8/site-packages/uiautomator2/_selector.py", line 338, in must_wait
    raise UiObjectNotFoundError({'code': -32002, 'data': str(self.selector), 'method': 'wait'})
uiautomator2.exceptions.UiObjectNotFoundError: {'code': -32002, 'data': "Selector [className='android.widget.EditText']", 'method': 'wait'}

🔴 强制返回首页...
🟢 已回到首页

🔍 搜索：科颜氏淡斑精华115ml

===== 优先级 4，共 1 个商品 =====
--- 进入商品 1/1 ---
============================================================
搜索词 ：科颜氏淡斑精华115ml
商品名 ：Kiehl's/科颜氏维C美白淡斑精华115ml淡化色斑修护肌底祛斑精华液
品牌    ：科颜氏 → 科颜氏 | ✅
容量规格：{'115'} → {'115'} | ✅
色号    ：set() → set()
浓度    ： →  | ✅
简装    ： →  | ✅
套装    ：不含 → 不含 | ✅
清洗后  ：淡斑 → 维c美白淡斑淡化色斑肌底祛斑液
品名匹配：词袋(100.0%) | ✅
结果    ：✅ PASS | 原因：所有检查通过
============================================================

================================================================================
货品名称：Kiehl's/科颜氏维C美白淡斑精华115ml淡化色斑修护肌底祛斑精华液
关键词：科颜氏淡斑精华115ml
原价：286.0 | 现价：286.0
百亿补贴：否 | 日期：
校验通过：✅ True
================================================================================
✅ 优先级 4 中已有商品通过校验，停止降级
📁 采集记录已保存，总行数：331
📋 校验记录已保存，总记录数：332
✅ 序号 140 已标记为已采集

⏸ 等待 1 秒后继续...
⏳ 等待下一个商品：[██████████████████████████████] 100% (1/1s)

🔍 搜索：科颜氏高保湿霜125ml 清爽

===== 优先级 4，共 3 个商品 =====
--- 进入商品 1/3 ---
============================================================
搜索词 ：科颜氏高保湿霜125ml 清爽
商品名 ：【正品行货】Kiehl's科颜氏高保湿面霜125ml 国产版 保湿补水
品牌    ：科颜氏 → 科颜氏 | ✅
容量规格：{'125'} → {'125'} | ✅
色号    ：set() → set()
浓度    ： →  | ✅
简装    ： →  | ✅
套装    ：不含 → 不含 | ✅
清洗后  ：高霜 → 高面霜国产补水
品名匹配：模糊包含(去虚词) | ✅
结果    ：✅ PASS | 原因：所有检查通过
============================================================

================================================================================
货品名称：【正品行货】Kiehl's科颜氏高保湿面霜125ml 国产版 保湿补水
关键词：科颜氏高保湿霜125ml 清爽
原价：260.0 | 现价：178.0
百亿补贴：是 | 日期：2025-08-01
校验通过：✅ True
================================================================================
--- 进入商品 2/3 ---
============================================================
搜索词 ：科颜氏高保湿霜125ml 清爽
商品名 ：【正品行货】Kiehl's/科颜氏高保湿面霜保湿补水锁水125ml
品牌    ：科颜氏 → 科颜氏 | ✅
容量规格：{'125'} → {'125'} | ✅
色号    ：set() → set()
浓度    ： →  | ✅
简装    ： →  | ✅
套装    ：不含 → 不含 | ✅
清洗后  ：高霜 → 高面霜补水锁水
品名匹配：模糊包含(去虚词) | ✅
结果    ：✅ PASS | 原因：所有检查通过
============================================================

================================================================================
货品名称：【正品行货】Kiehl's/科颜氏高保湿面霜保湿补水锁水125ml
关键词：科颜氏高保湿霜125ml 清爽
原价：200.9 | 现价：180.9
百亿补贴：是 | 日期：2025-10-01
校验通过：✅ True
================================================================================
--- 进入商品 3/3 ---
============================================================
搜索词 ：科颜氏高保湿霜125ml 清爽
商品名 ：【Kiehl's】 科颜氏高保湿面霜补水保湿125ml
品牌    ：科颜氏 → 科颜氏 | ✅
容量规格：{'125'} → {'125'} | ✅
色号    ：set() → set()
浓度    ： →  | ✅
简装    ： →  | ✅
套装    ：不含 → 不含 | ✅
清洗后  ：高霜 → 高面霜补水
品名匹配：模糊包含(去虚词) | ✅
结果    ：✅ PASS | 原因：所有检查通过
============================================================

================================================================================
货品名称：【Kiehl's】 科颜氏高保湿面霜补水保湿125ml
关键词：科颜氏高保湿霜125ml 清爽
原价：180.0 | 现价：180.0
百亿补贴：是 | 日期：2024-10-01
校验通过：✅ True
================================================================================
✅ 优先级 4 中已有商品通过校验，停止降级
📁 采集记录已保存，总行数：335
📋 校验记录已保存，总记录数：335
✅ 序号 141 已标记为已采集

⏸ 等待 1 秒后继续...
⏳ 等待下一个商品：[██████████████████████████████] 100% (1/1s)

🔍 搜索：科颜氏高保湿滋润面霜50ml滋润

===== 优先级 4，共 3 个商品 =====
--- 进入商品 1/3 ---
============================================================
搜索词 ：科颜氏高保湿滋润面霜50ml滋润
商品名 ：【正品行货】科颜氏高保湿清爽果冻面霜50ml深层补水滋润
品牌    ：科颜氏 → 科颜氏 | ✅
容量规格：{'50'} → {'50'} | ✅
色号    ：set() → set()
浓度    ： →  | ✅
简装    ： →  | ✅
套装    ：不含 → 不含 | ✅
清洗后  ：高面霜 → 高果冻面霜深层补水
品名匹配：词袋(50.0%) | ✅
结果    ：✅ PASS | 原因：所有检查通过
============================================================

================================================================================
货品名称：【正品行货】科颜氏高保湿清爽果冻面霜50ml深层补水滋润
关键词：科颜氏高保湿滋润面霜50ml滋润
原价：None | 现价：None
百亿补贴：是 | 日期：2026-05-26
校验通过：✅ True
================================================================================
--- 进入商品 2/3 ---
============================================================
搜索词 ：科颜氏高保湿滋润面霜50ml滋润
商品名 ：【正品行货】科颜氏高保湿清爽凝霜滋润补水果冻面霜50ml
品牌    ：科颜氏 → 科颜氏 | ✅
容量规格：{'50'} → {'50'} | ✅
色号    ：set() → set()
浓度    ： →  | ✅
简装    ： →  | ✅
套装    ：不含 → 不含 | ✅
清洗后  ：高面霜 → 高凝霜补水果冻面霜
品名匹配：词袋(50.0%) | ✅
结果    ：✅ PASS | 原因：所有检查通过
============================================================

================================================================================
货品名称：【正品行货】科颜氏高保湿清爽凝霜滋润补水果冻面霜50ml
关键词：科颜氏高保湿滋润面霜50ml滋润
原价：185.0 | 现价：185.0
百亿补贴：是 | 日期：2026-05-26
校验通过：✅ True
================================================================================
--- 进入商品 3/3 ---
============================================================
搜索词 ：科颜氏高保湿滋润面霜50ml滋润
商品名 ：【国柜正品】科颜氏高保湿面霜50ml干皮补水保湿修护舒缓面霜
品牌    ：科颜氏 → 科颜氏 | ✅
容量规格：{'50'} → {'50'} | ✅
色号    ：set() → set()
浓度    ： →  | ✅
简装    ： →  | ✅
套装    ：不含 → 不含 | ✅
清洗后  ：高面霜 → 高面霜补水舒缓面霜
品名匹配：词袋(100.0%) | ✅
结果    ：✅ PASS | 原因：所有检查通过
============================================================

================================================================================
货品名称：【国柜正品】科颜氏高保湿面霜50ml干皮补水保湿修护舒缓面霜
关键词：科颜氏高保湿滋润面霜50ml滋润
原价：None | 现价：None
百亿补贴：是 | 日期：
校验通过：✅ True
================================================================================
✅ 优先级 4 中已有商品通过校验，停止降级
📁 采集记录已保存，总行数：341
📋 校验记录已保存，总记录数：338
✅ 序号 142 已标记为已采集

⏸ 等待 1 秒后继续...
⏳ 等待下一个商品：[██████████████████████████████] 100% (1/1s)

🔍 搜索：科颜氏男士洁面啫喱250ml

===== 优先级 4，共 1 个商品 =====
--- 进入商品 1/1 ---
============================================================
搜索词 ：科颜氏男士洁面啫喱250ml
商品名 ：【科颜氏】男士活力洁面啫喱控油保湿温和深层清洁 250ml 原装【5天内发货】
品牌    ：科颜氏 → 科颜氏 | ✅
容量规格：{'250'} → {'250'} | ✅
色号    ：set() → set()
浓度    ： →  | ✅
简装    ： →  | ✅
套装    ：不含 → 不含 | ✅
清洗后  ：男士洁面啫喱 → 男士活力洁面啫喱深层清洁
品名匹配：词袋(83.3%) | ✅
结果    ：✅ PASS | 原因：所有检查通过
============================================================

================================================================================
货品名称：【科颜氏】男士活力洁面啫喱控油保湿温和深层清洁 250ml 原装【5天内发货】
关键词：科颜氏男士洁面啫喱250ml
原价：66.59 | 现价：66.59
百亿补贴：否 | 日期：2023-01-01
校验通过：✅ True
================================================================================
✅ 优先级 4 中已有商品通过校验，停止降级
📁 采集记录已保存，总行数：343
📋 校验记录已保存，总记录数：339
✅ 序号 143 已标记为已采集

⏸ 等待 1 秒后继续...
⏳ 等待下一个商品：[██████████████████████████████] 100% (1/1s)

🔍 搜索：蔻依北国雪松浓香水50ml

===== 优先级 4，共 1 个商品 =====
--- 进入商品 1/1 ---
============================================================
搜索词 ：蔻依北国雪松浓香水50ml
商品名 ：【全球购正品】蔻依仙境花园系列北国雪松浓香EDP 50ml
品牌    ：蔻依 → 蔻依 | ✅
容量规格：{'50'} → {'50'} | ✅
色号    ：set() → set()
浓度    ：浓香 → 浓香 | ✅
简装    ： →  | ✅
套装    ：不含 → 不含 | ✅
清洗后  ：北国雪松水 → 仙境花园系列北国雪松
品名匹配：词袋(75.0%) | ✅
结果    ：✅ PASS | 原因：所有检查通过
============================================================

================================================================================
货品名称：【全球购正品】蔻依仙境花园系列北国雪松浓香EDP 50ml
关键词：蔻依北国雪松浓香水50ml
原价：599.0 | 现价：599.0
百亿补贴：是 | 日期：2024-08-21
校验通过：✅ True
================================================================================
✅ 优先级 4 中已有商品通过校验，停止降级
📁 采集记录已保存，总行数：345
📋 校验记录已保存，总记录数：340
✅ 序号 144 已标记为已采集

⏸ 等待 1 秒后继续...
⏳ 等待下一个商品：[██████████████████████████████] 100% (1/1s)

🔍 搜索：欧珑无极乌龙护手霜30ML

===== 优先级 2，共 1 个商品 =====
--- 进入商品 1/1 ---
============================================================
搜索词 ：欧珑无极乌龙护手霜30ML
商品名 ：【欧珑】赤霞橘光无极乌龙护手霜30ml滋润保湿留香效期27.2-27.6
品牌    ：欧珑 → 欧珑 | ✅
容量规格：{'30'} → {'30'} | ✅
色号    ：set() → set()
浓度    ： →  | ✅
简装    ： →  | ✅
套装    ：不含 → 不含 | ✅
清洗后  ：无极乌龙护手霜 → 赤霞橘光无极乌龙护手霜26
品名匹配：词袋(100.0%) | ✅
结果    ：✅ PASS | 原因：所有检查通过
============================================================

================================================================================
货品名称：【欧珑】赤霞橘光无极乌龙护手霜30ml滋润保湿留香效期27.2-27.6
关键词：欧珑无极乌龙护手霜30ML
原价：66.0 | 现价：66.0
百亿补贴：否 | 日期：2024-02-01
校验通过：✅ True
================================================================================
✅ 优先级 2 中已有商品通过校验，停止降级
📁 采集记录已保存，总行数：347
📋 校验记录已保存，总记录数：341
✅ 序号 145 已标记为已采集

⏸ 等待 1 秒后继续...
⏳ 等待下一个商品：[██████████████████████████████] 100% (1/1s)

🔍 搜索：莱珀妮反重力精华50ml

===== 优先级 4，共 1 个商品 =====
--- 进入商品 1/1 ---
============================================================
搜索词 ：莱珀妮反重力精华50ml
商品名 ：【三只松鼠】_风味小腊肠蜜汁味/香辣味150g迷你香肠即食解馋小零食
品牌    ：莱珀妮 → 未匹配 | ❌
容量规格：{'50'} → {'150'} | ❌
色号    ：set() → set()
浓度    ： →  | ✅
简装    ： →  | ✅
套装    ：不含 → 不含 | ✅
清洗后  ：反重力 → _风味小腊肠蜜汁味香辣味迷你香肠即食解馋小零食
品名匹配：LCS子序列(0.0%) | ❌
结果    ：❌ FAIL | 原因：品牌不一致；规格不匹配；品名相似不足(ratio=0.0%)
============================================================
🔧 校验失败原因为规格不匹配，尝试进入规格面板匹配...

[DEBUG][get_sku_price_auto] 开始匹配，搜索词: '莱珀妮反重力精华50ml'
[DEBUG][get_sku_identifiers] 提取标识: ['50ml']
[DEBUG][get_sku_price_auto] 当前已选规格不匹配，尝试点击规格...
[DEBUG][get_sku_price_auto] 所有标识尝试完毕，仍无价格
⚠️ 规格匹配未获取到有效价格，已记录为匹配失败，校验结果强制为不通过

================================================================================
货品名称：【三只松鼠】_风味小腊肠蜜汁味/香辣味150g迷你香肠即食解馋小零食
关键词：莱珀妮反重力精华50ml
原价：10.9 | 现价：10.9
匹配规格：匹配失败 | 规格价格：
百亿补贴：是 | 日期：
校验通过：❌ False
================================================================================
⚠️ 优先级 4 全部未通过，尝试下一优先级

===== 优先级 2，共 1 个商品 =====
--- 进入商品 1/1 ---
============================================================
搜索词 ：莱珀妮反重力精华50ml
商品名 ：【三只松鼠】_风味小腊肠蜜汁味/香辣味150g迷你香肠即食解馋小零食
品牌    ：莱珀妮 → 未匹配 | ❌
容量规格：{'50'} → {'150'} | ❌
色号    ：set() → set()
浓度    ： →  | ✅
简装    ： →  | ✅
套装    ：不含 → 不含 | ✅
清洗后  ：反重力 → _风味小腊肠蜜汁味香辣味迷你香肠即食解馋小零食
品名匹配：LCS子序列(0.0%) | ❌
结果    ：❌ FAIL | 原因：品牌不一致；规格不匹配；品名相似不足(ratio=0.0%)
============================================================
🔧 校验失败原因为规格不匹配，尝试进入规格面板匹配...

[DEBUG][get_sku_price_auto] 开始匹配，搜索词: '莱珀妮反重力精华50ml'
[DEBUG][get_sku_identifiers] 提取标识: ['50ml']
[DEBUG][get_sku_price_auto] 当前已选规格不匹配，尝试点击规格...
[DEBUG][get_sku_price_auto] 所有标识尝试完毕，仍无价格
⚠️ 规格匹配未获取到有效价格，已记录为匹配失败，校验结果强制为不通过

================================================================================
货品名称：【三只松鼠】_风味小腊肠蜜汁味/香辣味150g迷你香肠即食解馋小零食
关键词：莱珀妮反重力精华50ml
原价：10.9 | 现价：10.9
匹配规格：匹配失败 | 规格价格：
百亿补贴：是 | 日期：
校验通过：❌ False
================================================================================
⚠️ 优先级 2 全部未通过，尝试下一优先级
🔽 降级到全球购，返回顶部并重新识别（不自动下滑）

===== 优先级 1，共 3 个商品 =====
--- 进入商品 1/3 ---
============================================================
搜索词 ：莱珀妮反重力精华50ml
商品名 ：LP莱珀妮鱼子精华液反重力精华50ML提拉紧致肌肤抗老修护焕亮【5天内发货】
品牌    ：莱珀妮 → 莱珀妮 | ✅
容量规格：{'50'} → {'50'} | ✅
色号    ：set() → set()
浓度    ： →  | ✅
简装    ： →  | ✅
套装    ：不含 → 不含 | ✅
清洗后  ：反重力 → lp鱼子液反重力提拉紧致肌肤抗老
品名匹配：词袋(100.0%) | ✅
结果    ：✅ PASS | 原因：所有检查通过
============================================================

================================================================================
货品名称：LP莱珀妮鱼子精华液反重力精华50ML提拉紧致肌肤抗老修护焕亮【5天内发货】
关键词：莱珀妮反重力精华50ml
原价：2998.0 | 现价：2998.0
百亿补贴：否 | 日期：
校验通过：✅ True
================================================================================
--- 进入商品 2/3 ---
============================================================
搜索词 ：莱珀妮反重力精华50ml
商品名 ：La prairie莱珀妮鱼子反重力精华液50ml琼贵紧颜液紧致充盈【5天内发货】
品牌    ：莱珀妮 → 莱珀妮 | ✅
容量规格：{'50'} → {'50'} | ✅
色号    ：set() → set()
浓度    ： →  | ✅
简装    ： →  | ✅
套装    ：不含 → 不含 | ✅
清洗后  ：反重力 → la鱼子反重力液琼贵紧颜液紧致充盈
品名匹配：词袋(100.0%) | ✅
结果    ：✅ PASS | 原因：所有检查通过
============================================================

================================================================================
货品名称：La prairie莱珀妮鱼子反重力精华液50ml琼贵紧颜液紧致充盈【5天内发货】
关键词：莱珀妮反重力精华50ml
原价：2999.0 | 现价：2999.0
百亿补贴：否 | 日期：2024-12-05
校验通过：✅ True
================================================================================
--- 进入商品 3/3 ---
============================================================
搜索词 ：莱珀妮反重力精华50ml
商品名 ：La Prairie 莱珀妮反重力精华新款蓝盒50ml蓝鱼子紧致提升液淡纹【5天内发货】
品牌    ：莱珀妮 → 莱珀妮 | ✅
容量规格：{'50'} → {'50'} | ✅
色号    ：set() → set()
浓度    ： →  | ✅
简装    ： →  | ✅
套装    ：不含 → 不含 | ✅
清洗后  ：反重力 → la反重力新蓝盒蓝鱼子紧致提升液淡纹
品名匹配：词袋(100.0%) | ✅
结果    ：✅ PASS | 原因：所有检查通过
============================================================

================================================================================
货品名称：La Prairie 莱珀妮反重力精华新款蓝盒50ml蓝鱼子紧致提升液淡纹【5天内发货】
关键词：莱珀妮反重力精华50ml
原价：3299.0 | 现价：3299.0
百亿补贴：否 | 日期：2024-11-01
校验通过：✅ True
================================================================================
✅ 优先级 1 中已有商品通过校验，停止降级
📁 采集记录已保存，总行数：352
📋 校验记录已保存，总记录数：346
✅ 序号 146 已标记为已采集

⏸ 等待 1 秒后继续...
⏳ 等待下一个商品：[██████████████████████████████] 100% (1/1s)

🔍 搜索：兰蔻 持妆粉底液 PO-01 30ml

===== 优先级 4，共 3 个商品 =====
--- 进入商品 1/3 ---
============================================================
搜索词 ：兰蔻 持妆粉底液 PO-01 30ml
商品名 ：【正品行货】兰蔻新持妆粉底液30m PO-01 不闷痘吸油防汗轻薄遮瑕
品牌    ：兰蔻 → 兰蔻 | ✅
容量规格：{'30'} → set() | ✅
色号    ：{'01'} → {'01', '30m', '30'}
浓度    ： →  | ✅
简装    ： →  | ✅
套装    ：不含 → 不含 | ✅
清洗后  ：持妆粉底液po → 新持妆粉底液mpo不闷痘吸油防汗轻薄
品名匹配：词袋(100.0%) | ✅
结果    ：✅ PASS | 原因：所有检查通过
============================================================
🔧 标题包含多规格 (容量:set(), 色号:{'01', '30m', '30'})，尝试进入规格面板匹配...

[DEBUG][get_sku_price_auto] 开始匹配，搜索词: '兰蔻 持妆粉底液 PO-01 30ml'
[DEBUG][get_sku_identifiers] 提取标识: ['01', 'po', '30ml']
[DEBUG][get_sku_price_auto] 当前已选规格匹配，价格: 158
✅ 规格匹配成功，且品名已匹配，校验通过

================================================================================
货品名称：【正品行货】兰蔻新持妆粉底液30m PO-01 不闷痘吸油防汗轻薄遮瑕
关键词：兰蔻 持妆粉底液 PO-01 30ml
原价：218.0 | 现价：158
匹配规格：已选: 30mL PO-01 象牙白 PO-01 | 规格价格：158
百亿补贴：是 | 日期：2025-09-01
校验通过：✅ True
================================================================================
--- 进入商品 2/3 ---
============================================================
搜索词 ：兰蔻 持妆粉底液 PO-01 30ml
商品名 ：【百补品牌热销289.8万件】LANCOME兰蔻持妆轻透粉底液30ml#PO-01
品牌    ：兰蔻 → 兰蔻 | ✅
容量规格：{'30'} → {'30'} | ✅
色号    ：{'01'} → {'01', 'po'}
浓度    ： →  | ✅
简装    ： →  | ✅
套装    ：不含 → 不含 | ✅
清洗后  ：持妆粉底液po → 持妆轻透粉底液
品名匹配：词袋(75.0%) | ✅
结果    ：✅ PASS | 原因：所有检查通过
============================================================
🔧 标题包含多规格 (容量:{'30'}, 色号:{'01', 'po'})，尝试进入规格面板匹配...

[DEBUG][get_sku_price_auto] 开始匹配，搜索词: '兰蔻 持妆粉底液 PO-01 30ml'
[DEBUG][get_sku_identifiers] 提取标识: ['01', 'po', '30ml']
[DEBUG][get_sku_price_auto] 当前已选规格匹配，价格: 184.2
✅ 规格匹配成功，且品名已匹配，校验通过

================================================================================
货品名称：【百补品牌热销289.8万件】LANCOME兰蔻持妆轻透粉底液30ml#PO-01
关键词：兰蔻 持妆粉底液 PO-01 30ml
原价：184.2 | 现价：184.2
匹配规格：已选: 30mL PO-01 象牙白 | 规格价格：184.2
百亿补贴：是 | 日期：2024-10-01
校验通过：✅ True
================================================================================
--- 进入商品 3/3 ---
============================================================
搜索词 ：兰蔻 持妆粉底液 PO-01 30ml
商品名 ：【累计热销478.4万+件】LANCOME兰蔻持妆轻透粉底液30ml#PO-01
品牌    ：兰蔻 → 兰蔻 | ✅
容量规格：{'30'} → {'30'} | ✅
色号    ：{'01'} → {'01', 'po'}
浓度    ： →  | ✅
简装    ： →  | ✅
套装    ：不含 → 不含 | ✅
清洗后  ：持妆粉底液po → 持妆轻透粉底液
品名匹配：词袋(75.0%) | ✅
结果    ：✅ PASS | 原因：所有检查通过
============================================================
🔧 标题包含多规格 (容量:{'30'}, 色号:{'01', 'po'})，尝试进入规格面板匹配...

[DEBUG][get_sku_price_auto] 开始匹配，搜索词: '兰蔻 持妆粉底液 PO-01 30ml'
[DEBUG][get_sku_identifiers] 提取标识: ['01', 'po', '30ml']
[DEBUG][get_sku_price_auto] 当前已选规格匹配，价格: 167
✅ 规格匹配成功，且品名已匹配，校验通过

================================================================================
货品名称：【累计热销478.4万+件】LANCOME兰蔻持妆轻透粉底液30ml#PO-01
关键词：兰蔻 持妆粉底液 PO-01 30ml
原价：279.0 | 现价：167
匹配规格：已选: 30mL PO-01 象牙白 | 规格价格：167
百亿补贴：是 | 日期：2024-10-01
校验通过：✅ True
================================================================================
✅ 优先级 4 中已有商品通过校验，停止降级
📁 采集记录已保存，总行数：359
📋 校验记录已保存，总记录数：349
✅ 序号 147 已标记为已采集

⏸ 等待 1 秒后继续...
⏳ 等待下一个商品：[██████████████████████████████] 100% (1/1s)

🔍 搜索：兰蔻 极光乳液净澈焕肤亮白乳液 75ml

===== 优先级 4，共 1 个商品 =====
--- 进入商品 1/1 ---
============================================================
搜索词 ：兰蔻 极光乳液净澈焕肤亮白乳液 75ml
商品名 ：【正品行货】兰蔻极光乳液75ml 净澈焕肤亮白乳液美白补水保湿
品牌    ：兰蔻 → 兰蔻 | ✅
容量规格：{'75'} → {'75'} | ✅
色号    ：set() → set()
浓度    ： →  | ✅
简装    ： →  | ✅
套装    ：不含 → 不含 | ✅
清洗后  ：极光乳液净澈焕肤亮白乳液 → 极光乳液净澈焕肤亮白乳液美白补水
品名匹配：词袋(100.0%) | ✅
结果    ：✅ PASS | 原因：所有检查通过
============================================================

================================================================================
货品名称：【正品行货】兰蔻极光乳液75ml 净澈焕肤亮白乳液美白补水保湿
关键词：兰蔻 极光乳液净澈焕肤亮白乳液 75ml
原价：439.0 | 现价：439.0
百亿补贴：是 | 日期：2026-02-01
校验通过：✅ True
================================================================================
✅ 优先级 4 中已有商品通过校验，停止降级
📁 采集记录已保存，总行数：363
📋 校验记录已保存，总记录数：350
✅ 序号 148 已标记为已采集

⏸ 等待 1 秒后继续...
⏳ 等待下一个商品：[██████████████████████████████] 100% (1/1s)

🔍 搜索：兰蔻 极光水250ML新款

===== 优先级 4，共 3 个商品 =====
--- 进入商品 1/3 ---
============================================================
搜索词 ：兰蔻 极光水250ML新款
商品名 ：【百补品牌热销289.8万件】双支 单品 LANCOME兰蔻二代极光水双重精华水250ml
品牌    ：兰蔻 → 兰蔻 | ✅
容量规格：{'250'} → {'250'} | ✅
色号    ：set() → set()
浓度    ： →  | ✅
简装    ： →  | ✅
套装    ：不含 → 不含 | ✅
清洗后  ：极光水新 → 二代极光水双重水
品名匹配：词袋(66.7%) | ✅
结果    ：✅ PASS | 原因：所有检查通过
============================================================

================================================================================
货品名称：【百补品牌热销289.8万件】双支 单品 LANCOME兰蔻二代极光水双重精华水250ml
关键词：兰蔻 极光水250ML新款
原价：1059.0 | 现价：1059.0
百亿补贴：是 | 日期：2025-11-01
校验通过：✅ True
================================================================================
--- 进入商品 2/3 ---
============================================================
搜索词 ：兰蔻 极光水250ML新款
商品名 ：【兰蔻】Lancome兰蔻第二代极光水250ml净澈焕肤保湿精华水
品牌    ：兰蔻 → 兰蔻 | ✅
容量规格：{'250'} → {'250'} | ✅
色号    ：set() → set()
浓度    ： →  | ✅
简装    ： →  | ✅
套装    ：不含 → 不含 | ✅
清洗后  ：极光水新 → 第二代极光水净澈焕肤水
品名匹配：词袋(66.7%) | ✅
结果    ：✅ PASS | 原因：所有检查通过
============================================================

================================================================================
货品名称：【兰蔻】Lancome兰蔻第二代极光水250ml净澈焕肤保湿精华水
关键词：兰蔻 极光水250ML新款
原价：550.0 | 现价：415.0
百亿补贴：是 | 日期：2025-01-01
校验通过：✅ True
================================================================================
--- 进入商品 3/3 ---
============================================================
搜索词 ：兰蔻 极光水250ML新款
商品名 ：【兰蔻】Lancome兰蔻第二代极光水250ml净澈焕肤保湿*2瓶
品牌    ：兰蔻 → 兰蔻 | ✅
容量规格：{'250'} → {'250', '2'} | ✅
色号    ：set() → set()
浓度    ： →  | ✅
简装    ： →  | ✅
套装    ：不含 → 不含 | ✅
清洗后  ：极光水新 → 第二代极光水净澈焕肤
品名匹配：词袋(66.7%) | ✅
结果    ：✅ PASS | 原因：所有检查通过
============================================================
🔧 标题包含多规格 (容量:{'250', '2'}, 色号:set())，尝试进入规格面板匹配...

[DEBUG][get_sku_price_auto] 开始匹配，搜索词: '兰蔻 极光水250ML新款'
[DEBUG][get_sku_identifiers] 提取标识: ['250ml']
[DEBUG][get_sku_price_auto] 当前已选规格匹配，价格: 838
✅ 规格匹配成功，且品名已匹配，校验通过

================================================================================
货品名称：【兰蔻】Lancome兰蔻第二代极光水250ml净澈焕肤保湿*2瓶
关键词：兰蔻 极光水250ML新款
原价：1100.0 | 现价：838
匹配规格：已选: 250ml*2瓶 | 规格价格：838
百亿补贴：是 | 日期：2025-01-01
校验通过：✅ True
================================================================================
✅ 优先级 4 中已有商品通过校验，停止降级
📁 采集记录已保存，总行数：367
📋 校验记录已保存，总记录数：353
✅ 序号 149 已标记为已采集

⏸ 等待 1 秒后继续...
⏳ 等待下一个商品：[██████████████████████████████] 100% (1/1s)

🔍 搜索：兰蔻二代精华肌底液115ml

===== 优先级 4，共 1 个商品 =====
--- 进入商品 1/1 ---
============================================================
搜索词 ：兰蔻二代精华肌底液115ml
商品名 ：【兰蔻】小黑瓶精华115ml第二代肌底液强韧屏障维稳修护滋润保湿【5天内发货】
品牌    ：兰蔻 → 兰蔻 | ✅
容量规格：{'115'} → {'115'} | ✅
色号    ：set() → set()
浓度    ： →  | ✅
简装    ： →  | ✅
套装    ：不含 → 不含 | ✅
清洗后  ：二代肌底液 → 小黑瓶第二代肌底液强韧屏障维稳
品名匹配：词袋(100.0%) | ✅
结果    ：✅ PASS | 原因：所有检查通过
============================================================

================================================================================
货品名称：【兰蔻】小黑瓶精华115ml第二代肌底液强韧屏障维稳修护滋润保湿【5天内发货】
关键词：兰蔻二代精华肌底液115ml
原价：799.0 | 现价：799.0
百亿补贴：是 | 日期：2024-11-30
校验通过：✅ True
================================================================================
✅ 优先级 4 中已有商品通过校验，停止降级
📁 采集记录已保存，总行数：371
📋 校验记录已保存，总记录数：354
✅ 序号 150 已标记为已采集

⏸ 等待 1 秒后继续...
⏳ 等待下一个商品：[██████████████████████████████] 100% (1/1s)

🔍 搜索：兰蔻粉水400ml 旧版

===== 优先级 4，共 1 个商品 =====
--- 进入商品 1/1 ---
============================================================
搜索词 ：兰蔻粉水400ml 旧版
商品名 ：【三只松鼠】_风味小腊肠蜜汁味/香辣味150g迷你香肠即食解馋小零食
品牌    ：兰蔻 → 未匹配 | ❌
容量规格：{'400'} → {'150'} | ❌
色号    ：set() → set()
浓度    ： →  | ✅
简装    ： →  | ✅
套装    ：不含 → 不含 | ✅
清洗后  ：粉水旧 → _风味小腊肠蜜汁味香辣味迷你香肠即食解馋小零食
品名匹配：LCS子序列(0.0%) | ❌
结果    ：❌ FAIL | 原因：品牌不一致；规格不匹配；品名相似不足(ratio=0.0%)
============================================================
🔧 校验失败原因为规格不匹配，尝试进入规格面板匹配...

[DEBUG][get_sku_price_auto] 开始匹配，搜索词: '兰蔻粉水400ml 旧版'
[DEBUG][get_sku_identifiers] 提取标识: ['400ml']
[DEBUG][get_sku_price_auto] 当前已选规格不匹配，尝试点击规格...
[DEBUG][get_sku_price_auto] 所有标识尝试完毕，仍无价格
⚠️ 规格匹配未获取到有效价格，已记录为匹配失败，校验结果强制为不通过

================================================================================
货品名称：【三只松鼠】_风味小腊肠蜜汁味/香辣味150g迷你香肠即食解馋小零食
关键词：兰蔻粉水400ml 旧版
原价：10.9 | 现价：10.9
匹配规格：匹配失败 | 规格价格：
百亿补贴：是 | 日期：
校验通过：❌ False
================================================================================
⚠️ 优先级 4 全部未通过，尝试下一优先级

===== 优先级 2，共 2 个商品 =====
--- 进入商品 1/2 ---
============================================================
搜索词 ：兰蔻粉水400ml 旧版
商品名 ：【正品行货】兰蔻粉水清滢保湿柔肤水50ml*8玫瑰大粉水爽肤水补水
品牌    ：兰蔻 → 兰蔻 | ✅
容量规格：{'400'} → {'50', '8'} | ❌
色号    ：set() → {'玫瑰'}
浓度    ： →  | ✅
简装    ： →  | ✅
套装    ：不含 → 不含 | ✅
清洗后  ：粉水旧 → 粉水清滢柔肤水大粉水爽肤水补水
品名匹配：词袋(50.0%) | ✅
结果    ：❌ FAIL | 原因：规格不匹配
============================================================
🔧 标题包含多规格 (容量:{'50', '8'}, 色号:{'玫瑰'})，尝试进入规格面板匹配...

[DEBUG][get_sku_price_auto] 开始匹配，搜索词: '兰蔻粉水400ml 旧版'
[DEBUG][get_sku_identifiers] 提取标识: ['400ml']
[DEBUG][get_sku_price_auto] 当前已选规格匹配，价格: 168
✅ 规格匹配成功，且品名已匹配，校验通过

================================================================================
货品名称：【正品行货】兰蔻粉水清滢保湿柔肤水50ml*8玫瑰大粉水爽肤水补水
关键词：兰蔻粉水400ml 旧版
原价：168.0 | 现价：168
匹配规格：已选: 新升级粉水50ml*8只装[共400ml] | 规格价格：168
百亿补贴：否 | 日期：
校验通过：✅ True
================================================================================
--- 进入商品 2/2 ---
============================================================
搜索词 ：兰蔻粉水400ml 旧版
商品名 ：【三只松鼠】_风味小腊肠蜜汁味/香辣味150g迷你香肠即食解馋小零食
品牌    ：兰蔻 → 未匹配 | ❌
容量规格：{'400'} → {'150'} | ❌
色号    ：set() → set()
浓度    ： →  | ✅
简装    ： →  | ✅
套装    ：不含 → 不含 | ✅
清洗后  ：粉水旧 → _风味小腊肠蜜汁味香辣味迷你香肠即食解馋小零食
品名匹配：LCS子序列(0.0%) | ❌
结果    ：❌ FAIL | 原因：品牌不一致；规格不匹配；品名相似不足(ratio=0.0%)
============================================================
🔧 校验失败原因为规格不匹配，尝试进入规格面板匹配...

[DEBUG][get_sku_price_auto] 开始匹配，搜索词: '兰蔻粉水400ml 旧版'
[DEBUG][get_sku_identifiers] 提取标识: ['400ml']
[DEBUG][get_sku_price_auto] 当前已选规格不匹配，尝试点击规格...
[DEBUG][get_sku_price_auto] 所有标识尝试完毕，仍无价格
⚠️ 规格匹配未获取到有效价格，已记录为匹配失败，校验结果强制为不通过

================================================================================
货品名称：【三只松鼠】_风味小腊肠蜜汁味/香辣味150g迷你香肠即食解馋小零食
关键词：兰蔻粉水400ml 旧版
原价：10.9 | 现价：10.9
匹配规格：匹配失败 | 规格价格：
百亿补贴：是 | 日期：
校验通过：❌ False
================================================================================
✅ 优先级 2 中已有商品通过校验，停止降级
📁 采集记录已保存，总行数：374
📋 校验记录已保存，总记录数：357
✅ 序号 151 已标记为已采集

⏸ 等待 1 秒后继续...
⏳ 等待下一个商品：[██████████████████████████████] 100% (1/1s)

🔍 搜索：兰蔻粉水400ml 新版

===== 优先级 4，共 2 个商品 =====
--- 进入商品 1/2 ---
============================================================
搜索词 ：兰蔻粉水400ml 新版
商品名 ：【正品行货】兰蔻新款清滢柔肤水大粉水400ml*2舒缓滋润干皮补水
品牌    ：兰蔻 → 兰蔻 | ✅
容量规格：{'400'} → {'400', '2'} | ✅
色号    ：set() → set()
浓度    ： →  | ✅
简装    ： →  | ✅
套装    ：不含 → 不含 | ✅
清洗后  ：粉水 → 新清滢柔肤水大粉水舒缓补水
品名匹配：词袋(100.0%) | ✅
结果    ：✅ PASS | 原因：所有检查通过
============================================================
🔧 标题包含多规格 (容量:{'400', '2'}, 色号:set())，尝试进入规格面板匹配...

[DEBUG][get_sku_price_auto] 开始匹配，搜索词: '兰蔻粉水400ml 新版'
[DEBUG][get_sku_identifiers] 提取标识: ['400ml']
[DEBUG][get_sku_price_auto] 当前已选规格匹配，价格: 245
✅ 规格匹配成功，且品名已匹配，校验通过

================================================================================
货品名称：【正品行货】兰蔻新款清滢柔肤水大粉水400ml*2舒缓滋润干皮补水
关键词：兰蔻粉水400ml 新版
原价：379.0 | 现价：245
匹配规格：已选: 400mL 兰蔻新款大粉水400ml*2瓶 | 规格价格：245
百亿补贴：是 | 日期：2025-05-01
校验通过：✅ True
================================================================================
--- 进入商品 2/2 ---
============================================================
搜索词 ：兰蔻粉水400ml 新版
商品名 ：【正品行货】兰蔻新款大粉水400ml补水保湿面部抗氧化明星
品牌    ：兰蔻 → 兰蔻 | ✅
容量规格：{'400'} → {'400'} | ✅
色号    ：set() → set()
浓度    ： →  | ✅
简装    ： →  | ✅
套装    ：不含 → 不含 | ✅
清洗后  ：粉水 → 新大粉水补水面部抗氧化明星
品名匹配：词袋(100.0%) | ✅
结果    ：✅ PASS | 原因：所有检查通过
============================================================

================================================================================
货品名称：【正品行货】兰蔻新款大粉水400ml补水保湿面部抗氧化明星
关键词：兰蔻粉水400ml 新版
原价：188.0 | 现价：126.0
百亿补贴：是 | 日期：2025-01-01
校验通过：✅ True
================================================================================
✅ 优先级 4 中已有商品通过校验，停止降级
📁 采集记录已保存，总行数：378
📋 校验记录已保存，总记录数：359
✅ 序号 152 已标记为已采集

⏸ 等待 1 秒后继续...
⏳ 等待下一个商品：[██████████████████████████████] 100% (1/1s)

🔍 搜索：兰蔻第二代肌底液100ml

===== 优先级 4，共 3 个商品 =====
--- 进入商品 1/3 ---
============================================================
搜索词 ：兰蔻第二代肌底液100ml
商品名 ：【兰蔻】精华肌底液100ml 第二代小黑瓶面部精华 保湿修护紧致抗皱【5天内发货】
品牌    ：兰蔻 → 兰蔻 | ✅
容量规格：{'100'} → {'100'} | ✅
色号    ：set() → set()
浓度    ： →  | ✅
简装    ： →  | ✅
套装    ：不含 → 不含 | ✅
清洗后  ：第二代肌底液 → 肌底液第二代小黑瓶面部紧致抗皱
品名匹配：词袋(85.7%) | ✅
结果    ：✅ PASS | 原因：所有检查通过
============================================================

================================================================================
货品名称：【兰蔻】精华肌底液100ml 第二代小黑瓶面部精华 保湿修护紧致抗皱【5天内发货】
关键词：兰蔻第二代肌底液100ml
原价：599.0 | 现价：418.0
百亿补贴：否 | 日期：
校验通过：✅ True
================================================================================
--- 进入商品 2/3 ---
============================================================
搜索词 ：兰蔻第二代肌底液100ml
商品名 ：LANCOME兰蔻第二代小黑瓶肌底液100ml【5天内发货】
品牌    ：兰蔻 → 兰蔻 | ✅
容量规格：{'100'} → {'100'} | ✅
色号    ：set() → set()
浓度    ： →  | ✅
简装    ： →  | ✅
套装    ：不含 → 不含 | ✅
清洗后  ：第二代肌底液 → 第二代小黑瓶肌底液
品名匹配：词袋(85.7%) | ✅
结果    ：✅ PASS | 原因：所有检查通过
============================================================

================================================================================
货品名称：LANCOME兰蔻第二代小黑瓶肌底液100ml【5天内发货】
关键词：兰蔻第二代肌底液100ml
原价：425.0 | 现价：425.0
百亿补贴：否 | 日期：
校验通过：✅ True
================================================================================
--- 进入商品 3/3 ---
============================================================
搜索词 ：兰蔻第二代肌底液100ml
商品名 ：LANCOME兰蔻第二代小黑瓶肌底液100ml【5天内发货】
品牌    ：兰蔻 → 兰蔻 | ✅
容量规格：{'100'} → {'100'} | ✅
色号    ：set() → set()
浓度    ： →  | ✅
简装    ： →  | ✅
套装    ：不含 → 不含 | ✅
清洗后  ：第二代肌底液 → 第二代小黑瓶肌底液
品名匹配：词袋(85.7%) | ✅
结果    ：✅ PASS | 原因：所有检查通过
============================================================

================================================================================
货品名称：LANCOME兰蔻第二代小黑瓶肌底液100ml【5天内发货】
关键词：兰蔻第二代肌底液100ml
原价：499.0 | 现价：415.0
百亿补贴：否 | 日期：
校验通过：✅ True
================================================================================
✅ 优先级 4 中已有商品通过校验，停止降级
📁 采集记录已保存，总行数：383
📋 校验记录已保存，总记录数：362
✅ 序号 153 已标记为已采集

⏸ 等待 1 秒后继续...
⏳ 等待下一个商品：[██████████████████████████████] 100% (1/1s)

🔍 搜索：兰蔻极光洁面乳125ml

===== 优先级 4，共 1 个商品 =====
--- 进入商品 1/1 ---
============================================================
搜索词 ：兰蔻极光洁面乳125ml
商品名 ：【8.35万人评价品牌正品】Lancome/兰蔻极光洁面125ml温和去污
品牌    ：兰蔻 → 兰蔻 | ✅
容量规格：{'125'} → {'125'} | ✅
色号    ：set() → set()
浓度    ： →  | ✅
简装    ： →  | ✅
套装    ：不含 → 不含 | ✅
清洗后  ：极光洁面乳 → 极光洁面去污
品名匹配：词袋(80.0%) | ✅
结果    ：✅ PASS | 原因：所有检查通过
============================================================

================================================================================
货品名称：【8.35万人评价品牌正品】Lancome/兰蔻极光洁面125ml温和去污
关键词：兰蔻极光洁面乳125ml
原价：153.0 | 现价：153.0
百亿补贴：是 | 日期：2025-08-02
校验通过：✅ True
================================================================================
✅ 优先级 4 中已有商品通过校验，停止降级
📁 采集记录已保存，总行数：387
📋 校验记录已保存，总记录数：363
✅ 序号 154 已标记为已采集

⏸ 等待 1 秒后继续...
⏳ 等待下一个商品：[██████████████████████████████] 100% (1/1s)

🔍 搜索：兰蔻极光美白精华50ml 新款

===== 优先级 2，共 1 个商品 =====
--- 进入商品 1/1 ---
============================================================
搜索词 ：兰蔻极光美白精华50ml 新款
商品名 ：【专柜行货】兰蔻极光焕白精华50ml 淡痘印改善闭口温和美白精华
品牌    ：兰蔻 → 兰蔻 | ✅
容量规格：{'50'} → {'50'} | ✅
色号    ：set() → set()
浓度    ： →  | ✅
简装    ： →  | ✅
套装    ：不含 → 不含 | ✅
清洗后  ：极光美白 → 极光焕白淡痘印改善闭口美白
品名匹配：词袋(66.7%) | ✅
结果    ：✅ PASS | 原因：所有检查通过
============================================================

================================================================================
货品名称：【专柜行货】兰蔻极光焕白精华50ml 淡痘印改善闭口温和美白精华
关键词：兰蔻极光美白精华50ml 新款
原价：1250.0 | 现价：1037.0
百亿补贴：否 | 日期：
校验通过：✅ True
================================================================================
✅ 优先级 2 中已有商品通过校验，停止降级
📁 采集记录已保存，总行数：389
📋 校验记录已保存，总记录数：364
✅ 序号 155 已标记为已采集

⏸ 等待 1 秒后继续...
⏳ 等待下一个商品：[██████████████████████████████] 100% (1/1s)

🔍 搜索：兰蔻菁纯丝绒雾面唇膏200#

===== 优先级 4，共 1 个商品 =====
--- 进入商品 1/1 ---
============================================================
搜索词 ：兰蔻菁纯丝绒雾面唇膏200#
商品名 ：【三只松鼠】_风味小腊肠蜜汁味/香辣味150g迷你香肠即食解馋小零食
品牌    ：兰蔻 → 未匹配 | ❌
容量规格：set() → {'150'} | ❌
色号    ：{'200'} → set()
浓度    ： →  | ✅
简装    ： →  | ✅
套装    ：不含 → 不含 | ✅
清洗后  ：菁纯丝绒雾面唇膏 → _风味小腊肠蜜汁味香辣味迷你香肠即食解馋小零食
品名匹配：LCS子序列(0.0%) | ❌
结果    ：❌ FAIL | 原因：品牌不一致；规格不匹配；品名相似不足(ratio=0.0%)
============================================================
🔧 校验失败原因为规格不匹配，尝试进入规格面板匹配...

[DEBUG][get_sku_price_auto] 开始匹配，搜索词: '兰蔻菁纯丝绒雾面唇膏200#'
[DEBUG][get_sku_identifiers] 提取标识: ['200']
[DEBUG][get_sku_price_auto] 当前已选规格不匹配，尝试点击规格...
[DEBUG][_click_sku_by_identifier] 尝试点击标识: '200'
[DEBUG][get_sku_price_auto] 所有标识尝试完毕，仍无价格
⚠️ 规格匹配未获取到有效价格，已记录为匹配失败，校验结果强制为不通过

================================================================================
货品名称：【三只松鼠】_风味小腊肠蜜汁味/香辣味150g迷你香肠即食解馋小零食
关键词：兰蔻菁纯丝绒雾面唇膏200#
原价：10.9 | 现价：10.9
匹配规格：匹配失败 | 规格价格：
百亿补贴：是 | 日期：
校验通过：❌ False
================================================================================
⚠️ 优先级 4 全部未通过，尝试下一优先级

===== 优先级 2，共 1 个商品 =====
--- 进入商品 1/1 ---
============================================================
搜索词 ：兰蔻菁纯丝绒雾面唇膏200#
商品名 ：【三只松鼠】_风味小腊肠蜜汁味/香辣味150g迷你香肠即食解馋小零食
品牌    ：兰蔻 → 未匹配 | ❌
容量规格：set() → {'150'} | ❌
色号    ：{'200'} → set()
浓度    ： →  | ✅
简装    ： →  | ✅
套装    ：不含 → 不含 | ✅
清洗后  ：菁纯丝绒雾面唇膏 → _风味小腊肠蜜汁味香辣味迷你香肠即食解馋小零食
品名匹配：LCS子序列(0.0%) | ❌
结果    ：❌ FAIL | 原因：品牌不一致；规格不匹配；品名相似不足(ratio=0.0%)
============================================================
🔧 校验失败原因为规格不匹配，尝试进入规格面板匹配...

[DEBUG][get_sku_price_auto] 开始匹配，搜索词: '兰蔻菁纯丝绒雾面唇膏200#'
[DEBUG][get_sku_identifiers] 提取标识: ['200']
[DEBUG][get_sku_price_auto] 当前已选规格不匹配，尝试点击规格...
[DEBUG][_click_sku_by_identifier] 尝试点击标识: '200'
[DEBUG][get_sku_price_auto] 所有标识尝试完毕，仍无价格
⚠️ 规格匹配未获取到有效价格，已记录为匹配失败，校验结果强制为不通过

================================================================================
货品名称：【三只松鼠】_风味小腊肠蜜汁味/香辣味150g迷你香肠即食解馋小零食
关键词：兰蔻菁纯丝绒雾面唇膏200#
原价：10.9 | 现价：10.9
匹配规格：匹配失败 | 规格价格：
百亿补贴：是 | 日期：
校验通过：❌ False
================================================================================
⚠️ 优先级 2 全部未通过，尝试下一优先级
🔽 降级到全球购，返回顶部并重新识别（不自动下滑）

===== 优先级 1，共 3 个商品 =====
--- 进入商品 1/3 ---
============================================================
搜索词 ：兰蔻菁纯丝绒雾面唇膏200#
商品名 ：【兰蔻】菁纯小蛮腰唇膏 丝绒雾面哑光口红#200拽姐棕#292半熟粉【5天内发货】
品牌    ：兰蔻 → 兰蔻 | ✅
容量规格：set() → set() | ✅
色号    ：{'200'} → {'200', '292'}
浓度    ： →  | ✅
简装    ： →  | ✅
套装    ：不含 → 不含 | ✅
清洗后  ：菁纯丝绒雾面唇膏 → 菁纯小蛮腰唇膏丝绒雾面哑光口红拽姐棕半熟粉
品名匹配：词袋(71.4%) | ✅
结果    ：✅ PASS | 原因：所有检查通过
============================================================
🔧 标题包含多规格 (容量:set(), 色号:{'200', '292'})，尝试进入规格面板匹配...

[DEBUG][get_sku_price_auto] 开始匹配，搜索词: '兰蔻菁纯丝绒雾面唇膏200#'
[DEBUG][get_sku_identifiers] 提取标识: ['200']
[DEBUG][get_sku_price_auto] 当前已选规格匹配，价格: 159
✅ 规格匹配成功，且品名已匹配，校验通过

================================================================================
货品名称：【兰蔻】菁纯小蛮腰唇膏 丝绒雾面哑光口红#200拽姐棕#292半熟粉【5天内发货】
关键词：兰蔻菁纯丝绒雾面唇膏200#
原价：159.0 | 现价：159
匹配规格：已选: 丝绒200#拽姐棕 | 规格价格：159
百亿补贴：否 | 日期：
校验通过：✅ True
================================================================================
--- 进入商品 2/3 ---
============================================================
搜索词 ：兰蔻菁纯丝绒雾面唇膏200#
商品名 ：LANCOME兰蔻黑管小蛮腰菁纯丝绒哑光唇膏丝滑浓郁显白口红
品牌    ：兰蔻 → 兰蔻 | ✅
容量规格：set() → set() | ❌
色号    ：{'200'} → set()
浓度    ： →  | ✅
简装    ： →  | ✅
套装    ：不含 → 不含 | ✅
清洗后  ：菁纯丝绒雾面唇膏 → 黑管小蛮腰菁纯丝绒哑光唇膏丝滑浓郁显白口红
品名匹配：词袋(57.1%) | ✅
结果    ：❌ FAIL | 原因：规格不匹配
============================================================
🔧 校验失败原因为规格不匹配，尝试进入规格面板匹配...

[DEBUG][get_sku_price_auto] 开始匹配，搜索词: '兰蔻菁纯丝绒雾面唇膏200#'
[DEBUG][get_sku_identifiers] 提取标识: ['200']
[DEBUG][get_sku_price_auto] 当前已选规格不匹配，尝试点击规格...
[DEBUG][_click_sku_by_identifier] 尝试点击标识: '200'
[DEBUG][get_sku_price_auto] 所有标识尝试完毕，仍无价格
⚠️ 规格匹配未获取到有效价格，已记录为匹配失败，校验结果强制为不通过

================================================================================
货品名称：LANCOME兰蔻黑管小蛮腰菁纯丝绒哑光唇膏丝滑浓郁显白口红
关键词：兰蔻菁纯丝绒雾面唇膏200#
原价：180.0 | 现价：180.0
匹配规格：匹配失败 | 规格价格：
百亿补贴：否 | 日期：
校验通过：❌ False
================================================================================
--- 进入商品 3/3 ---
============================================================
搜索词 ：兰蔻菁纯丝绒雾面唇膏200#
商品名 ：【正品保证】兰蔻口红菁纯丝绒雾面唇膏#274小蛮腰持久显白哑光
品牌    ：兰蔻 → 兰蔻 | ✅
容量规格：set() → set() | ❌
色号    ：{'200'} → {'274'}
浓度    ： →  | ✅
简装    ： →  | ✅
套装    ：不含 → 不含 | ✅
清洗后  ：菁纯丝绒雾面唇膏 → 口红菁纯丝绒雾面唇膏小蛮腰显白哑光
品名匹配：词袋(100.0%) | ✅
结果    ：❌ FAIL | 原因：规格不匹配
============================================================
🔧 校验失败原因为规格不匹配，尝试进入规格面板匹配...

[DEBUG][get_sku_price_auto] 开始匹配，搜索词: '兰蔻菁纯丝绒雾面唇膏200#'
[DEBUG][get_sku_identifiers] 提取标识: ['200']
[DEBUG][get_sku_price_auto] 当前已选规格不匹配，尝试点击规格...
[DEBUG][_click_sku_by_identifier] 尝试点击标识: '200'
[DEBUG][_click_sku_by_identifier] 点击有效规格(可点击): 200哑光 刚刚抢光
[DEBUG][get_sku_price_auto] 所有标识尝试完毕，仍无价格
⚠️ 规格匹配未获取到有效价格，已记录为匹配失败，校验结果强制为不通过

================================================================================
货品名称：【正品保证】兰蔻口红菁纯丝绒雾面唇膏#274小蛮腰持久显白哑光
关键词：兰蔻菁纯丝绒雾面唇膏200#
原价：229.0 | 现价：229.0
匹配规格：匹配失败 | 规格价格：
百亿补贴：否 | 日期：2025-02-01
校验通过：❌ False
================================================================================
✅ 优先级 1 中已有商品通过校验，停止降级
📁 采集记录已保存，总行数：394
📋 校验记录已保存，总记录数：369
✅ 序号 156 已标记为已采集

⏸ 等待 1 秒后继续...
⏳ 等待下一个商品：[██████████████████████████████] 100% (1/1s)

🔍 搜索：兰蔻奇迹香水30ml

===== 优先级 4，共 1 个商品 =====
--- 进入商品 1/1 ---
============================================================
搜索词 ：兰蔻奇迹香水30ml
商品名 ：LANCOME/兰蔻 奇迹香氛女士香水30ml 优雅花香调持久淡香送女友【5天内发货】
品牌    ：兰蔻 → 兰蔻 | ✅
容量规格：{'30'} → {'30'} | ✅
色号    ：set() → set()
浓度    ： → 淡香 | ✅
简装    ： →  | ✅
套装    ：不含 → 不含 | ✅
清洗后  ：奇迹 → 奇迹女士优雅送女友
品名匹配：词袋(100.0%) | ✅
结果    ：✅ PASS | 原因：所有检查通过
============================================================

================================================================================
货品名称：LANCOME/兰蔻 奇迹香氛女士香水30ml 优雅花香调持久淡香送女友【5天内发货】
关键词：兰蔻奇迹香水30ml
原价：399.0 | 现价：399.0
百亿补贴：否 | 日期：
校验通过：✅ True
================================================================================
✅ 优先级 4 中已有商品通过校验，停止降级
📁 采集记录已保存，总行数：399
📋 校验记录已保存，总记录数：370
✅ 序号 157 已标记为已采集

⏸ 等待 1 秒后继续...
⏳ 等待下一个商品：[██████████████████████████████] 100% (1/1s)

🔍 搜索：兰蔻清爽防晒50ml 25款

===== 优先级 2，共 2 个商品 =====
--- 进入商品 1/2 ---
============================================================
搜索词 ：兰蔻清爽防晒50ml 25款
商品名 ：【兰蔻】小白管防晒50ml隔离清爽防晒霜25年款全新升级版
品牌    ：兰蔻 → 兰蔻 | ✅
容量规格：{'50'} → {'50'} | ✅
色号    ：set() → set()
浓度    ： →  | ✅
简装    ： →  | ✅
套装    ：不含 → 不含 | ✅
清洗后  ：防晒 → 小白管防晒隔离防晒霜全新升级
品名匹配：词袋(100.0%) | ✅
结果    ：✅ PASS | 原因：所有检查通过
============================================================

================================================================================
货品名称：【兰蔻】小白管防晒50ml隔离清爽防晒霜25年款全新升级版
关键词：兰蔻清爽防晒50ml 25款
原价：309.0 | 现价：309.0
百亿补贴：否 | 日期：2025-01-01
校验通过：✅ True
================================================================================
--- 进入商品 2/2 ---
============================================================
搜索词 ：兰蔻清爽防晒50ml 25款
商品名 ：【784.6万人收藏该品牌】2支兰蔻小白管防晒50ml隔离清爽防晒霜全新25年新款
品牌    ：兰蔻 → 兰蔻 | ✅
容量规格：{'50'} → {'50', '2'} | ✅
色号    ：set() → {'784'}
浓度    ： →  | ✅
简装    ： →  | ✅
套装    ：不含 → 不含 | ✅
清洗后  ：防晒 → 小白管防晒隔离防晒霜全新新
品名匹配：词袋(100.0%) | ✅
结果    ：✅ PASS | 原因：所有检查通过
============================================================
🔧 标题包含多规格 (容量:{'50', '2'}, 色号:{'784'})，尝试进入规格面板匹配...

[DEBUG][get_sku_price_auto] 开始匹配，搜索词: '兰蔻清爽防晒50ml 25款'
[DEBUG][get_sku_identifiers] 提取标识: ['50ml']
[DEBUG][get_sku_price_auto] 当前已选规格匹配，价格: 609
✅ 规格匹配成功，且品名已匹配，校验通过

================================================================================
货品名称：【784.6万人收藏该品牌】2支兰蔻小白管防晒50ml隔离清爽防晒霜全新25年新款
关键词：兰蔻清爽防晒50ml 25款
原价：609.0 | 现价：609
匹配规格：已选: 清爽防晒 50ml*2（25年新款） | 规格价格：609
百亿补贴：否 | 日期：2025-01-01
校验通过：✅ True
================================================================================
✅ 优先级 2 中已有商品通过校验，停止降级
📁 采集记录已保存，总行数：402
📋 校验记录已保存，总记录数：372
✅ 序号 158 已标记为已采集

⏸ 等待 1 秒后继续...
⏳ 等待下一个商品：[██████████████████████████████] 100% (1/1s)

🔍 搜索：兰蔻是我淡香水 50ml

===== 优先级 4，共 1 个商品 =====
--- 进入商品 1/1 ---
============================================================
搜索词 ：兰蔻是我淡香水 50ml
商品名 ：【累计热销478.4万+件】Lancome/兰蔻是我IDOLE偶像淡香水50ML清新浪漫香氛
品牌    ：兰蔻 → 兰蔻 | ✅
容量规格：{'50'} → {'50'} | ✅
色号    ：set() → set()
浓度    ：淡香 → 淡香 | ✅
简装    ： →  | ✅
套装    ：不含 → 不含 | ✅
清洗后  ：是我水 → 是我idole偶像水浪漫
品名匹配：词袋(50.0%) | ✅
结果    ：✅ PASS | 原因：所有检查通过
============================================================

================================================================================
货品名称：【累计热销478.4万+件】Lancome/兰蔻是我IDOLE偶像淡香水50ML清新浪漫香氛
关键词：兰蔻是我淡香水 50ml
原价：558.0 | 现价：558.0
百亿补贴：是 | 日期：2025-06-01
校验通过：✅ True
================================================================================
✅ 优先级 4 中已有商品通过校验，停止降级
📁 采集记录已保存，总行数：405
📋 校验记录已保存，总记录数：373
✅ 序号 159 已标记为已采集

⏸ 等待 1 秒后继续...
⏳ 等待下一个商品：[██████████████████████████████] 100% (1/1s)

🔍 搜索：兰蔻小白管防晒乳50ml

===== 优先级 4，共 3 个商品 =====
--- 进入商品 1/3 ---
============================================================
搜索词 ：兰蔻小白管防晒乳50ml
商品名 ：【累计热销478.4万+件】双支 单品 LANCOME兰蔻新版小白管轻透水漾防晒乳50ml
品牌    ：兰蔻 → 兰蔻 | ✅
容量规格：{'50'} → {'50'} | ✅
色号    ：set() → set()
浓度    ： →  | ✅
简装    ： →  | ✅
套装    ：不含 → 不含 | ✅
清洗后  ：小白管防晒乳 → 新小白管轻透水漾防晒乳
品名匹配：词袋(83.3%) | ✅
结果    ：✅ PASS | 原因：所有检查通过
============================================================

================================================================================
货品名称：【累计热销478.4万+件】双支 单品 LANCOME兰蔻新版小白管轻透水漾防晒乳50ml
关键词：兰蔻小白管防晒乳50ml
原价：659.0 | 现价：370.0
百亿补贴：是 | 日期：2025-04-01
校验通过：✅ True
================================================================================
--- 进入商品 2/3 ---
============================================================
搜索词 ：兰蔻小白管防晒乳50ml
商品名 ：【784.6万人收藏该品牌】两支 单品 兰蔻新版小白管轻透水漾防晒乳50ml
品牌    ：兰蔻 → 兰蔻 | ✅
容量规格：{'50'} → {'50', '2'} | ✅
色号    ：set() → {'784'}
浓度    ： →  | ✅
简装    ： →  | ✅
套装    ：不含 → 不含 | ✅
清洗后  ：小白管防晒乳 → 新小白管轻透水漾防晒乳
品名匹配：词袋(83.3%) | ✅
结果    ：✅ PASS | 原因：所有检查通过
============================================================
🔧 标题包含多规格 (容量:{'50', '2'}, 色号:{'784'})，尝试进入规格面板匹配...

[DEBUG][get_sku_price_auto] 开始匹配，搜索词: '兰蔻小白管防晒乳50ml'
[DEBUG][get_sku_identifiers] 提取标识: ['50ml']
[DEBUG][get_sku_price_auto] 当前已选规格匹配，价格: 454
✅ 规格匹配成功，且品名已匹配，校验通过

================================================================================
货品名称：【784.6万人收藏该品牌】两支 单品 兰蔻新版小白管轻透水漾防晒乳50ml
关键词：兰蔻小白管防晒乳50ml
原价：659.0 | 现价：454
匹配规格：已选: 50ml*2 | 规格价格：454
百亿补贴：是 | 日期：2025-04-01
校验通过：✅ True
================================================================================
--- 进入商品 3/3 ---
============================================================
搜索词 ：兰蔻小白管防晒乳50ml
商品名 ：【8.35万人评价品牌正品】LANCOME兰蔻新版小白管轻透水漾防晒乳50ml
品牌    ：兰蔻 → 兰蔻 | ✅
容量规格：{'50'} → {'50'} | ✅
色号    ：set() → set()
浓度    ： →  | ✅
简装    ： →  | ✅
套装    ：不含 → 不含 | ✅
清洗后  ：小白管防晒乳 → 新小白管轻透水漾防晒乳
品名匹配：词袋(83.3%) | ✅
结果    ：✅ PASS | 原因：所有检查通过
============================================================

================================================================================
货品名称：【8.35万人评价品牌正品】LANCOME兰蔻新版小白管轻透水漾防晒乳50ml
关键词：兰蔻小白管防晒乳50ml
原价：329.0 | 现价：191.8
百亿补贴：是 | 日期：2025-06-01
校验通过：✅ True
================================================================================
✅ 优先级 4 中已有商品通过校验，停止降级
📁 采集记录已保存，总行数：409
📋 校验记录已保存，总记录数：376
✅ 序号 160 已标记为已采集

⏸ 等待 1 秒后继续...
⏳ 等待下一个商品：[██████████████████████████████] 100% (1/1s)

🔍 搜索：兰蔻小黑瓶肌底液第二代100ml*2
🔽 降级到全球购，返回顶部并重新识别（不自动下滑）

===== 优先级 1，共 3 个商品 =====
--- 进入商品 1/3 ---
============================================================
搜索词 ：兰蔻小黑瓶肌底液第二代100ml*2
商品名 ：【兰蔻】精华肌底液100ml 第二代小黑瓶面部精华 保湿修护紧致抗皱【5天内发货】
品牌    ：兰蔻 → 兰蔻 | ✅
容量规格：{'100', '2'} → {'100'} | ❌
色号    ：set() → set()
浓度    ： →  | ✅
简装    ： →  | ✅
套装    ：不含 → 不含 | ✅
清洗后  ：小黑瓶肌底液第二代 → 肌底液第二代小黑瓶面部紧致抗皱
品名匹配：词袋(90.0%) | ✅
结果    ：❌ FAIL | 原因：规格不匹配
============================================================
🔧 校验失败原因为规格不匹配，尝试进入规格面板匹配...

[DEBUG][get_sku_price_auto] 开始匹配，搜索词: '兰蔻小黑瓶肌底液第二代100ml*2'
[DEBUG][get_sku_identifiers] 提取标识: ['100ml']
[DEBUG][get_sku_price_auto] 当前已选规格匹配，价格: 418
✅ 规格匹配成功，且品名已匹配，校验通过

================================================================================
货品名称：【兰蔻】精华肌底液100ml 第二代小黑瓶面部精华 保湿修护紧致抗皱【5天内发货】
关键词：兰蔻小黑瓶肌底液第二代100ml*2
原价：599.0 | 现价：418
匹配规格：已选: 100mL [国际保质期5年] | 规格价格：418
百亿补贴：否 | 日期：
校验通过：✅ True
================================================================================
--- 进入商品 2/3 ---
============================================================
搜索词 ：兰蔻小黑瓶肌底液第二代100ml*2
商品名 ：LANCOME兰蔻第二代小黑瓶肌底液100ml 无外盒【5天内发货】
品牌    ：兰蔻 → 兰蔻 | ✅
容量规格：{'100', '2'} → {'100'} | ❌
色号    ：set() → set()
浓度    ： →  | ✅
简装    ： →  | ✅
套装    ：不含 → 不含 | ✅
清洗后  ：小黑瓶肌底液第二代 → 第二代小黑瓶肌底液无外盒
品名匹配：词袋(90.0%) | ✅
结果    ：❌ FAIL | 原因：规格不匹配
============================================================
🔧 校验失败原因为规格不匹配，尝试进入规格面板匹配...

[DEBUG][get_sku_price_auto] 开始匹配，搜索词: '兰蔻小黑瓶肌底液第二代100ml*2'
[DEBUG][get_sku_identifiers] 提取标识: ['100ml']
[DEBUG][get_sku_price_auto] 当前已选规格匹配，价格: 415
✅ 规格匹配成功，且品名已匹配，校验通过

================================================================================
货品名称：LANCOME兰蔻第二代小黑瓶肌底液100ml 无外盒【5天内发货】
关键词：兰蔻小黑瓶肌底液第二代100ml*2
原价：499.0 | 现价：415
匹配规格：已选: 第二代小黑瓶100ml 无外盒  2023年产 | 规格价格：415
百亿补贴：否 | 日期：
校验通过：✅ True
================================================================================
--- 进入商品 3/3 ---
============================================================
搜索词 ：兰蔻小黑瓶肌底液第二代100ml*2
商品名 ：【兰蔻】小黑瓶第二代全新面部精华肌底液30/50ml 维稳修护细腻保湿【5天内发货】
品牌    ：兰蔻 → 兰蔻 | ✅
容量规格：{'100', '2'} → {'50', '30'} | ❌
色号    ：set() → set()
浓度    ： →  | ✅
简装    ： →  | ✅
套装    ：不含 → 不含 | ✅
清洗后  ：小黑瓶肌底液第二代 → 小黑瓶第二代全新面部肌底液维稳细腻
品名匹配：词袋(80.0%) | ✅
结果    ：❌ FAIL | 原因：规格不匹配
============================================================
🔧 标题包含多规格 (容量:{'50', '30'}, 色号:set())，尝试进入规格面板匹配...

[DEBUG][get_sku_price_auto] 开始匹配，搜索词: '兰蔻小黑瓶肌底液第二代100ml*2'
[DEBUG][get_sku_identifiers] 提取标识: ['100ml']
[DEBUG][get_sku_price_auto] 当前已选规格不匹配，尝试点击规格...
[DEBUG] 容量 100ml 找到 1 个控件
[DEBUG] 点击唯一容量控件: 100ml
[DEBUG] 容量 100ml 匹配成功，价格: 575
✅ 规格匹配成功，且品名已匹配，校验通过

================================================================================
货品名称：【兰蔻】小黑瓶第二代全新面部精华肌底液30/50ml 维稳修护细腻保湿【5天内发货】
关键词：兰蔻小黑瓶肌底液第二代100ml*2
原价：283.0 | 现价：575
匹配规格：已选: 100ml | 规格价格：575
百亿补贴：否 | 日期：
校验通过：✅ True
================================================================================
✅ 优先级 1 中已有商品通过校验，停止降级
📁 采集记录已保存，总行数：415
📋 校验记录已保存，总记录数：379
✅ 序号 161 已标记为已采集

⏸ 等待 1 秒后继续...
⏳ 等待下一个商品：[██████████████████████████████] 100% (1/1s)

🔍 搜索：兰蔻小黑瓶眼霜15ml
Traceback (most recent call last):
  File "/Users/vincentli/PycharmProjects/PythonProject/2026-4 群控/yolo/整合详情页采集/采集10.4 日志.py", line 849, in <module>
    main()
  File "/Users/vincentli/PycharmProjects/PythonProject/2026-4 群控/yolo/整合详情页采集/采集10.4 日志.py", line 833, in main
    search_product(kw)
  File "/Users/vincentli/PycharmProjects/PythonProject/2026-4 群控/yolo/整合详情页采集/采集10.4 日志.py", line 205, in search_product
    d.drag(width // 2, height // 2, width // 2, height // 2 + 400)
  File "/opt/miniconda3/envs/py3.8/lib/python3.8/site-packages/uiautomator2/__init__.py", line 302, in drag
    return self.jsonrpc.drag(sx, sy, ex, ey, int(duration * 200))
  File "/opt/miniconda3/envs/py3.8/lib/python3.8/site-packages/uiautomator2/base.py", line 158, in __call__
    return self.server.jsonrpc_call(self.method, params, http_timeout)
  File "/opt/miniconda3/envs/py3.8/lib/python3.8/site-packages/uiautomator2/core.py", line 311, in jsonrpc_call
    return _jsonrpc_call(self._dev, self._device_server_port, method, params, timeout, self._debug)
  File "/opt/miniconda3/envs/py3.8/lib/python3.8/site-packages/uiautomator2/core.py", line 173, in _jsonrpc_call
    r = _http_request(dev, device_port, "POST", "/jsonrpc/0", payload, timeout=timeout, print_request=print_request)
  File "/opt/miniconda3/envs/py3.8/lib/python3.8/site-packages/uiautomator2/core.py", line 140, in _http_request
    _response = conn.getresponse()
  File "/opt/miniconda3/envs/py3.8/lib/python3.8/http/client.py", line 1348, in getresponse
    response.begin()
  File "/opt/miniconda3/envs/py3.8/lib/python3.8/http/client.py", line 316, in begin
    version, status, reason = self._read_status()
  File "/opt/miniconda3/envs/py3.8/lib/python3.8/http/client.py", line 277, in _read_status
    line = str(self.fp.readline(_MAXLINE + 1), "iso-8859-1")
  File "/opt/miniconda3/envs/py3.8/lib/python3.8/socket.py", line 681, in readinto
    return self._sock.recv_into(b)
KeyboardInterrupt
