📋 日志已保存至：logs/console_20260914_093306.log
🚀 启动采集 + 品牌规格品名四重校验
✅ 总商品数：10 | 待采集：1

🔍 搜索：Estee Lauder 雅诗兰黛 抗蓝光眼霜15ml*2（第五代）

===== 优先级 4，共 3 个商品 =====
--- 进入商品 1/3 ---
============================================================
搜索词 ：Estee Lauder 雅诗兰黛 抗蓝光眼霜15ml*2（第五代）
商品名 ：【正品行货】雅诗兰黛第五代小棕瓶精华眼霜15ml+5ml*3修护淡纹
品牌    ：雅诗兰黛 → 雅诗兰黛 | ✅
容量规格：{'2', '15'} → {'3', '5', '15'} | ❌
色号    ：set() → set()
浓度    ： →  | ✅
简装    ： →  | ✅
套装    ：不含 → 含 | ❌
清洗后  ：抗蓝光眼霜第五代 → 第五代小棕瓶眼霜淡纹
品名匹配：词袋(42.9%) | ✅
结果    ：❌ FAIL | 原因：规格不匹配；套装状态不一致
============================================================
🔧 标题包含多规格 (容量:{'3', '5', '15'}, 色号:set())，尝试进入规格面板匹配...

[DEBUG][get_sku_price_auto] 开始匹配，搜索词: 'Estee Lauder 雅诗兰黛 抗蓝光眼霜15ml*2（第五代）'
[DEBUG][get_sku_identifiers] 提取标识: ['15ml']
[DEBUG][get_sku_price_auto] 当前已选规格匹配，价格: 328
⚠️ 规格匹配成功但套装不一致，校验不通过

================================================================================
货品名称：【正品行货】雅诗兰黛第五代小棕瓶精华眼霜15ml+5ml*3修护淡纹
关键词：Estee Lauder 雅诗兰黛 抗蓝光眼霜15ml*2（第五代）
原价：328.0 | 现价：328
匹配规格：已选择： 小棕瓶抗蓝光眼霜15ml+5ml*3 | 规格价格：328
百亿补贴：是 | 日期：2025-07-05
校验通过：❌ False
================================================================================
⚠️ 检测到优惠券弹窗，再次返回
--- 进入商品 2/3 ---
============================================================
搜索词 ：Estee Lauder 雅诗兰黛 抗蓝光眼霜15ml*2（第五代）
商品名 ：【雅诗兰黛】抗蓝光眼霜15ml(简装/瓶装)第五代抗皱淡纹淡化黑眼圈【5天内发货】
品牌    ：雅诗兰黛 → 雅诗兰黛 | ✅
容量规格：{'2', '15'} → {'15'} | ❌
色号    ：set() → set()
浓度    ： →  | ✅
简装    ： → 简装 | ✅
套装    ：不含 → 不含 | ✅
清洗后  ：抗蓝光眼霜第五代 → 抗蓝光眼霜第五代抗皱淡纹淡化黑眼圈
品名匹配：词袋(100.0%) | ✅
结果    ：❌ FAIL | 原因：规格不匹配
============================================================
🔧 校验失败原因为规格不匹配，尝试进入规格面板匹配...

[DEBUG][get_sku_price_auto] 开始匹配，搜索词: 'Estee Lauder 雅诗兰黛 抗蓝光眼霜15ml*2（第五代）'
[DEBUG][get_sku_identifiers] 提取标识: ['15ml']
[DEBUG][get_sku_price_auto] 当前已选规格匹配，价格: 379
✅ 规格匹配成功，且品名已匹配，校验通过

================================================================================
货品名称：【雅诗兰黛】抗蓝光眼霜15ml(简装/瓶装)第五代抗皱淡纹淡化黑眼圈【5天内发货】
关键词：Estee Lauder 雅诗兰黛 抗蓝光眼霜15ml*2（第五代）
原价：499.0 | 现价：379
匹配规格：已选择： 抗蓝光眼霜15ml*2（简装白盒） | 规格价格：379
百亿补贴：是 | 日期：2024-12-31
校验通过：✅ True
================================================================================
--- 进入商品 3/3 ---
============================================================
搜索词 ：Estee Lauder 雅诗兰黛 抗蓝光眼霜15ml*2（第五代）
商品名 ：【雅诗兰黛】第抗蓝光小棕瓶眼霜15ml/瓶
品牌    ：雅诗兰黛 → 雅诗兰黛 | ✅
容量规格：{'2', '15'} → {'15'} | ❌
色号    ：set() → set()
浓度    ： →  | ✅
简装    ： →  | ✅
套装    ：不含 → 不含 | ✅
清洗后  ：抗蓝光眼霜第五代 → 第抗蓝光小棕瓶眼霜
品名匹配：词袋(42.9%) | ✅
结果    ：❌ FAIL | 原因：规格不匹配
============================================================
🔧 校验失败原因为规格不匹配，尝试进入规格面板匹配...

[DEBUG][get_sku_price_auto] 开始匹配，搜索词: 'Estee Lauder 雅诗兰黛 抗蓝光眼霜15ml*2（第五代）'
[DEBUG][get_sku_identifiers] 提取标识: ['15ml']
[DEBUG][get_sku_price_auto] 当前已选规格匹配，价格: 389
✅ 规格匹配成功，且品名已匹配，校验通过

================================================================================
货品名称：【雅诗兰黛】第抗蓝光小棕瓶眼霜15ml/瓶
关键词：Estee Lauder 雅诗兰黛 抗蓝光眼霜15ml*2（第五代）
原价：549.0 | 现价：389
匹配规格：已选择： 15ml*2 | 规格价格：389
百亿补贴：是 | 日期：2025-07-01
校验通过：✅ True
================================================================================
✅ 优先级 4 中已有商品通过校验，停止降级
📁 采集记录已保存，总行数：3
📋 校验记录已保存，总记录数：3
✅ 序号 632 已标记为已采集

⏸ 等待 1 秒后继续...
⏳ 等待下一个商品：[██████████████████████████████] 100% (1/1s)
🎉 全部采集完成！
