📋 日志已保存至：logs/console_20260910_141819.log
🚀 启动采集 + 品牌规格品名四重校验
✅ 总商品数：643 | 待采集：63

🔍 搜索：克雷德 拿破仑EDP 50ml

===== 优先级 2，共 1 个商品 =====
--- 进入商品 1/1 ---
============================================================
搜索词 ：克雷德 拿破仑EDP 50ml
商品名 ：【特价】CREED克雷德 信仰拿破仑之水男士EDP浓香水 50/100ML【5天内发货】
品牌    ：克雷德 → 克雷德 | ✅
容量规格：{'50'} → {'50', '100'} | ✅
色号    ：set() → set()
浓度    ：浓香 → 浓香 | ✅
简装    ： →  | ✅
套装    ：不含 → 不含 | ✅
清洗后  ：拿破仑 → 信仰拿破仑之水男士水
品名匹配：词袋(100.0%) | ✅
结果    ：✅ PASS | 原因：所有检查通过
============================================================
🔧 标题包含多规格 (容量:{'50', '100'}, 色号:set())，尝试进入规格面板匹配...

[DEBUG][get_sku_price_auto] 开始匹配，搜索词: '克雷德 拿破仑EDP 50ml'
[DEBUG][get_sku_identifiers] 提取标识: ['50ml']
[DEBUG][get_sku_price_auto] 当前已选规格不匹配，尝试点击规格...
[DEBUG] 容量 50ml 找到 1 个控件
[DEBUG] 点击唯一容量控件: 50ml
[DEBUG] 容量 50ml 匹配成功，价格: 1436
✅ 规格匹配成功，且品名已匹配，校验通过

================================================================================
货品名称：【特价】CREED克雷德 信仰拿破仑之水男士EDP浓香水 50/100ML【5天内发货】
关键词：克雷德 拿破仑EDP 50ml
原价：1049.0 | 现价：1436
匹配规格：已选: 50mL | 规格价格：1436
百亿补贴：否 | 日期：
校验通过：✅ True
================================================================================
✅ 优先级 2 中已有商品通过校验，停止降级
📁 采集记录已保存，总行数：318
📋 校验记录已保存，总记录数：331
✅ 序号 580 已标记为已采集

⏸ 等待 1 秒后继续...
⏳ 等待下一个商品：[██████████████████████████████] 100% (1/1s)

🔍 搜索：克雷德 奢华拿破仑之水男士EDP 100ml

===== 优先级 2，共 1 个商品 =====
--- 进入商品 1/1 ---
============================================================
搜索词 ：克雷德 奢华拿破仑之水男士EDP 100ml
商品名 ：【特价】CREED克雷德 信仰拿破仑之水男士EDP浓香水 50/100ML【5天内发货】
品牌    ：克雷德 → 克雷德 | ✅
容量规格：{'100'} → {'50', '100'} | ✅
色号    ：set() → set()
浓度    ：浓香 → 浓香 | ✅
简装    ： →  | ✅
套装    ：不含 → 不含 | ✅
清洗后  ：奢华拿破仑之水男士 → 信仰拿破仑之水男士水
品名匹配：词袋(75.0%) | ✅
结果    ：✅ PASS | 原因：所有检查通过
============================================================
🔧 标题包含多规格 (容量:{'50', '100'}, 色号:set())，尝试进入规格面板匹配...

[DEBUG][get_sku_price_auto] 开始匹配，搜索词: '克雷德 奢华拿破仑之水男士EDP 100ml'
[DEBUG][get_sku_identifiers] 提取标识: ['100ml']
[DEBUG][get_sku_price_auto] 当前已选规格不匹配，尝试点击规格...
[DEBUG] 容量 100ml 找到 1 个控件
[DEBUG] 点击唯一容量控件: 100ml
[DEBUG] 容量 100ml 匹配成功，价格: 1946
✅ 规格匹配成功，且品名已匹配，校验通过

================================================================================
货品名称：【特价】CREED克雷德 信仰拿破仑之水男士EDP浓香水 50/100ML【5天内发货】
关键词：克雷德 奢华拿破仑之水男士EDP 100ml
原价：1049.0 | 现价：1946
匹配规格：已选: 100mL | 规格价格：1946
百亿补贴：否 | 日期：
校验通过：✅ True
================================================================================
✅ 优先级 2 中已有商品通过校验，停止降级
📁 采集记录已保存，总行数：320
📋 校验记录已保存，总记录数：332
✅ 序号 581 已标记为已采集

⏸ 等待 1 秒后继续...
⏳ 等待下一个商品：[██████████████████████████████] 100% (1/1s)

🔍 搜索：兰蔻 大眼精华20ml

===== 优先级 4，共 2 个商品 =====
--- 进入商品 1/2 ---
============================================================
搜索词 ：兰蔻 大眼精华20ml
商品名 ：【780.6万人收藏该品牌】Lancome/兰蔻大眼精华20ml平滑细纹
品牌    ：兰蔻 → 兰蔻 | ✅
容量规格：{'20'} → {'20'} | ✅
色号    ：set() → {'780'}
浓度    ： →  | ✅
简装    ： →  | ✅
套装    ：不含 → 不含 | ✅
清洗后  ：大眼 → 大眼平滑细纹
品名匹配：词袋(100.0%) | ✅
结果    ：✅ PASS | 原因：所有检查通过
============================================================

================================================================================
货品名称：【780.6万人收藏该品牌】Lancome/兰蔻大眼精华20ml平滑细纹
关键词：兰蔻 大眼精华20ml
原价：459.0 | 现价：459.0
百亿补贴：是 | 日期：2026-01-01
校验通过：✅ True
================================================================================
--- 进入商品 2/2 ---
============================================================
搜索词 ：兰蔻 大眼精华20ml
商品名 ：【兰蔻】大眼精华20ml眼部肌底液滋润舒缓淡化细纹【5天内发货】
品牌    ：兰蔻 → 兰蔻 | ✅
容量规格：{'20'} → {'20'} | ✅
色号    ：set() → set()
浓度    ： →  | ✅
简装    ： →  | ✅
套装    ：不含 → 不含 | ✅
清洗后  ：大眼 → 大眼眼部肌底液舒缓淡化细纹
品名匹配：词袋(100.0%) | ✅
结果    ：✅ PASS | 原因：所有检查通过
============================================================

================================================================================
货品名称：【兰蔻】大眼精华20ml眼部肌底液滋润舒缓淡化细纹【5天内发货】
关键词：兰蔻 大眼精华20ml
原价：499.0 | 现价：499.0
百亿补贴：是 | 日期：2024-11-30
校验通过：✅ True
================================================================================
✅ 优先级 4 中已有商品通过校验，停止降级
📁 采集记录已保存，总行数：323
📋 校验记录已保存，总记录数：334
✅ 序号 582 已标记为已采集

⏸ 等待 1 秒后继续...
⏳ 等待下一个商品：[██████████████████████████████] 100% (1/1s)

🔍 搜索：兰蔻塑颜精雕面霜50ml

===== 优先级 4，共 2 个商品 =====
--- 进入商品 1/2 ---
============================================================
搜索词 ：兰蔻塑颜精雕面霜50ml
商品名 ：【品牌好评367.6万+条】Lancome/兰蔻 塑颜精雕面霜 50ml补水保湿
品牌    ：兰蔻 → 兰蔻 | ✅
容量规格：{'50'} → {'50'} | ✅
色号    ：set() → set()
浓度    ： →  | ✅
简装    ： →  | ✅
套装    ：不含 → 不含 | ✅
清洗后  ：塑颜精雕面霜 → 塑颜精雕面霜补水
品名匹配：词袋(100.0%) | ✅
结果    ：✅ PASS | 原因：所有检查通过
============================================================

================================================================================
货品名称：【品牌好评367.6万+条】Lancome/兰蔻 塑颜精雕面霜 50ml补水保湿
关键词：兰蔻塑颜精雕面霜50ml
原价：499.0 | 现价：499.0
百亿补贴：是 | 日期：2025-12-01
校验通过：✅ True
================================================================================
--- 进入商品 2/2 ---
============================================================
搜索词 ：兰蔻塑颜精雕面霜50ml
商品名 ：【正品行货】兰蔻塑颜精雕面霜50ml新款百肽霜 塑颜紧致提拉面霜
品牌    ：兰蔻 → 兰蔻 | ✅
容量规格：{'50'} → {'50'} | ✅
色号    ：set() → set()
浓度    ： →  | ✅
简装    ： →  | ✅
套装    ：不含 → 不含 | ✅
清洗后  ：塑颜精雕面霜 → 塑颜精雕面霜新百肽霜塑颜紧致提拉面霜
品名匹配：词袋(100.0%) | ✅
结果    ：✅ PASS | 原因：所有检查通过
============================================================

================================================================================
货品名称：【正品行货】兰蔻塑颜精雕面霜50ml新款百肽霜 塑颜紧致提拉面霜
关键词：兰蔻塑颜精雕面霜50ml
原价：459.0 | 现价：459.0
百亿补贴：是 | 日期：2025-10-01
校验通过：✅ True
================================================================================
✅ 优先级 4 中已有商品通过校验，停止降级
📁 采集记录已保存，总行数：327
📋 校验记录已保存，总记录数：336
✅ 序号 583 已标记为已采集

⏸ 等待 1 秒后继续...
⏳ 等待下一个商品：[██████████████████████████████] 100% (1/1s)

🔍 搜索：兰蔻小蛮腰196哑光

===== 优先级 4，共 2 个商品 =====
--- 进入商品 1/2 ---
============================================================
搜索词 ：兰蔻小蛮腰196哑光
商品名 ：【正品行货】兰蔻菁纯小蛮腰唇膏#196丝绒雾面哑光口红
品牌    ：兰蔻 → 兰蔻 | ✅
容量规格：set() → set() | ✅
色号    ：{'196'} → {'196'}
浓度    ： →  | ✅
简装    ： →  | ✅
套装    ：不含 → 不含 | ✅
清洗后  ：小蛮腰哑光 → 菁纯小蛮腰唇膏丝绒雾面哑光口红
品名匹配：词袋(75.0%) | ✅
结果    ：✅ PASS | 原因：所有检查通过
============================================================

================================================================================
货品名称：【正品行货】兰蔻菁纯小蛮腰唇膏#196丝绒雾面哑光口红
关键词：兰蔻小蛮腰196哑光
原价：179.0 | 现价：179.0
百亿补贴：否 | 日期：2025-08-01
校验通过：✅ True
================================================================================
--- 进入商品 2/2 ---
============================================================
搜索词 ：兰蔻小蛮腰196哑光
商品名 ：【正品行货】Lancome兰蔻小蛮腰口红196丝绒雾面菁纯哑光唇膏
品牌    ：兰蔻 → 兰蔻 | ✅
容量规格：set() → set() | ✅
色号    ：{'196'} → {'196'}
浓度    ： →  | ✅
简装    ： →  | ✅
套装    ：不含 → 不含 | ✅
清洗后  ：小蛮腰哑光 → 小蛮腰口红丝绒雾面菁纯哑光唇膏
品名匹配：词袋(75.0%) | ✅
结果    ：✅ PASS | 原因：所有检查通过
============================================================

================================================================================
货品名称：【正品行货】Lancome兰蔻小蛮腰口红196丝绒雾面菁纯哑光唇膏
关键词：兰蔻小蛮腰196哑光
原价：205.0 | 现价：205.0
百亿补贴：是 | 日期：2025-02-01
校验通过：✅ True
================================================================================
✅ 优先级 4 中已有商品通过校验，停止降级
📁 采集记录已保存，总行数：331
📋 校验记录已保存，总记录数：338
✅ 序号 584 已标记为已采集

⏸ 等待 1 秒后继续...
⏳ 等待下一个商品：[██████████████████████████████] 100% (1/1s)

🔍 搜索：罗意威地球自然之水浓香125ml

===== 优先级 4，共 1 个商品 =====
--- 进入商品 1/1 ---
============================================================
搜索词 ：罗意威地球自然之水浓香125ml
商品名 ：【罗意威】黑色圆舞曲浓香EDP50ml木质清新自然
品牌    ：罗意威 → 罗意威 | ✅
容量规格：{'125'} → {'50'} | ❌
色号    ：set() → set()
浓度    ：浓香 → 浓香 | ✅
简装    ： →  | ✅
套装    ：不含 → 不含 | ✅
清洗后  ：地球之水 → 黑色圆舞曲木质
品名匹配：LCS子序列(0.0%) | ❌
结果    ：❌ FAIL | 原因：规格不匹配；品名相似不足(ratio=0.0%)
============================================================
🔧 校验失败原因为规格不匹配，尝试进入规格面板匹配...

[DEBUG][get_sku_price_auto] 开始匹配，搜索词: '罗意威地球自然之水浓香125ml'
[DEBUG][get_sku_identifiers] 提取标识: ['125ml']
[DEBUG][get_sku_price_auto] 当前已选规格不匹配，尝试点击规格...
[DEBUG][get_sku_price_auto] 所有标识尝试完毕，仍无价格
⚠️ 规格匹配未获取到有效价格，已记录为匹配失败，校验结果强制为不通过

================================================================================
货品名称：【罗意威】黑色圆舞曲浓香EDP50ml木质清新自然
关键词：罗意威地球自然之水浓香125ml
原价：639.0 | 现价：639.0
匹配规格：匹配失败 | 规格价格：
百亿补贴：是 | 日期：2025-01-01
校验通过：❌ False
================================================================================
⚠️ 优先级 4 全部未通过，尝试下一优先级
🔽 降级到全球购，返回顶部并重新识别（不自动下滑）

===== 优先级 1，共 3 个商品 =====
--- 进入商品 1/3 ---
============================================================
搜索词 ：罗意威地球自然之水浓香125ml
商品名 ：国内行货 正品保证】Loewe罗意威 自然之水浓香氛
品牌    ：罗意威 → 罗意威 | ✅
容量规格：{'125'} → set() | ❌
色号    ：set() → set()
浓度    ：浓香 → 浓香 | ✅
简装    ： →  | ✅
套装    ：不含 → 不含 | ✅
清洗后  ：地球之水 → 国内行货保证之水氛
品名匹配：词袋(33.3%) | ✅
结果    ：❌ FAIL | 原因：规格不匹配
============================================================
🔧 校验失败原因为规格不匹配，尝试进入规格面板匹配...

[DEBUG][get_sku_price_auto] 开始匹配，搜索词: '罗意威地球自然之水浓香125ml'
[DEBUG][get_sku_identifiers] 提取标识: ['125ml']
[DEBUG][get_sku_price_auto] 当前已选规格不匹配，尝试点击规格...
[DEBUG][get_sku_price_auto] 所有标识尝试完毕，仍无价格
⚠️ 规格匹配未获取到有效价格，已记录为匹配失败，校验结果强制为不通过

================================================================================
货品名称：国内行货 正品保证】Loewe罗意威 自然之水浓香氛
关键词：罗意威地球自然之水浓香125ml
原价：699.0 | 现价：699.0
匹配规格：匹配失败 | 规格价格：
百亿补贴：否 | 日期：
校验通过：❌ False
================================================================================
--- 进入商品 2/3 ---
============================================================
搜索词 ：罗意威地球自然之水浓香125ml
商品名 ：【LOEWE】罗意威 001事后清晨男士浓香水 EDP 50ml/100ml /125ml
品牌    ：罗意威 → 罗意威 | ✅
容量规格：{'125'} → {'125', '50', '100'} | ✅
色号    ：set() → {'001'}
浓度    ：浓香 → 浓香 | ✅
简装    ： →  | ✅
套装    ：不含 → 不含 | ✅
清洗后  ：地球之水 → 事后清晨男士水
品名匹配：LCS子序列(25.0%) | ❌
结果    ：❌ FAIL | 原因：品名相似不足(ratio=25.0%)
============================================================
🔧 标题包含多规格 (容量:{'125', '50', '100'}, 色号:{'001'})，尝试进入规格面板匹配...

[DEBUG][get_sku_price_auto] 开始匹配，搜索词: '罗意威地球自然之水浓香125ml'
[DEBUG][get_sku_identifiers] 提取标识: ['125ml']
[DEBUG][get_sku_price_auto] 当前已选规格不匹配，尝试点击规格...
[DEBUG] 容量 125ml 找到 1 个控件
[DEBUG] 点击唯一容量控件: 125ml
[DEBUG] 容量 125ml 匹配成功，价格: 1066
⚠️ 规格匹配成功但品名不匹配，校验仍不通过

================================================================================
货品名称：【LOEWE】罗意威 001事后清晨男士浓香水 EDP 50ml/100ml /125ml
关键词：罗意威地球自然之水浓香125ml
原价：639.0 | 现价：1066
匹配规格：已选: 125mL 事后清晨男士浓香 | 规格价格：1066
百亿补贴：否 | 日期：2025-03-07
校验通过：❌ False
================================================================================
--- 进入商品 3/3 ---
============================================================
搜索词 ：罗意威地球自然之水浓香125ml
商品名 ：【罗意威】自然之水浓香精
品牌    ：罗意威 → 罗意威 | ✅
容量规格：{'125'} → set() | ❌
色号    ：set() → set()
浓度    ：浓香 → 浓香 | ✅
简装    ： →  | ✅
套装    ：不含 → 不含 | ✅
清洗后  ：地球之水 → 之水精
品名匹配：词袋(33.3%) | ✅
结果    ：❌ FAIL | 原因：规格不匹配
============================================================
🔧 校验失败原因为规格不匹配，尝试进入规格面板匹配...

[DEBUG][get_sku_price_auto] 开始匹配，搜索词: '罗意威地球自然之水浓香125ml'
[DEBUG][get_sku_identifiers] 提取标识: ['125ml']
[DEBUG][get_sku_price_auto] 当前已选规格不匹配，尝试点击规格...
[DEBUG][get_sku_price_auto] 所有标识尝试完毕，仍无价格
⚠️ 规格匹配未获取到有效价格，已记录为匹配失败，校验结果强制为不通过

================================================================================
货品名称：【罗意威】自然之水浓香精
关键词：罗意威地球自然之水浓香125ml
原价：593.0 | 现价：593.0
匹配规格：匹配失败 | 规格价格：
百亿补贴：否 | 日期：
校验通过：❌ False
================================================================================
⚠️ 优先级 1 全部未通过，尝试下一优先级
📁 采集记录已保存，总行数：337
📋 校验记录已保存，总记录数：342
✅ 序号 585 已标记为已采集

⏸ 等待 1 秒后继续...
⏳ 等待下一个商品：[██████████████████████████████] 100% (1/1s)

🔍 搜索：罗意威黑色圆舞曲淡香精125ml

===== 优先级 4，共 1 个商品 =====
--- 进入商品 1/1 ---
============================================================
搜索词 ：罗意威黑色圆舞曲淡香精125ml
商品名 ：【罗意威】黑色圆舞曲浓香EDP100ml木质清新自然
品牌    ：罗意威 → 罗意威 | ✅
容量规格：{'125'} → {'100'} | ❌
色号    ：set() → set()
浓度    ：浓香 → 浓香 | ✅
简装    ： →  | ✅
套装    ：不含 → 不含 | ✅
清洗后  ：黑色圆舞曲精 → 黑色圆舞曲木质
品名匹配：词袋(80.0%) | ✅
结果    ：❌ FAIL | 原因：规格不匹配
============================================================
🔧 校验失败原因为规格不匹配，尝试进入规格面板匹配...

[DEBUG][get_sku_price_auto] 开始匹配，搜索词: '罗意威黑色圆舞曲淡香精125ml'
[DEBUG][get_sku_identifiers] 提取标识: ['125ml']
[DEBUG][get_sku_price_auto] 当前已选规格不匹配，尝试点击规格...
[DEBUG][get_sku_price_auto] 所有标识尝试完毕，仍无价格
⚠️ 规格匹配未获取到有效价格，已记录为匹配失败，校验结果强制为不通过

================================================================================
货品名称：【罗意威】黑色圆舞曲浓香EDP100ml木质清新自然
关键词：罗意威黑色圆舞曲淡香精125ml
原价：999.0 | 现价：999.0
匹配规格：匹配失败 | 规格价格：
百亿补贴：是 | 日期：2025-01-01
校验通过：❌ False
================================================================================
⚠️ 优先级 4 全部未通过，尝试下一优先级
🔽 降级到全球购，返回顶部并重新识别（不自动下滑）

===== 优先级 1，共 3 个商品 =====
--- 进入商品 1/3 ---
============================================================
搜索词 ：罗意威黑色圆舞曲淡香精125ml
商品名 ：【LOEWE】罗意威 黑色圆舞曲浓香水EDP 50ml/75ml/100ml/150ml
品牌    ：罗意威 → 罗意威 | ✅
容量规格：{'125'} → {'100', '150', '50', '75'} | ❌
色号    ：set() → set()
浓度    ：浓香 → 浓香 | ✅
简装    ： →  | ✅
套装    ：不含 → 不含 | ✅
清洗后  ：黑色圆舞曲精 → 黑色圆舞曲水
品名匹配：词袋(80.0%) | ✅
结果    ：❌ FAIL | 原因：规格不匹配
============================================================
🔧 标题包含多规格 (容量:{'100', '150', '50', '75'}, 色号:set())，尝试进入规格面板匹配...

[DEBUG][get_sku_price_auto] 开始匹配，搜索词: '罗意威黑色圆舞曲淡香精125ml'
[DEBUG][get_sku_identifiers] 提取标识: ['125ml']
[DEBUG][get_sku_price_auto] 当前已选规格不匹配，尝试点击规格...
[DEBUG][get_sku_price_auto] 所有标识尝试完毕，仍无价格
⚠️ 规格匹配未获取到有效价格，已记录为匹配失败，校验结果强制为不通过

================================================================================
货品名称：【LOEWE】罗意威 黑色圆舞曲浓香水EDP 50ml/75ml/100ml/150ml
关键词：罗意威黑色圆舞曲淡香精125ml
原价：578.0 | 现价：578.0
匹配规格：匹配失败 | 规格价格：
百亿补贴：否 | 日期：2026-01-14
校验通过：❌ False
================================================================================
--- 进入商品 2/3 ---
============================================================
搜索词 ：罗意威黑色圆舞曲淡香精125ml
商品名 ：【LOEWE】罗意威黑色圆舞曲 淡香水 EDT 100ml/3.4oz【5天内发货】
品牌    ：罗意威 → 罗意威 | ✅
容量规格：{'125'} → {'100', '3.4'} | ❌
色号    ：set() → set()
浓度    ：浓香 → 淡香 | ❌
简装    ： →  | ✅
套装    ：不含 → 不含 | ✅
清洗后  ：黑色圆舞曲精 → 黑色圆舞曲
品名匹配：词袋(80.0%) | ✅
结果    ：❌ FAIL | 原因：规格不匹配；浓度不匹配
============================================================
🔧 标题包含多规格 (容量:{'100', '3.4'}, 色号:set())，尝试进入规格面板匹配...

[DEBUG][get_sku_price_auto] 开始匹配，搜索词: '罗意威黑色圆舞曲淡香精125ml'
[DEBUG][get_sku_identifiers] 提取标识: ['125ml']
[DEBUG][get_sku_price_auto] 当前已选规格不匹配，尝试点击规格...
[DEBUG][get_sku_price_auto] 所有标识尝试完毕，仍无价格
⚠️ 规格匹配未获取到有效价格，已记录为匹配失败，校验结果强制为不通过

================================================================================
货品名称：【LOEWE】罗意威黑色圆舞曲 淡香水 EDT 100ml/3.4oz【5天内发货】
关键词：罗意威黑色圆舞曲淡香精125ml
原价：615.0 | 现价：615.0
匹配规格：匹配失败 | 规格价格：
百亿补贴：否 | 日期：
校验通过：❌ False
================================================================================
--- 进入商品 3/3 ---
============================================================
搜索词 ：罗意威黑色圆舞曲淡香精125ml
商品名 ：Loewe罗意威黑色圆舞曲男士香水100-150ml EDP浓香水【法国直发】【5天内发货】
品牌    ：罗意威 → 罗意威 | ✅
容量规格：{'125'} → {'150', '100'} | ❌
色号    ：set() → set()
浓度    ：浓香 → 浓香 | ✅
简装    ： →  | ✅
套装    ：不含 → 不含 | ✅
清洗后  ：黑色圆舞曲精 → 黑色圆舞曲男士
品名匹配：词袋(80.0%) | ✅
结果    ：❌ FAIL | 原因：规格不匹配
============================================================
🔧 标题包含多规格 (容量:{'150', '100'}, 色号:set())，尝试进入规格面板匹配...

[DEBUG][get_sku_price_auto] 开始匹配，搜索词: '罗意威黑色圆舞曲淡香精125ml'
[DEBUG][get_sku_identifiers] 提取标识: ['125ml']
[DEBUG][get_sku_price_auto] 当前已选规格不匹配，尝试点击规格...
[DEBUG][get_sku_price_auto] 所有标识尝试完毕，仍无价格
⚠️ 规格匹配未获取到有效价格，已记录为匹配失败，校验结果强制为不通过

================================================================================
货品名称：Loewe罗意威黑色圆舞曲男士香水100-150ml EDP浓香水【法国直发】【5天内发货】
关键词：罗意威黑色圆舞曲淡香精125ml
原价：860.0 | 现价：860.0
匹配规格：匹配失败 | 规格价格：
百亿补贴：否 | 日期：
校验通过：❌ False
================================================================================
⚠️ 优先级 1 全部未通过，尝试下一优先级
📁 采集记录已保存，总行数：345
📋 校验记录已保存，总记录数：346
✅ 序号 586 已标记为已采集

⏸ 等待 1 秒后继续...
⏳ 等待下一个商品：[██████████████████████████████] 100% (1/1s)

🔍 搜索：罗意威清晨女士浓香75ml

===== 优先级 4，共 1 个商品 =====
--- 进入商品 1/1 ---
============================================================
搜索词 ：罗意威清晨女士浓香75ml
商品名 ：【LOEWE】罗意威001女士香水事后清晨淡香水EDT75ml
品牌    ：罗意威 → 罗意威 | ✅
容量规格：{'75'} → {'75'} | ✅
色号    ：set() → {'001'}
浓度    ：浓香 → 淡香 | ❌
简装    ： →  | ✅
套装    ：不含 → 不含 | ✅
清洗后  ：清晨女士 → 女士事后清晨水
品名匹配：词袋(66.7%) | ✅
结果    ：❌ FAIL | 原因：浓度不匹配
============================================================
🔧 校验失败原因为规格不匹配，尝试进入规格面板匹配...

[DEBUG][get_sku_price_auto] 开始匹配，搜索词: '罗意威清晨女士浓香75ml'
[DEBUG][get_sku_identifiers] 提取标识: ['75ml']
[DEBUG][get_sku_price_auto] 当前已选规格匹配，价格: 462
⚠️ 规格匹配成功但浓度不匹配，仍标记通过，原因已记录
✅ 规格匹配成功，且品名已匹配，校验通过

================================================================================
货品名称：【LOEWE】罗意威001女士香水事后清晨淡香水EDT75ml
关键词：罗意威清晨女士浓香75ml
原价：462.0 | 现价：462
匹配规格：已选: 75mL 事后清晨淡香水 | 规格价格：462
百亿补贴：是 | 日期：2025-02-01
校验通过：✅ True
================================================================================
✅ 优先级 4 中已有商品通过校验，停止降级
📁 采集记录已保存，总行数：350
📋 校验记录已保存，总记录数：347
✅ 序号 587 已标记为已采集

⏸ 等待 1 秒后继续...
⏳ 等待下一个商品：[██████████████████████████████] 100% (1/1s)

🔍 搜索：罗意威事后清晨女士淡香精125ml

===== 优先级 2，共 1 个商品 =====
--- 进入商品 1/1 ---
============================================================
搜索词 ：罗意威事后清晨女士淡香精125ml
商品名 ：【LOEWE】罗意威事后清晨001女淡香水75ML情侣送礼
品牌    ：罗意威 → 罗意威 | ✅
容量规格：{'125'} → {'75'} | ❌
色号    ：set() → {'001'}
浓度    ：浓香 → 淡香 | ❌
简装    ： →  | ✅
套装    ：不含 → 不含 | ✅
清洗后  ：事后清晨女士精 → 事后清晨女水情侣送礼
品名匹配：词袋(66.7%) | ✅
结果    ：❌ FAIL | 原因：规格不匹配；浓度不匹配
============================================================
🔧 校验失败原因为规格不匹配，尝试进入规格面板匹配...

[DEBUG][get_sku_price_auto] 开始匹配，搜索词: '罗意威事后清晨女士淡香精125ml'
[DEBUG][get_sku_identifiers] 提取标识: ['125ml']
[DEBUG][get_sku_price_auto] 当前已选规格不匹配，尝试点击规格...
[DEBUG][get_sku_price_auto] 所有标识尝试完毕，仍无价格
⚠️ 规格匹配未获取到有效价格，已记录为匹配失败，校验结果强制为不通过

================================================================================
货品名称：【LOEWE】罗意威事后清晨001女淡香水75ML情侣送礼
关键词：罗意威事后清晨女士淡香精125ml
原价：788.0 | 现价：788.0
匹配规格：匹配失败 | 规格价格：
百亿补贴：否 | 日期：2024-01-01
校验通过：❌ False
================================================================================
⚠️ 优先级 2 全部未通过，尝试下一优先级
🔽 降级到全球购，返回顶部并重新识别（不自动下滑）

===== 优先级 1，共 3 个商品 =====
--- 进入商品 1/3 ---
============================================================
搜索词 ：罗意威事后清晨女士淡香精125ml
商品名 ：【LOEWE】罗意威 事后清晨女士淡香水 30ml/50ml/75ml/100/125
品牌    ：罗意威 → 罗意威 | ✅
容量规格：{'125'} → {'30', '50', '75'} | ❌
色号    ：set() → {'125', '100'}
浓度    ：浓香 → 淡香 | ❌
简装    ： →  | ✅
套装    ：不含 → 不含 | ✅
清洗后  ：事后清晨女士精 → 事后清晨女士水
品名匹配：词袋(83.3%) | ✅
结果    ：❌ FAIL | 原因：规格不匹配；浓度不匹配
============================================================
🔧 标题包含多规格 (容量:{'30', '50', '75'}, 色号:{'125', '100'})，尝试进入规格面板匹配...

[DEBUG][get_sku_price_auto] 开始匹配，搜索词: '罗意威事后清晨女士淡香精125ml'
[DEBUG][get_sku_identifiers] 提取标识: ['125ml']
[DEBUG][get_sku_price_auto] 当前已选规格不匹配，尝试点击规格...
[DEBUG] 容量 125ml 找到 1 个控件
[DEBUG] 点击唯一容量控件: 125ml
[DEBUG] 容量 125ml 匹配成功，价格: 968
⚠️ 规格匹配成功但浓度不匹配，仍标记通过，原因已记录
✅ 规格匹配成功，且品名已匹配，校验通过

================================================================================
货品名称：【LOEWE】罗意威 事后清晨女士淡香水 30ml/50ml/75ml/100/125
关键词：罗意威事后清晨女士淡香精125ml
原价：480.0 | 现价：968
匹配规格：已选: 125mL 事后清晨女士淡香 | 规格价格：968
百亿补贴：否 | 日期：2025-01-02
校验通过：✅ True
================================================================================
--- 进入商品 2/3 ---
============================================================
搜索词 ：罗意威事后清晨女士淡香精125ml
商品名 ：【LOEWE】罗意威 001事后清晨女士淡香精东方花香调香水 EDP 50ml【5天内发货】
品牌    ：罗意威 → 罗意威 | ✅
容量规格：{'125'} → {'50'} | ❌
色号    ：set() → {'001'}
浓度    ：浓香 → 浓香 | ✅
简装    ： →  | ✅
套装    ：不含 → 不含 | ✅
清洗后  ：事后清晨女士精 → 事后清晨女士精东方
品名匹配：词袋(100.0%) | ✅
结果    ：❌ FAIL | 原因：规格不匹配
============================================================
🔧 校验失败原因为规格不匹配，尝试进入规格面板匹配...

[DEBUG][get_sku_price_auto] 开始匹配，搜索词: '罗意威事后清晨女士淡香精125ml'
[DEBUG][get_sku_identifiers] 提取标识: ['125ml']
[DEBUG][get_sku_price_auto] 当前已选规格不匹配，尝试点击规格...
[DEBUG][get_sku_price_auto] 所有标识尝试完毕，仍无价格
⚠️ 规格匹配未获取到有效价格，已记录为匹配失败，校验结果强制为不通过

================================================================================
货品名称：【LOEWE】罗意威 001事后清晨女士淡香精东方花香调香水 EDP 50ml【5天内发货】
关键词：罗意威事后清晨女士淡香精125ml
原价：709.0 | 现价：709.0
匹配规格：匹配失败 | 规格价格：
百亿补贴：否 | 日期：
校验通过：❌ False
================================================================================
--- 进入商品 3/3 ---
============================================================
搜索词 ：罗意威事后清晨女士淡香精125ml
商品名 ：【LOEWE】罗意威 001事后清晨女士淡香精东方花香调香水 EDP 100ml【5天内发货】
品牌    ：罗意威 → 罗意威 | ✅
容量规格：{'125'} → {'100'} | ❌
色号    ：set() → {'001'}
浓度    ：浓香 → 浓香 | ✅
简装    ： →  | ✅
套装    ：不含 → 不含 | ✅
清洗后  ：事后清晨女士精 → 事后清晨女士精东方
品名匹配：词袋(100.0%) | ✅
结果    ：❌ FAIL | 原因：规格不匹配
============================================================
🔧 校验失败原因为规格不匹配，尝试进入规格面板匹配...

[DEBUG][get_sku_price_auto] 开始匹配，搜索词: '罗意威事后清晨女士淡香精125ml'
[DEBUG][get_sku_identifiers] 提取标识: ['125ml']
[DEBUG][get_sku_price_auto] 当前已选规格不匹配，尝试点击规格...
[DEBUG][get_sku_price_auto] 所有标识尝试完毕，仍无价格
⚠️ 规格匹配未获取到有效价格，已记录为匹配失败，校验结果强制为不通过

================================================================================
货品名称：【LOEWE】罗意威 001事后清晨女士淡香精东方花香调香水 EDP 100ml【5天内发货】
关键词：罗意威事后清晨女士淡香精125ml
原价：None | 现价：None
匹配规格：匹配失败 | 规格价格：
百亿补贴：否 | 日期：
校验通过：❌ False
================================================================================
✅ 优先级 1 中已有商品通过校验，停止降级
📁 采集记录已保存，总行数：355
📋 校验记录已保存，总记录数：351
✅ 序号 588 已标记为已采集

⏸ 等待 1 秒后继续...
⏳ 等待下一个商品：[██████████████████████████████] 100% (1/1s)

🔍 搜索：罗意威事后清晨女士淡香水125ml

===== 优先级 4，共 2 个商品 =====
--- 进入商品 1/2 ---
============================================================
搜索词 ：罗意威事后清晨女士淡香水125ml
商品名 ：【LOEWE】罗意威事后清晨001女士香水EDT100ml清新淡雅【5天内发货】
品牌    ：罗意威 → 罗意威 | ✅
容量规格：{'125'} → {'100'} | ❌
色号    ：set() → {'001'}
浓度    ：淡香 →  | ✅
简装    ： →  | ✅
套装    ：不含 → 不含 | ✅
清洗后  ：事后清晨女士水 → 事后清晨女士
品名匹配：词袋(83.3%) | ✅
结果    ：❌ FAIL | 原因：规格不匹配
============================================================
🔧 校验失败原因为规格不匹配，尝试进入规格面板匹配...

[DEBUG][get_sku_price_auto] 开始匹配，搜索词: '罗意威事后清晨女士淡香水125ml'
[DEBUG][get_sku_identifiers] 提取标识: ['125ml']
[DEBUG][get_sku_price_auto] 当前已选规格不匹配，尝试点击规格...
[DEBUG][get_sku_price_auto] 所有标识尝试完毕，仍无价格
⚠️ 规格匹配未获取到有效价格，已记录为匹配失败，校验结果强制为不通过

================================================================================
货品名称：【LOEWE】罗意威事后清晨001女士香水EDT100ml清新淡雅【5天内发货】
关键词：罗意威事后清晨女士淡香水125ml
原价：888.0 | 现价：888.0
匹配规格：匹配失败 | 规格价格：
百亿补贴：是 | 日期：2025-07-01
校验通过：❌ False
================================================================================
--- 进入商品 2/2 ---
============================================================
搜索词 ：罗意威事后清晨女士淡香水125ml
商品名 ：【LOEWE】罗意威事后清晨001女士香水EDP50ML浓郁淡雅
品牌    ：罗意威 → 罗意威 | ✅
容量规格：{'125'} → {'50'} | ❌
色号    ：set() → {'001'}
浓度    ：淡香 → 浓香 | ❌
简装    ： →  | ✅
套装    ：不含 → 不含 | ✅
清洗后  ：事后清晨女士水 → 事后清晨女士浓郁
品名匹配：词袋(83.3%) | ✅
结果    ：❌ FAIL | 原因：规格不匹配；浓度不匹配
============================================================
🔧 校验失败原因为规格不匹配，尝试进入规格面板匹配...

[DEBUG][get_sku_price_auto] 开始匹配，搜索词: '罗意威事后清晨女士淡香水125ml'
[DEBUG][get_sku_identifiers] 提取标识: ['125ml']
[DEBUG][get_sku_price_auto] 当前已选规格不匹配，尝试点击规格...
[DEBUG][get_sku_price_auto] 所有标识尝试完毕，仍无价格
⚠️ 规格匹配未获取到有效价格，已记录为匹配失败，校验结果强制为不通过

================================================================================
货品名称：【LOEWE】罗意威事后清晨001女士香水EDP50ML浓郁淡雅
关键词：罗意威事后清晨女士淡香水125ml
原价：699.0 | 现价：699.0
匹配规格：匹配失败 | 规格价格：
百亿补贴：是 | 日期：2025-01-01
校验通过：❌ False
================================================================================
⚠️ 优先级 4 全部未通过，尝试下一优先级

===== 优先级 2，共 1 个商品 =====
--- 进入商品 1/1 ---
============================================================
搜索词 ：罗意威事后清晨女士淡香水125ml
商品名 ：【LOEWE】罗意威事后清晨001女淡香水75ML情侣送礼
品牌    ：罗意威 → 罗意威 | ✅
容量规格：{'125'} → {'75'} | ❌
色号    ：set() → {'001'}
浓度    ：淡香 → 淡香 | ✅
简装    ： →  | ✅
套装    ：不含 → 不含 | ✅
清洗后  ：事后清晨女士水 → 事后清晨女水情侣送礼
品名匹配：词袋(66.7%) | ✅
结果    ：❌ FAIL | 原因：规格不匹配
============================================================
🔧 校验失败原因为规格不匹配，尝试进入规格面板匹配...

[DEBUG][get_sku_price_auto] 开始匹配，搜索词: '罗意威事后清晨女士淡香水125ml'
[DEBUG][get_sku_identifiers] 提取标识: ['125ml']
[DEBUG][get_sku_price_auto] 当前已选规格不匹配，尝试点击规格...
[DEBUG][get_sku_price_auto] 所有标识尝试完毕，仍无价格
⚠️ 规格匹配未获取到有效价格，已记录为匹配失败，校验结果强制为不通过

================================================================================
货品名称：【LOEWE】罗意威事后清晨001女淡香水75ML情侣送礼
关键词：罗意威事后清晨女士淡香水125ml
原价：788.0 | 现价：788.0
匹配规格：匹配失败 | 规格价格：
百亿补贴：否 | 日期：2024-01-01
校验通过：❌ False
================================================================================
⚠️ 优先级 2 全部未通过，尝试下一优先级
🔽 降级到全球购，返回顶部并重新识别（不自动下滑）

===== 优先级 1，共 2 个商品 =====
--- 进入商品 1/2 ---
============================================================
搜索词 ：罗意威事后清晨女士淡香水125ml
商品名 ：【LOEWE】罗意威 事后清晨女士淡香水 30ml/50ml/75ml/100/125
品牌    ：罗意威 → 罗意威 | ✅
容量规格：{'125'} → {'30', '50', '75'} | ❌
色号    ：set() → {'125', '100'}
浓度    ：淡香 → 淡香 | ✅
简装    ： →  | ✅
套装    ：不含 → 不含 | ✅
清洗后  ：事后清晨女士水 → 事后清晨女士水
品名匹配：词袋(100.0%) | ✅
结果    ：❌ FAIL | 原因：规格不匹配
============================================================
🔧 标题包含多规格 (容量:{'30', '50', '75'}, 色号:{'125', '100'})，尝试进入规格面板匹配...

[DEBUG][get_sku_price_auto] 开始匹配，搜索词: '罗意威事后清晨女士淡香水125ml'
[DEBUG][get_sku_identifiers] 提取标识: ['125ml']
[DEBUG][get_sku_price_auto] 当前已选规格匹配，价格: 968
✅ 规格匹配成功，且品名已匹配，校验通过

================================================================================
货品名称：【LOEWE】罗意威 事后清晨女士淡香水 30ml/50ml/75ml/100/125
关键词：罗意威事后清晨女士淡香水125ml
原价：480.0 | 现价：968
匹配规格：已选: 125mL 事后清晨女士淡香 | 规格价格：968
百亿补贴：否 | 日期：2025-01-02
校验通过：✅ True
================================================================================
--- 进入商品 2/2 ---
============================================================
搜索词 ：罗意威事后清晨女士淡香水125ml
商品名 ：【LOEWE】罗意威事后清晨001女淡香水75ML情侣送礼
品牌    ：罗意威 → 罗意威 | ✅
容量规格：{'125'} → {'75'} | ❌
色号    ：set() → {'001'}
浓度    ：淡香 → 淡香 | ✅
简装    ： →  | ✅
套装    ：不含 → 不含 | ✅
清洗后  ：事后清晨女士水 → 事后清晨女水情侣送礼
品名匹配：词袋(66.7%) | ✅
结果    ：❌ FAIL | 原因：规格不匹配
============================================================
🔧 校验失败原因为规格不匹配，尝试进入规格面板匹配...

[DEBUG][get_sku_price_auto] 开始匹配，搜索词: '罗意威事后清晨女士淡香水125ml'
[DEBUG][get_sku_identifiers] 提取标识: ['125ml']
[DEBUG][get_sku_price_auto] 当前已选规格不匹配，尝试点击规格...
[DEBUG][get_sku_price_auto] 所有标识尝试完毕，仍无价格
⚠️ 规格匹配未获取到有效价格，已记录为匹配失败，校验结果强制为不通过

================================================================================
货品名称：【LOEWE】罗意威事后清晨001女淡香水75ML情侣送礼
关键词：罗意威事后清晨女士淡香水125ml
原价：788.0 | 现价：788.0
匹配规格：匹配失败 | 规格价格：
百亿补贴：否 | 日期：2024-01-01
校验通过：❌ False
================================================================================
✅ 优先级 1 中已有商品通过校验，停止降级
📁 采集记录已保存，总行数：362
📋 校验记录已保存，总记录数：356
✅ 序号 589 已标记为已采集

⏸ 等待 1 秒后继续...
⏳ 等待下一个商品：[██████████████████████████████] 100% (1/1s)

🔍 搜索：欧舒丹 甜扁桃美肤油100ml 新款

===== 优先级 4，共 1 个商品 =====
--- 进入商品 1/1 ---
============================================================
搜索词 ：欧舒丹 甜扁桃美肤油100ml 新款
商品名 ：【海外正品】欧舒丹美肤油甜扁桃杏仁奶香紧致按摩身体护理油新版
品牌    ：欧舒丹 → 欧舒丹 | ✅
容量规格：{'100'} → set() | ❌
色号    ：set() → set()
浓度    ： →  | ✅
简装    ： →  | ✅
套装    ：不含 → 不含 | ✅
清洗后  ：甜扁桃美肤油 → 美肤油甜扁桃杏仁奶香紧致按摩身体护理油新
品名匹配：词袋(80.0%) | ✅
结果    ：❌ FAIL | 原因：规格不匹配
============================================================
🔧 校验失败原因为规格不匹配，尝试进入规格面板匹配...

[DEBUG][get_sku_price_auto] 开始匹配，搜索词: '欧舒丹 甜扁桃美肤油100ml 新款'
[DEBUG][get_sku_identifiers] 提取标识: ['100ml']
[DEBUG][get_sku_price_auto] 当前已选规格匹配，价格: 193
✅ 规格匹配成功，且品名已匹配，校验通过

================================================================================
货品名称：【海外正品】欧舒丹美肤油甜扁桃杏仁奶香紧致按摩身体护理油新版
关键词：欧舒丹 甜扁桃美肤油100ml 新款
原价：239.0 | 现价：193
匹配规格：已选: 100mL 新版 | 规格价格：193
百亿补贴：是 | 日期：2026-03-06
校验通过：✅ True
================================================================================
✅ 优先级 4 中已有商品通过校验，停止降级
📁 采集记录已保存，总行数：367
📋 校验记录已保存，总记录数：357
✅ 序号 590 已标记为已采集

⏸ 等待 1 秒后继续...
⏳ 等待下一个商品：[██████████████████████████████] 100% (1/1s)

🔍 搜索：欧舒丹玫瑰身体乳250ml

===== 优先级 2，共 1 个商品 =====
--- 进入商品 1/1 ---
============================================================
搜索词 ：欧舒丹玫瑰身体乳250ml
商品名 ：【欧舒丹】玫瑰之心身体乳250ml补水香氛保湿留香滋润防干燥
品牌    ：欧舒丹 → 欧舒丹 | ✅
容量规格：{'250'} → {'250'} | ✅
色号    ：set() → set()
浓度    ： →  | ✅
简装    ： →  | ✅
套装    ：不含 → 不含 | ✅
清洗后  ：身体乳 → 之心身体乳补水防干燥
品名匹配：词袋(100.0%) | ✅
结果    ：✅ PASS | 原因：所有检查通过
============================================================

================================================================================
货品名称：【欧舒丹】玫瑰之心身体乳250ml补水香氛保湿留香滋润防干燥
关键词：欧舒丹玫瑰身体乳250ml
原价：159.0 | 现价：159.0
百亿补贴：否 | 日期：2024-10-01
校验通过：✅ True
================================================================================
✅ 优先级 2 中已有商品通过校验，停止降级
📁 采集记录已保存，总行数：369
📋 校验记录已保存，总记录数：358
✅ 序号 591 已标记为已采集

⏸ 等待 1 秒后继续...
⏳ 等待下一个商品：[██████████████████████████████] 100% (1/1s)

🔍 搜索：欧舒丹乳木果身体霜200ml

===== 优先级 2，共 1 个商品 =====
--- 进入商品 1/1 ---
============================================================
搜索词 ：欧舒丹乳木果身体霜200ml
商品名 ：【L'occitane】欧舒丹乳木果特润身体霜200ML
品牌    ：欧舒丹 → 欧舒丹 | ✅
容量规格：{'200'} → {'200'} | ✅
色号    ：set() → set()
浓度    ： →  | ✅
简装    ： →  | ✅
套装    ：不含 → 不含 | ✅
清洗后  ：乳木果身体霜 → 乳木果特润身体霜
品名匹配：词袋(80.0%) | ✅
结果    ：✅ PASS | 原因：所有检查通过
============================================================

================================================================================
货品名称：【L'occitane】欧舒丹乳木果特润身体霜200ML
关键词：欧舒丹乳木果身体霜200ml
原价：258.0 | 现价：258.0
百亿补贴：否 | 日期：2025-02-01
校验通过：✅ True
================================================================================
✅ 优先级 2 中已有商品通过校验，停止降级
📁 采集记录已保存，总行数：371
📋 校验记录已保存，总记录数：359
✅ 序号 592 已标记为已采集

⏸ 等待 1 秒后继续...
⏳ 等待下一个商品：[██████████████████████████████] 100% (1/1s)

🔍 搜索：欧舒丹乳木果香皂250g

===== 优先级 2，共 1 个商品 =====
--- 进入商品 1/1 ---
============================================================
搜索词 ：欧舒丹乳木果香皂250g
商品名 ：【14.2万人回购该品牌】L'occitane/欧舒丹乳木果/马鞭草香皂250g洁肤皂清洁保湿滋润
品牌    ：欧舒丹 → 欧舒丹 | ✅
容量规格：{'250'} → {'250'} | ✅
色号    ：set() → {'14'}
浓度    ： →  | ✅
简装    ： →  | ✅
套装    ：不含 → 不含 | ✅
清洗后  ：乳木果香皂 → 乳木果马鞭草香皂洁肤皂清洁
品名匹配：词袋(75.0%) | ✅
结果    ：✅ PASS | 原因：所有检查通过
============================================================

================================================================================
货品名称：【14.2万人回购该品牌】L'occitane/欧舒丹乳木果/马鞭草香皂250g洁肤皂清洁保湿滋润
关键词：欧舒丹乳木果香皂250g
原价：99.0 | 现价：69.0
百亿补贴：否 | 日期：2025-07-01
校验通过：✅ True
================================================================================
✅ 优先级 2 中已有商品通过校验，停止降级
📁 采集记录已保存，总行数：373
📋 校验记录已保存，总记录数：360
✅ 序号 593 已标记为已采集

⏸ 等待 1 秒后继续...
⏳ 等待下一个商品：[██████████████████████████████] 100% (1/1s)

🔍 搜索：圣罗兰 先锋男士EDP60ml

===== 优先级 2，共 2 个商品 =====
--- 进入商品 1/2 ---
============================================================
搜索词 ：圣罗兰 先锋男士EDP60ml
商品名 ：【三只松鼠】_风味小腊肠蜜汁味/香辣味150g迷你香肠即食解馋小零食
品牌    ：圣罗兰 → 未匹配 | ❌
容量规格：{'60'} → {'150'} | ❌
色号    ：set() → set()
浓度    ：浓香 →  | ✅
简装    ： →  | ✅
套装    ：不含 → 不含 | ✅
清洗后  ：先锋男士 → _风味小腊肠蜜汁味香辣味迷你香肠即食解馋小零食
品名匹配：LCS子序列(0.0%) | ❌
结果    ：❌ FAIL | 原因：品牌不一致；规格不匹配；品名相似不足(ratio=0.0%)
============================================================
🔧 校验失败原因为规格不匹配，尝试进入规格面板匹配...

[DEBUG][get_sku_price_auto] 开始匹配，搜索词: '圣罗兰 先锋男士EDP60ml'
[DEBUG][get_sku_identifiers] 提取标识: ['60ml']
[DEBUG][get_sku_price_auto] 当前已选规格不匹配，尝试点击规格...
[DEBUG][get_sku_price_auto] 所有标识尝试完毕，仍无价格
⚠️ 规格匹配未获取到有效价格，已记录为匹配失败，校验结果强制为不通过

================================================================================
货品名称：【三只松鼠】_风味小腊肠蜜汁味/香辣味150g迷你香肠即食解馋小零食
关键词：圣罗兰 先锋男士EDP60ml
原价：11.9 | 现价：11.9
匹配规格：匹配失败 | 规格价格：
百亿补贴：否 | 日期：
校验通过：❌ False
================================================================================
--- 进入商品 2/2 ---
============================================================
搜索词 ：圣罗兰 先锋男士EDP60ml
商品名 ：【三只松鼠】_风味小腊肠蜜汁味/香辣味150g迷你香肠即食解馋小零食
品牌    ：圣罗兰 → 未匹配 | ❌
容量规格：{'60'} → {'150'} | ❌
色号    ：set() → set()
浓度    ：浓香 →  | ✅
简装    ： →  | ✅
套装    ：不含 → 不含 | ✅
清洗后  ：先锋男士 → _风味小腊肠蜜汁味香辣味迷你香肠即食解馋小零食
品名匹配：LCS子序列(0.0%) | ❌
结果    ：❌ FAIL | 原因：品牌不一致；规格不匹配；品名相似不足(ratio=0.0%)
============================================================
🔧 校验失败原因为规格不匹配，尝试进入规格面板匹配...

[DEBUG][get_sku_price_auto] 开始匹配，搜索词: '圣罗兰 先锋男士EDP60ml'
[DEBUG][get_sku_identifiers] 提取标识: ['60ml']
[DEBUG][get_sku_price_auto] 当前已选规格不匹配，尝试点击规格...
[DEBUG][get_sku_price_auto] 所有标识尝试完毕，仍无价格
⚠️ 规格匹配未获取到有效价格，已记录为匹配失败，校验结果强制为不通过

================================================================================
货品名称：【三只松鼠】_风味小腊肠蜜汁味/香辣味150g迷你香肠即食解馋小零食
关键词：圣罗兰 先锋男士EDP60ml
原价：11.9 | 现价：11.9
匹配规格：匹配失败 | 规格价格：
百亿补贴：否 | 日期：
校验通过：❌ False
================================================================================
⚠️ 优先级 2 全部未通过，尝试下一优先级
🔽 降级到全球购，返回顶部并重新识别（不自动下滑）

===== 优先级 1，共 3 个商品 =====
--- 进入商品 1/3 ---
============================================================
搜索词 ：圣罗兰 先锋男士EDP60ml
商品名 ：【专柜正品】YSL圣罗兰先锋男士浓香EDP海洋木质香调
品牌    ：圣罗兰 → 圣罗兰 | ✅
容量规格：{'60'} → set() | ❌
色号    ：set() → set()
浓度    ：浓香 → 浓香 | ✅
简装    ： →  | ✅
套装    ：不含 → 不含 | ✅
清洗后  ：先锋男士 → 先锋男士海洋木质香调
品名匹配：词袋(100.0%) | ✅
结果    ：❌ FAIL | 原因：规格不匹配
============================================================
🔧 校验失败原因为规格不匹配，尝试进入规格面板匹配...

[DEBUG][get_sku_price_auto] 开始匹配，搜索词: '圣罗兰 先锋男士EDP60ml'
[DEBUG][get_sku_identifiers] 提取标识: ['60ml']
[DEBUG][get_sku_price_auto] 当前已选规格匹配，价格: 780
✅ 规格匹配成功，且品名已匹配，校验通过

================================================================================
货品名称：【专柜正品】YSL圣罗兰先锋男士浓香EDP海洋木质香调
关键词：圣罗兰 先锋男士EDP60ml
原价：780.0 | 现价：780
匹配规格：已选: 60mL 海洋木质香调 | 规格价格：780
百亿补贴：否 | 日期：2024-12-31
校验通过：✅ True
================================================================================
--- 进入商品 2/3 ---
============================================================
搜索词 ：圣罗兰 先锋男士EDP60ml
商品名 ：【YSL】圣罗兰 Y先锋男士浓香水EDP 60-100ml 木质琥珀调【法国直发】【5天内发货】
品牌    ：圣罗兰 → 圣罗兰 | ✅
容量规格：{'60'} → {'60', '100'} | ✅
色号    ：set() → set()
浓度    ：浓香 → 浓香 | ✅
简装    ： →  | ✅
套装    ：不含 → 不含 | ✅
清洗后  ：先锋男士 → y先锋男士水木质琥珀调
品名匹配：词袋(100.0%) | ✅
结果    ：✅ PASS | 原因：所有检查通过
============================================================
🔧 标题包含多规格 (容量:{'60', '100'}, 色号:set())，尝试进入规格面板匹配...

[DEBUG][get_sku_price_auto] 开始匹配，搜索词: '圣罗兰 先锋男士EDP60ml'
[DEBUG][get_sku_identifiers] 提取标识: ['60ml']
[DEBUG][get_sku_price_auto] 当前已选规格匹配，价格: 754
✅ 规格匹配成功，且品名已匹配，校验通过

================================================================================
货品名称：【YSL】圣罗兰 Y先锋男士浓香水EDP 60-100ml 木质琥珀调【法国直发】【5天内发货】
关键词：圣罗兰 先锋男士EDP60ml
原价：754.0 | 现价：754
匹配规格：已选: 60ml | 规格价格：754
百亿补贴：否 | 日期：
校验通过：✅ True
================================================================================
--- 进入商品 3/3 ---
============================================================
搜索词 ：圣罗兰 先锋男士EDP60ml
商品名 ：【YSL】圣罗兰 Y先锋男士浓香水EDP 60-100ml 木质琥珀调【法国直发】【5天内发货】
品牌    ：圣罗兰 → 圣罗兰 | ✅
容量规格：{'60'} → {'60', '100'} | ✅
色号    ：set() → set()
浓度    ：浓香 → 浓香 | ✅
简装    ： →  | ✅
套装    ：不含 → 不含 | ✅
清洗后  ：先锋男士 → y先锋男士水木质琥珀调
品名匹配：词袋(100.0%) | ✅
结果    ：✅ PASS | 原因：所有检查通过
============================================================
🔧 标题包含多规格 (容量:{'60', '100'}, 色号:set())，尝试进入规格面板匹配...

[DEBUG][get_sku_price_auto] 开始匹配，搜索词: '圣罗兰 先锋男士EDP60ml'
[DEBUG][get_sku_identifiers] 提取标识: ['60ml']
[DEBUG][get_sku_price_auto] 当前已选规格匹配，价格: 741
✅ 规格匹配成功，且品名已匹配，校验通过

================================================================================
货品名称：【YSL】圣罗兰 Y先锋男士浓香水EDP 60-100ml 木质琥珀调【法国直发】【5天内发货】
关键词：圣罗兰 先锋男士EDP60ml
原价：741.0 | 现价：741
匹配规格：已选: 60ML | 规格价格：741
百亿补贴：否 | 日期：
校验通过：✅ True
================================================================================
✅ 优先级 1 中已有商品通过校验，停止降级
📁 采集记录已保存，总行数：378
📋 校验记录已保存，总记录数：365
✅ 序号 594 已标记为已采集

⏸ 等待 1 秒后继续...
⏳ 等待下一个商品：[██████████████████████████████] 100% (1/1s)

🔍 搜索：香奈儿  5号低调奢华版50ml

===== 优先级 2，共 1 个商品 =====
--- 进入商品 1/1 ---
============================================================
搜索词 ：香奈儿  5号低调奢华版50ml
商品名 ：【正品行货】CHANEL 香奈儿五号香水低调奢华版EDP N5经典花香调
品牌    ：香奈儿 → 香奈儿 | ✅
容量规格：{'50'} → set() | ❌
色号    ：set() → {'n5'}
浓度    ： → 浓香 | ✅
简装    ： →  | ✅
套装    ：不含 → 不含 | ✅
清洗后  ：5号低调奢华 → 五号低调奢华n5经典
品名匹配：词袋(100.0%) | ✅
结果    ：❌ FAIL | 原因：规格不匹配
============================================================
🔧 校验失败原因为规格不匹配，尝试进入规格面板匹配...

[DEBUG][get_sku_price_auto] 开始匹配，搜索词: '香奈儿  5号低调奢华版50ml'
[DEBUG][get_sku_identifiers] 提取标识: ['50ml']
[DEBUG][get_sku_price_auto] 当前已选规格匹配，价格: 1230
✅ 规格匹配成功，且品名已匹配，校验通过

================================================================================
货品名称：【正品行货】CHANEL 香奈儿五号香水低调奢华版EDP N5经典花香调
关键词：香奈儿  5号低调奢华版50ml
原价：1230.0 | 现价：1230
匹配规格：已选: 50mL 花香调 五号香水低调奢华版浓香EDP | 规格价格：1230
百亿补贴：否 | 日期：2025-03-07
校验通过：✅ True
================================================================================
✅ 优先级 2 中已有商品通过校验，停止降级
📁 采集记录已保存，总行数：383
📋 校验记录已保存，总记录数：366
✅ 序号 595 已标记为已采集

⏸ 等待 1 秒后继续...
⏳ 等待下一个商品：[██████████████████████████████] 100% (1/1s)

🔍 搜索：香奈儿 coco清新之水EDT50ml

===== 优先级 4，共 1 个商品 =====
--- 进入商品 1/1 ---
============================================================
搜索词 ：香奈儿 coco清新之水EDT50ml
商品名 ：Chanel香奈儿可可COCO清新之水50ml女士香氛持久送礼物【5天内发货】
品牌    ：香奈儿 → 香奈儿 | ✅
容量规格：{'50'} → {'50'} | ✅
色号    ：set() → set()
浓度    ： →  | ✅
简装    ： →  | ✅
套装    ：不含 → 不含 | ✅
清洗后  ：coco之水 → 可可coco之水女士送礼物
品名匹配：词袋(100.0%) | ✅
结果    ：✅ PASS | 原因：所有检查通过
============================================================

================================================================================
货品名称：Chanel香奈儿可可COCO清新之水50ml女士香氛持久送礼物【5天内发货】
关键词：香奈儿 coco清新之水EDT50ml
原价：680.0 | 现价：680.0
百亿补贴：否 | 日期：
校验通过：✅ True
================================================================================
✅ 优先级 4 中已有商品通过校验，停止降级
📁 采集记录已保存，总行数：385
📋 校验记录已保存，总记录数：367
✅ 序号 596 已标记为已采集

⏸ 等待 1 秒后继续...
⏳ 等待下一个商品：[██████████████████████████████] 100% (1/1s)

🔍 搜索：香奈儿 COCO小姐EDT 50ml

===== 优先级 4，共 1 个商品 =====
--- 进入商品 1/1 ---
============================================================
搜索词 ：香奈儿 COCO小姐EDT 50ml
商品名 ：【百补品牌热销44.2万件】Chanel香奈儿COCO香水50ml淡香可可小姐香水送女友节日礼物【5天内发货】
品牌    ：香奈儿 → 香奈儿 | ✅
容量规格：{'50'} → {'50'} | ✅
色号    ：set() → set()
浓度    ： → 淡香 | ✅
简装    ： →  | ✅
套装    ：不含 → 不含 | ✅
清洗后  ：coco小姐 → coco可可小姐送女友节日礼物
品名匹配：词袋(100.0%) | ✅
结果    ：✅ PASS | 原因：所有检查通过
============================================================

================================================================================
货品名称：【百补品牌热销44.2万件】Chanel香奈儿COCO香水50ml淡香可可小姐香水送女友节日礼物【5天内发货】
关键词：香奈儿 COCO小姐EDT 50ml
原价：1099.0 | 现价：1099.0
百亿补贴：是 | 日期：2024-11-30
校验通过：✅ True
================================================================================
✅ 优先级 4 中已有商品通过校验，停止降级
📁 采集记录已保存，总行数：387
📋 校验记录已保存，总记录数：368
✅ 序号 597 已标记为已采集

⏸ 等待 1 秒后继续...
⏳ 等待下一个商品：[██████████████████████████████] 100% (1/1s)

🔍 搜索：香奈儿 COCO小姐止汗喷雾100ml

===== 优先级 4，共 1 个商品 =====
--- 进入商品 1/1 ---
============================================================
搜索词 ：香奈儿 COCO小姐止汗喷雾100ml
商品名 ：川崎品牌官方正品，100%保障
品牌    ：香奈儿 → 未匹配 | ❌
容量规格：{'100'} → set() | ❌
色号    ：set() → {'100'}
浓度    ： →  | ✅
简装    ： →  | ✅
套装    ：不含 → 不含 | ✅
清洗后  ：coco小姐止汗喷雾 → 川崎品牌官方保障
品名匹配：LCS子序列(0.0%) | ❌
结果    ：❌ FAIL | 原因：品牌不一致；规格不匹配；品名相似不足(ratio=0.0%)
============================================================
🔧 校验失败原因为规格不匹配，尝试进入规格面板匹配...

[DEBUG][get_sku_price_auto] 开始匹配，搜索词: '香奈儿 COCO小姐止汗喷雾100ml'
[DEBUG][get_sku_identifiers] 提取标识: ['coco', '100ml']
[DEBUG][get_sku_price_auto] 当前已选规格不匹配，尝试点击规格...
[DEBUG][_click_sku_by_identifier] 尝试点击标识: 'coco'
[DEBUG][get_sku_price_auto] 所有标识尝试完毕，仍无价格
⚠️ 规格匹配未获取到有效价格，已记录为匹配失败，校验结果强制为不通过

================================================================================
货品名称：川崎品牌官方正品，100%保障
关键词：香奈儿 COCO小姐止汗喷雾100ml
原价：16.9 | 现价：16.9
匹配规格：匹配失败 | 规格价格：
百亿补贴：是 | 日期：
校验通过：❌ False
================================================================================
⚠️ 优先级 4 全部未通过，尝试下一优先级
🔽 降级到全球购，返回顶部并重新识别（不自动下滑）

===== 优先级 1，共 3 个商品 =====
--- 进入商品 1/3 ---
============================================================
搜索词 ：香奈儿 COCO小姐止汗喷雾100ml
商品名 ：法国进口 Chanel/香奈儿可可小姐香体香氛止汗喷雾香水100ml
品牌    ：香奈儿 → 香奈儿 | ✅
容量规格：{'100'} → {'100'} | ✅
色号    ：set() → set()
浓度    ： →  | ✅
简装    ： →  | ✅
套装    ：不含 → 不含 | ✅
清洗后  ：coco小姐止汗喷雾 → 法国可可小姐香体止汗喷雾
品名匹配：词袋(80.0%) | ✅
结果    ：✅ PASS | 原因：所有检查通过
============================================================

================================================================================
货品名称：法国进口 Chanel/香奈儿可可小姐香体香氛止汗喷雾香水100ml
关键词：香奈儿 COCO小姐止汗喷雾100ml
原价：None | 现价：None
百亿补贴：否 | 日期：
校验通过：✅ True
================================================================================
--- 进入商品 2/3 ---
============================================================
搜索词 ：香奈儿 COCO小姐止汗喷雾100ml
商品名 ：CHANEL/香奈儿 身体保湿香氛香体香水喷雾持久粉邂逅 COCO小姐 N5
品牌    ：香奈儿 → 香奈儿 | ✅
容量规格：{'100'} → set() | ❌
色号    ：set() → {'n5'}
浓度    ： →  | ✅
简装    ： →  | ✅
套装    ：不含 → 不含 | ✅
清洗后  ：coco小姐止汗喷雾 → 身体香体喷雾粉邂逅coco小姐
品名匹配：词袋(40.0%) | ✅
结果    ：❌ FAIL | 原因：规格不匹配
============================================================
🔧 校验失败原因为规格不匹配，尝试进入规格面板匹配...

[DEBUG][get_sku_price_auto] 开始匹配，搜索词: '香奈儿 COCO小姐止汗喷雾100ml'
[DEBUG][get_sku_identifiers] 提取标识: ['coco', '100ml']
[DEBUG][get_sku_price_auto] 当前已选规格匹配，价格: 360
✅ 规格匹配成功，且品名已匹配，校验通过

================================================================================
货品名称：CHANEL/香奈儿 身体保湿香氛香体香水喷雾持久粉邂逅 COCO小姐 N5
关键词：香奈儿 COCO小姐止汗喷雾100ml
原价：290.0 | 现价：360
匹配规格：已选: 粉邂逅香氛喷雾100ml [赠礼袋] | 规格价格：360
百亿补贴：否 | 日期：
校验通过：✅ True
================================================================================
--- 进入商品 3/3 ---
============================================================
搜索词 ：香奈儿 COCO小姐止汗喷雾100ml
商品名 ：法国进口 Chanel/香奈儿可可小姐香体香氛止汗喷雾香水5号粉邂逅
品牌    ：香奈儿 → 香奈儿 | ✅
容量规格：{'100'} → set() | ❌
色号    ：set() → set()
浓度    ： →  | ✅
简装    ： →  | ✅
套装    ：不含 → 不含 | ✅
清洗后  ：coco小姐止汗喷雾 → 法国可可小姐香体止汗喷雾5号粉邂逅
品名匹配：词袋(80.0%) | ✅
结果    ：❌ FAIL | 原因：规格不匹配
============================================================
🔧 校验失败原因为规格不匹配，尝试进入规格面板匹配...

[DEBUG][get_sku_price_auto] 开始匹配，搜索词: '香奈儿 COCO小姐止汗喷雾100ml'
[DEBUG][get_sku_identifiers] 提取标识: ['coco', '100ml']
[DEBUG][get_sku_price_auto] 当前已选规格匹配，价格: 360
✅ 规格匹配成功，且品名已匹配，校验通过

================================================================================
货品名称：法国进口 Chanel/香奈儿可可小姐香体香氛止汗喷雾香水5号粉邂逅
关键词：香奈儿 COCO小姐止汗喷雾100ml
原价：393.0 | 现价：360
匹配规格：已选: 粉邂逅香氛喷雾100ml 送礼品袋 100ml | 规格价格：360
百亿补贴：否 | 日期：
校验通过：✅ True
================================================================================
✅ 优先级 1 中已有商品通过校验，停止降级
📁 采集记录已保存，总行数：392
📋 校验记录已保存，总记录数：372
✅ 序号 598 已标记为已采集

⏸ 等待 1 秒后继续...
⏳ 等待下一个商品：[██████████████████████████████] 100% (1/1s)

🔍 搜索：香奈儿 白金止汗膏75ml

===== 优先级 2，共 1 个商品 =====
--- 进入商品 1/1 ---
============================================================
搜索词 ：香奈儿 白金止汗膏75ml
商品名 ：
品牌    ：香奈儿 → 未匹配 | ❌
容量规格：{'75'} → set() | ❌
色号    ：set() → set()
浓度    ： →  | ✅
简装    ： →  | ✅
套装    ：不含 → 不含 | ✅
清洗后  ：白金止汗膏 → 
品名匹配：LCS子序列(0.0%) | ❌
结果    ：❌ FAIL | 原因：品牌不一致；规格不匹配；品名相似不足(ratio=0.0%)
============================================================
🔧 校验失败原因为规格不匹配，尝试进入规格面板匹配...

[DEBUG][get_sku_price_auto] 开始匹配，搜索词: '香奈儿 白金止汗膏75ml'
[DEBUG][get_sku_identifiers] 提取标识: ['75ml']
[DEBUG][get_sku_price_auto] 当前已选规格不匹配，尝试点击规格...
[DEBUG][get_sku_price_auto] 所有标识尝试完毕，仍无价格
⚠️ 规格匹配未获取到有效价格，已记录为匹配失败，校验结果强制为不通过

================================================================================
货品名称：
关键词：香奈儿 白金止汗膏75ml
原价：None | 现价：None
匹配规格：匹配失败 | 规格价格：
百亿补贴：否 | 日期：2025-12-31
校验通过：❌ False
================================================================================
⚠️ 优先级 2 全部未通过，尝试下一优先级
🔽 降级到全球购，返回顶部并重新识别（不自动下滑）

===== 优先级 1，共 3 个商品 =====
--- 进入商品 1/3 ---
============================================================
搜索词 ：香奈儿 白金止汗膏75ml
商品名 ：
品牌    ：香奈儿 → 未匹配 | ❌
容量规格：{'75'} → set() | ❌
色号    ：set() → set()
浓度    ： →  | ✅
简装    ： →  | ✅
套装    ：不含 → 不含 | ✅
清洗后  ：白金止汗膏 → 
品名匹配：LCS子序列(0.0%) | ❌
结果    ：❌ FAIL | 原因：品牌不一致；规格不匹配；品名相似不足(ratio=0.0%)
============================================================
🔧 校验失败原因为规格不匹配，尝试进入规格面板匹配...

[DEBUG][get_sku_price_auto] 开始匹配，搜索词: '香奈儿 白金止汗膏75ml'
[DEBUG][get_sku_identifiers] 提取标识: ['75ml']
[DEBUG][get_sku_price_auto] 当前已选规格匹配，价格: 323.19
⚠️ 规格匹配成功但品名不匹配，校验仍不通过

================================================================================
货品名称：
关键词：香奈儿 白金止汗膏75ml
原价：None | 现价：323.19
匹配规格：已选: 75mL 回传物流单号后不支持退款 魅力男士运动止汗膏75ml-过敏不退 | 规格价格：323.19
百亿补贴：否 | 日期：2026-01-01
校验通过：❌ False
================================================================================
--- 进入商品 2/3 ---
============================================================
搜索词 ：香奈儿 白金止汗膏75ml
商品名 ：【6001人收藏】Chanel香奈儿蔚蓝男士止汗膏固体止汗香水运动香体膏持久干爽75ml【5天内发货】
品牌    ：香奈儿 → 香奈儿 | ✅
容量规格：{'75'} → {'75'} | ✅
色号    ：set() → {'6001'}
浓度    ： →  | ✅
简装    ： →  | ✅
套装    ：不含 → 不含 | ✅
清洗后  ：白金止汗膏 → 蔚蓝男士止汗膏固体止汗运动香体膏干爽
品名匹配：词袋(50.0%) | ✅
结果    ：✅ PASS | 原因：所有检查通过
============================================================

================================================================================
货品名称：【6001人收藏】Chanel香奈儿蔚蓝男士止汗膏固体止汗香水运动香体膏持久干爽75ml【5天内发货】
关键词：香奈儿 白金止汗膏75ml
原价：368.0 | 现价：367.0
百亿补贴：否 | 日期：
校验通过：✅ True
================================================================================
--- 进入商品 3/3 ---
============================================================
搜索词 ：香奈儿 白金止汗膏75ml
商品名 ：Chanel香奈儿魅力男士止汗膏 75ml 魅力系列经典东方木制调
品牌    ：香奈儿 → 香奈儿 | ✅
容量规格：{'75'} → {'75'} | ✅
色号    ：set() → set()
浓度    ： →  | ✅
简装    ： →  | ✅
套装    ：不含 → 不含 | ✅
清洗后  ：白金止汗膏 → 魅力男士止汗膏魅力系列经典东方木制调
品名匹配：词袋(50.0%) | ✅
结果    ：✅ PASS | 原因：所有检查通过
============================================================

================================================================================
货品名称：Chanel香奈儿魅力男士止汗膏 75ml 魅力系列经典东方木制调
关键词：香奈儿 白金止汗膏75ml
原价：323.19 | 现价：323.19
百亿补贴：否 | 日期：2026-02-01
校验通过：✅ True
================================================================================
✅ 优先级 1 中已有商品通过校验，停止降级
📁 采集记录已保存，总行数：399
📋 校验记录已保存，总记录数：376
✅ 序号 599 已标记为已采集

⏸ 等待 1 秒后继续...
⏳ 等待下一个商品：[██████████████████████████████] 100% (1/1s)

🔍 搜索：香奈儿 橙邂逅活力EDT 50ml

===== 优先级 4，共 1 个商品 =====
--- 进入商品 1/1 ---
============================================================
搜索词 ：香奈儿 橙邂逅活力EDT 50ml
商品名 ：【正品行货】Chanel香奈儿香水橙色邂逅活力女士淡香氛持久留香
品牌    ：香奈儿 → 香奈儿 | ✅
容量规格：{'50'} → set() | ❌
色号    ：set() → set()
浓度    ： → 淡香 | ✅
简装    ： →  | ✅
套装    ：不含 → 不含 | ✅
清洗后  ：橙邂逅活力 → 橙色邂逅活力女士氛
品名匹配：词袋(75.0%) | ✅
结果    ：❌ FAIL | 原因：规格不匹配
============================================================
🔧 校验失败原因为规格不匹配，尝试进入规格面板匹配...

[DEBUG][get_sku_price_auto] 开始匹配，搜索词: '香奈儿 橙邂逅活力EDT 50ml'
[DEBUG][get_sku_identifiers] 提取标识: ['50ml']
[DEBUG][get_sku_price_auto] 当前已选规格匹配，价格: 711
✅ 规格匹配成功，且品名已匹配，校验通过

================================================================================
货品名称：【正品行货】Chanel香奈儿香水橙色邂逅活力女士淡香氛持久留香
关键词：香奈儿 橙邂逅活力EDT 50ml
原价：988.0 | 现价：711
匹配规格：已选: 橙邂逅淡香水 50ml | 规格价格：711
百亿补贴：是 | 日期：2025-05-21
校验通过：✅ True
================================================================================
✅ 优先级 4 中已有商品通过校验，停止降级
📁 采集记录已保存，总行数：404
📋 校验记录已保存，总记录数：379
✅ 序号 600 已标记为已采集

⏸ 等待 1 秒后继续...
⏳ 等待下一个商品：[██████████████████████████████] 100% (1/1s)

🔍 搜索：香奈儿 粉邂逅EDT 50ml

===== 优先级 2，共 1 个商品 =====
--- 进入商品 1/1 ---
============================================================
搜索词 ：香奈儿 粉邂逅EDT 50ml
商品名 ：【正品行货】CHANEL/香奈儿粉邂逅香水淡香EDT粉色柔情清新花果香
品牌    ：香奈儿 → 香奈儿 | ✅
容量规格：{'50'} → set() | ❌
色号    ：set() → set()
浓度    ： → 淡香 | ✅
简装    ： →  | ✅
套装    ：不含 → 不含 | ✅
清洗后  ：粉邂逅 → 粉邂逅粉色柔情花果香
品名匹配：词袋(100.0%) | ✅
结果    ：❌ FAIL | 原因：规格不匹配
============================================================
🔧 校验失败原因为规格不匹配，尝试进入规格面板匹配...

[DEBUG][get_sku_price_auto] 开始匹配，搜索词: '香奈儿 粉邂逅EDT 50ml'
[DEBUG][get_sku_identifiers] 提取标识: ['50ml']
[DEBUG][get_sku_price_auto] 当前已选规格不匹配，尝试点击规格...
[DEBUG] 容量 50ml 找到 1 个控件
[DEBUG] 点击唯一容量控件: 50ml
[DEBUG] 容量 50ml 匹配成功，价格: 1010
✅ 规格匹配成功，且品名已匹配，校验通过

================================================================================
货品名称：【正品行货】CHANEL/香奈儿粉邂逅香水淡香EDT粉色柔情清新花果香
关键词：香奈儿 粉邂逅EDT 50ml
原价：750.0 | 现价：1010
匹配规格：已选: 50mL 花果 粉邂逅柔情淡香水 EDT | 规格价格：1010
百亿补贴：否 | 日期：2025-04-19
校验通过：✅ True
================================================================================
✅ 优先级 2 中已有商品通过校验，停止降级
📁 采集记录已保存，总行数：406
📋 校验记录已保存，总记录数：380
✅ 序号 601 已标记为已采集

⏸ 等待 1 秒后继续...
⏳ 等待下一个商品：[██████████████████████████████] 100% (1/1s)

🔍 搜索：香奈儿 黄邂逅EDT 50ml

===== 优先级 2，共 1 个商品 =====
--- 进入商品 1/1 ---
============================================================
搜索词 ：香奈儿 黄邂逅EDT 50ml
商品名 ：【三只松鼠】_风味小腊肠蜜汁味/香辣味150g迷你香肠即食解馋小零食
品牌    ：香奈儿 → 未匹配 | ❌
容量规格：{'50'} → {'150'} | ❌
色号    ：set() → set()
浓度    ： →  | ✅
简装    ： →  | ✅
套装    ：不含 → 不含 | ✅
清洗后  ：黄邂逅 → _风味小腊肠蜜汁味香辣味迷你香肠即食解馋小零食
品名匹配：LCS子序列(0.0%) | ❌
结果    ：❌ FAIL | 原因：品牌不一致；规格不匹配；品名相似不足(ratio=0.0%)
============================================================
🔧 校验失败原因为规格不匹配，尝试进入规格面板匹配...

[DEBUG][get_sku_price_auto] 开始匹配，搜索词: '香奈儿 黄邂逅EDT 50ml'
[DEBUG][get_sku_identifiers] 提取标识: ['50ml']
[DEBUG][get_sku_price_auto] 当前已选规格不匹配，尝试点击规格...
[DEBUG][get_sku_price_auto] 所有标识尝试完毕，仍无价格
⚠️ 规格匹配未获取到有效价格，已记录为匹配失败，校验结果强制为不通过

================================================================================
货品名称：【三只松鼠】_风味小腊肠蜜汁味/香辣味150g迷你香肠即食解馋小零食
关键词：香奈儿 黄邂逅EDT 50ml
原价：None | 现价：None
匹配规格：匹配失败 | 规格价格：
百亿补贴：否 | 日期：2026-03-01
校验通过：❌ False
================================================================================
⚠️ 优先级 2 全部未通过，尝试下一优先级
🔽 降级到全球购，返回顶部并重新识别（不自动下滑）

===== 优先级 1，共 3 个商品 =====
--- 进入商品 1/3 ---
============================================================
搜索词 ：香奈儿 黄邂逅EDT 50ml
商品名 ：【CHANEL】香奈儿香水黄色邂逅女士淡香水EDT 50ml花香调持久通勤优雅【5天内发货】
品牌    ：香奈儿 → 香奈儿 | ✅
容量规格：{'50'} → {'50'} | ✅
色号    ：set() → set()
浓度    ： → 淡香 | ✅
简装    ： →  | ✅
套装    ：不含 → 不含 | ✅
清洗后  ：黄邂逅 → 黄色邂逅女士水通勤优雅
品名匹配：词袋(50.0%) | ✅
结果    ：✅ PASS | 原因：所有检查通过
============================================================

================================================================================
货品名称：【CHANEL】香奈儿香水黄色邂逅女士淡香水EDT 50ml花香调持久通勤优雅【5天内发货】
关键词：香奈儿 黄邂逅EDT 50ml
原价：662.0 | 现价：662.0
百亿补贴：否 | 日期：
校验通过：✅ True
================================================================================
--- 进入商品 2/3 ---
============================================================
搜索词 ：香奈儿 黄邂逅EDT 50ml
商品名 ：Chanel/香奈儿 黄邂逅EDT淡香水50ml【5天内发货】
品牌    ：香奈儿 → 香奈儿 | ✅
容量规格：{'50'} → {'50'} | ✅
色号    ：set() → set()
浓度    ： → 淡香 | ✅
简装    ： →  | ✅
套装    ：不含 → 不含 | ✅
清洗后  ：黄邂逅 → 黄邂逅水
品名匹配：词袋(100.0%) | ✅
结果    ：✅ PASS | 原因：所有检查通过
============================================================

================================================================================
货品名称：Chanel/香奈儿 黄邂逅EDT淡香水50ml【5天内发货】
关键词：香奈儿 黄邂逅EDT 50ml
原价：699.0 | 现价：699.0
百亿补贴：否 | 日期：
校验通过：✅ True
================================================================================
--- 进入商品 3/3 ---
============================================================
搜索词 ：香奈儿 黄邂逅EDT 50ml
商品名 ：Chanel/香奈儿黄邂逅香水EDT100ml持久留香【5天内发货】
品牌    ：香奈儿 → 香奈儿 | ✅
容量规格：{'50'} → {'100'} | ❌
色号    ：set() → set()
浓度    ： →  | ✅
简装    ： →  | ✅
套装    ：不含 → 不含 | ✅
清洗后  ：黄邂逅 → 黄邂逅
品名匹配：词袋(100.0%) | ✅
结果    ：❌ FAIL | 原因：规格不匹配
============================================================
🔧 校验失败原因为规格不匹配，尝试进入规格面板匹配...

[DEBUG][get_sku_price_auto] 开始匹配，搜索词: '香奈儿 黄邂逅EDT 50ml'
[DEBUG][get_sku_identifiers] 提取标识: ['50ml']
[DEBUG][get_sku_price_auto] 当前已选规格不匹配，尝试点击规格...
[DEBUG][get_sku_price_auto] 所有标识尝试完毕，仍无价格
⚠️ 规格匹配未获取到有效价格，已记录为匹配失败，校验结果强制为不通过

================================================================================
货品名称：Chanel/香奈儿黄邂逅香水EDT100ml持久留香【5天内发货】
关键词：香奈儿 黄邂逅EDT 50ml
原价：1259.0 | 现价：1259.0
匹配规格：匹配失败 | 规格价格：
百亿补贴：否 | 日期：2025-04-01
校验通过：❌ False
================================================================================
✅ 优先级 1 中已有商品通过校验，停止降级
📁 采集记录已保存，总行数：411
📋 校验记录已保存，总记录数：384
✅ 序号 602 已标记为已采集

⏸ 等待 1 秒后继续...
⏳ 等待下一个商品：[██████████████████████████████] 100% (1/1s)

🔍 搜索：香奈儿 嘉柏丽尔香水EDP 50ml

===== 优先级 2，共 1 个商品 =====
--- 进入商品 1/1 ---
============================================================
搜索词 ：香奈儿 嘉柏丽尔香水EDP 50ml
商品名 ：【正品行货】CHANEL/香奈儿嘉柏丽尔经典版香水EDP浓香花香调50ml
品牌    ：香奈儿 → 香奈儿 | ✅
容量规格：{'50'} → {'50'} | ✅
色号    ：set() → set()
浓度    ：浓香 → 浓香 | ✅
简装    ： →  | ✅
套装    ：不含 → 不含 | ✅
清洗后  ：嘉柏丽尔 → 嘉柏丽尔经典
品名匹配：词袋(100.0%) | ✅
结果    ：✅ PASS | 原因：所有检查通过
============================================================

================================================================================
货品名称：【正品行货】CHANEL/香奈儿嘉柏丽尔经典版香水EDP浓香花香调50ml
关键词：香奈儿 嘉柏丽尔香水EDP 50ml
原价：1230.0 | 现价：1230.0
百亿补贴：否 | 日期：2024-10-09
校验通过：✅ True
================================================================================
✅ 优先级 2 中已有商品通过校验，停止降级
📁 采集记录已保存，总行数：415
📋 校验记录已保存，总记录数：385
✅ 序号 603 已标记为已采集

⏸ 等待 1 秒后继续...
⏳ 等待下一个商品：[██████████████████████████████] 100% (1/1s)

🔍 搜索：香奈儿 嘉柏丽尔之水50ml

===== 优先级 2，共 1 个商品 =====
--- 进入商品 1/1 ---
============================================================
搜索词 ：香奈儿 嘉柏丽尔之水50ml
商品名 ：【正品行货】Chanel香奈儿嘉柏丽尔之水清新淡香50/100ml持久留香
品牌    ：香奈儿 → 香奈儿 | ✅
容量规格：{'50'} → {'50', '100'} | ✅
色号    ：set() → set()
浓度    ： → 淡香 | ✅
简装    ： →  | ✅
套装    ：不含 → 不含 | ✅
清洗后  ：嘉柏丽尔之水 → 嘉柏丽尔之水
品名匹配：词袋(100.0%) | ✅
结果    ：✅ PASS | 原因：所有检查通过
============================================================
🔧 标题包含多规格 (容量:{'50', '100'}, 色号:set())，尝试进入规格面板匹配...

[DEBUG][get_sku_price_auto] 开始匹配，搜索词: '香奈儿 嘉柏丽尔之水50ml'
[DEBUG][get_sku_identifiers] 提取标识: ['50ml']
[DEBUG][get_sku_price_auto] 当前已选规格匹配，价格: 844.99
✅ 规格匹配成功，且品名已匹配，校验通过

================================================================================
货品名称：【正品行货】Chanel香奈儿嘉柏丽尔之水清新淡香50/100ml持久留香
关键词：香奈儿 嘉柏丽尔之水50ml
原价：844.99 | 现价：844.99
匹配规格：已选: 嘉柏丽尔之水淡香50ml | 规格价格：844.99
百亿补贴：否 | 日期：2024-10-05
校验通过：✅ True
================================================================================
✅ 优先级 2 中已有商品通过校验，停止降级
📁 采集记录已保存，总行数：417
📋 校验记录已保存，总记录数：386
✅ 序号 604 已标记为已采集

⏸ 等待 1 秒后继续...
⏳ 等待下一个商品：[██████████████████████████████] 100% (1/1s)

🔍 搜索：香奈儿 嘉伯丽尔止汗喷雾100ml
🔽 降级到全球购，返回顶部并重新识别（不自动下滑）

===== 优先级 1，共 3 个商品 =====
--- 进入商品 1/3 ---
============================================================
搜索词 ：香奈儿 嘉伯丽尔止汗喷雾100ml
商品名 ：Chanel香奈儿蔚蓝男士止汗喷雾BLEU清新香水止汗露 清爽喷雾100ml【5天内发货】
品牌    ：香奈儿 → 香奈儿 | ✅
容量规格：{'100'} → {'100'} | ✅
色号    ：set() → set()
浓度    ： →  | ✅
简装    ： →  | ✅
套装    ：不含 → 不含 | ✅
清洗后  ：嘉伯丽尔止汗喷雾 → 蔚蓝男士止汗喷雾bleu止汗露喷雾
品名匹配：词袋(42.9%) | ✅
结果    ：✅ PASS | 原因：所有检查通过
============================================================

================================================================================
货品名称：Chanel香奈儿蔚蓝男士止汗喷雾BLEU清新香水止汗露 清爽喷雾100ml【5天内发货】
关键词：香奈儿 嘉伯丽尔止汗喷雾100ml
原价：320.0 | 现价：320.0
百亿补贴：否 | 日期：2025-01-01
校验通过：✅ True
================================================================================
--- 进入商品 2/3 ---
============================================================
搜索词 ：香奈儿 嘉伯丽尔止汗喷雾100ml
商品名 ：【3136人收藏】Chanel香奈儿身体止汗喷雾COCO/邂逅/5号/嘉柏丽尔/香体喷雾100ml【5天内发货】
品牌    ：香奈儿 → 香奈儿 | ✅
容量规格：{'100'} → {'100'} | ✅
色号    ：set() → {'5', '3136'}
浓度    ： →  | ✅
简装    ： →  | ✅
套装    ：不含 → 不含 | ✅
清洗后  ：嘉伯丽尔止汗喷雾 → 身体止汗喷雾coco邂逅嘉柏丽尔香体喷雾
品名匹配：词袋(57.1%) | ✅
结果    ：✅ PASS | 原因：所有检查通过
============================================================
🔧 标题包含多规格 (容量:{'100'}, 色号:{'5', '3136'})，尝试进入规格面板匹配...

[DEBUG][get_sku_price_auto] 开始匹配，搜索词: '香奈儿 嘉伯丽尔止汗喷雾100ml'
[DEBUG][get_sku_identifiers] 提取标识: ['100ml']
[DEBUG][get_sku_price_auto] 当前已选规格匹配，价格: 267
✅ 规格匹配成功，且品名已匹配，校验通过

================================================================================
货品名称：【3136人收藏】Chanel香奈儿身体止汗喷雾COCO/邂逅/5号/嘉柏丽尔/香体喷雾100ml【5天内发货】
关键词：香奈儿 嘉伯丽尔止汗喷雾100ml
原价：328.0 | 现价：267
匹配规格：已选: 蔚蓝男士止汗喷雾100ml | 规格价格：267
百亿补贴：否 | 日期：
校验通过：✅ True
================================================================================
--- 进入商品 3/3 ---
============================================================
搜索词 ：香奈儿 嘉伯丽尔止汗喷雾100ml
商品名 ：Chanel/香奈儿止汗喷雾粉色绿色邂逅 身体止汗喷雾香水喷雾 100ml【5天内发货】
品牌    ：香奈儿 → 香奈儿 | ✅
容量规格：{'100'} → {'100'} | ✅
色号    ：set() → set()
浓度    ： →  | ✅
简装    ： →  | ✅
套装    ：不含 → 不含 | ✅
清洗后  ：嘉伯丽尔止汗喷雾 → 止汗喷雾粉色绿色邂逅身体止汗喷雾喷雾
品名匹配：词袋(42.9%) | ✅
结果    ：✅ PASS | 原因：所有检查通过
============================================================

================================================================================
货品名称：Chanel/香奈儿止汗喷雾粉色绿色邂逅 身体止汗喷雾香水喷雾 100ml【5天内发货】
关键词：香奈儿 嘉伯丽尔止汗喷雾100ml
原价：360.0 | 现价：359.0
百亿补贴：否 | 日期：
校验通过：✅ True
================================================================================
✅ 优先级 1 中已有商品通过校验，停止降级
📁 采集记录已保存，总行数：421
📋 校验记录已保存，总记录数：389
✅ 序号 605 已标记为已采集

⏸ 等待 1 秒后继续...
⏳ 等待下一个商品：[██████████████████████████████] 100% (1/1s)

🔍 搜索：香奈儿 经典五号N5止汗露100ml

===== 优先级 2，共 1 个商品 =====
--- 进入商品 1/1 ---
============================================================
搜索词 ：香奈儿 经典五号N5止汗露100ml
商品名 ：学丞品牌官方正品，100%保障
品牌    ：香奈儿 → 未匹配 | ❌
容量规格：{'100'} → set() | ❌
色号    ：{'n5'} → {'100'}
浓度    ： →  | ✅
简装    ： →  | ✅
套装    ：不含 → 不含 | ✅
清洗后  ：经典五号n5止汗露 → 学丞品牌官方保障
品名匹配：LCS子序列(0.0%) | ❌
结果    ：❌ FAIL | 原因：品牌不一致；规格不匹配；品名相似不足(ratio=0.0%)
============================================================
🔧 校验失败原因为规格不匹配，尝试进入规格面板匹配...

[DEBUG][get_sku_price_auto] 开始匹配，搜索词: '香奈儿 经典五号N5止汗露100ml'
[DEBUG][get_sku_identifiers] 提取标识: ['n5', '100ml']
[DEBUG][get_sku_price_auto] 当前已选规格不匹配，尝试点击规格...
[DEBUG][_click_sku_by_identifier] 尝试点击标识: 'n5'
[DEBUG][get_sku_price_auto] 所有标识尝试完毕，仍无价格
⚠️ 规格匹配未获取到有效价格，已记录为匹配失败，校验结果强制为不通过

================================================================================
货品名称：学丞品牌官方正品，100%保障
关键词：香奈儿 经典五号N5止汗露100ml
原价：None | 现价：None
匹配规格：匹配失败 | 规格价格：
百亿补贴：否 | 日期：
校验通过：❌ False
================================================================================
⚠️ 优先级 2 全部未通过，尝试下一优先级
🔽 降级到全球购，返回顶部并重新识别（不自动下滑）

===== 优先级 1，共 3 个商品 =====
--- 进入商品 1/3 ---
============================================================
搜索词 ：香奈儿 经典五号N5止汗露100ml
商品名 ：CHANEL/香奈儿 身体保湿香氛香体香水喷雾持久粉邂逅 COCO小姐 N5
品牌    ：香奈儿 → 香奈儿 | ✅
容量规格：{'100'} → set() | ✅
色号    ：{'n5'} → {'n5'}
浓度    ： →  | ✅
简装    ： →  | ✅
套装    ：不含 → 不含 | ✅
清洗后  ：经典五号n5止汗露 → 身体香体喷雾粉邂逅coco小姐
品名匹配：LCS子序列(0.0%) | ❌
结果    ：❌ FAIL | 原因：品名相似不足(ratio=0.0%)
============================================================

================================================================================
货品名称：CHANEL/香奈儿 身体保湿香氛香体香水喷雾持久粉邂逅 COCO小姐 N5
关键词：香奈儿 经典五号N5止汗露100ml
原价：290.0 | 现价：290.0
百亿补贴：否 | 日期：
校验通过：❌ False
================================================================================
--- 进入商品 2/3 ---
============================================================
搜索词 ：香奈儿 经典五号N5止汗露100ml
商品名 ：CHANEL/香奈儿 身体保湿香氛香体香水喷雾持久粉邂逅 COCO小姐 N5
品牌    ：香奈儿 → 香奈儿 | ✅
容量规格：{'100'} → set() | ✅
色号    ：{'n5'} → {'n5'}
浓度    ： →  | ✅
简装    ： →  | ✅
套装    ：不含 → 不含 | ✅
清洗后  ：经典五号n5止汗露 → 身体香体喷雾粉邂逅coco小姐
品名匹配：LCS子序列(0.0%) | ❌
结果    ：❌ FAIL | 原因：品名相似不足(ratio=0.0%)
============================================================

================================================================================
货品名称：CHANEL/香奈儿 身体保湿香氛香体香水喷雾持久粉邂逅 COCO小姐 N5
关键词：香奈儿 经典五号N5止汗露100ml
原价：290.0 | 现价：290.0
百亿补贴：否 | 日期：
校验通过：❌ False
================================================================================
--- 进入商品 3/3 ---
============================================================
搜索词 ：香奈儿 经典五号N5止汗露100ml
商品名 ：法国进口 Chanel/香奈儿可可小姐香体香氛止汗喷雾香水5号粉邂逅
品牌    ：香奈儿 → 香奈儿 | ✅
容量规格：{'100'} → set() | ❌
色号    ：{'n5'} → set()
浓度    ： →  | ✅
简装    ： →  | ✅
套装    ：不含 → 不含 | ✅
清洗后  ：经典五号n5止汗露 → 法国可可小姐香体止汗喷雾5号粉邂逅
品名匹配：LCS子序列(22.2%) | ❌
结果    ：❌ FAIL | 原因：规格不匹配；品名相似不足(ratio=22.2%)
============================================================
🔧 校验失败原因为规格不匹配，尝试进入规格面板匹配...

[DEBUG][get_sku_price_auto] 开始匹配，搜索词: '香奈儿 经典五号N5止汗露100ml'
[DEBUG][get_sku_identifiers] 提取标识: ['n5', '100ml']
[DEBUG][get_sku_price_auto] 当前已选规格匹配，价格: 360
⚠️ 规格匹配成功但品名不匹配，校验仍不通过

================================================================================
货品名称：法国进口 Chanel/香奈儿可可小姐香体香氛止汗喷雾香水5号粉邂逅
关键词：香奈儿 经典五号N5止汗露100ml
原价：393.0 | 现价：360
匹配规格：已选: 粉邂逅香氛喷雾100ml 送礼品袋 100ml | 规格价格：360
百亿补贴：否 | 日期：
校验通过：❌ False
================================================================================
⚠️ 优先级 1 全部未通过，尝试下一优先级
📁 采集记录已保存，总行数：427
📋 校验记录已保存，总记录数：393
✅ 序号 606 已标记为已采集

⏸ 等待 1 秒后继续...
⏳ 等待下一个商品：[██████████████████████████████] 100% (1/1s)

🔍 搜索：香奈儿 精粹卸妆油150ml

===== 优先级 2，共 1 个商品 =====
--- 进入商品 1/1 ---
============================================================
搜索词 ：香奈儿 精粹卸妆油150ml
商品名 ：【生日礼物】CHANEL/香奈儿柔和净肤卸妆油眼唇面部温和深层清洁
品牌    ：香奈儿 → 香奈儿 | ✅
容量规格：{'150'} → set() | ❌
色号    ：set() → set()
浓度    ： →  | ✅
简装    ： →  | ✅
套装    ：不含 → 不含 | ✅
清洗后  ：精粹卸妆油 → 柔和净肤卸妆油眼唇面部深层清洁
品名匹配：词袋(50.0%) | ✅
结果    ：❌ FAIL | 原因：规格不匹配
============================================================
🔧 校验失败原因为规格不匹配，尝试进入规格面板匹配...

[DEBUG][get_sku_price_auto] 开始匹配，搜索词: '香奈儿 精粹卸妆油150ml'
[DEBUG][get_sku_identifiers] 提取标识: ['150ml']
[DEBUG][get_sku_price_auto] 当前已选规格匹配，价格: 348
✅ 规格匹配成功，且品名已匹配，校验通过

================================================================================
货品名称：【生日礼物】CHANEL/香奈儿柔和净肤卸妆油眼唇面部温和深层清洁
关键词：香奈儿 精粹卸妆油150ml
原价：348.0 | 现价：348
匹配规格：已选: 150mL [赠礼盒礼袋] 正品保证   代写祝福贺卡 | 规格价格：348
百亿补贴：否 | 日期：2025-02-19
校验通过：✅ True
================================================================================
✅ 优先级 2 中已有商品通过校验，停止降级
📁 采集记录已保存，总行数：430
📋 校验记录已保存，总记录数：394
✅ 序号 607 已标记为已采集

⏸ 等待 1 秒后继续...
⏳ 等待下一个商品：[██████████████████████████████] 100% (1/1s)

🔍 搜索：香奈儿 绿邂逅EDT 50ml

===== 优先级 4，共 1 个商品 =====
--- 进入商品 1/1 ---
============================================================
搜索词 ：香奈儿 绿邂逅EDT 50ml
商品名 ：公牛品牌官方正品，100%保障
品牌    ：香奈儿 → 未匹配 | ❌
容量规格：{'50'} → set() | ❌
色号    ：set() → {'100'}
浓度    ： →  | ✅
简装    ： →  | ✅
套装    ：不含 → 不含 | ✅
清洗后  ：绿邂逅 → 公牛品牌官方保障
品名匹配：LCS子序列(0.0%) | ❌
结果    ：❌ FAIL | 原因：品牌不一致；规格不匹配；品名相似不足(ratio=0.0%)
============================================================
🔧 校验失败原因为规格不匹配，尝试进入规格面板匹配...

[DEBUG][get_sku_price_auto] 开始匹配，搜索词: '香奈儿 绿邂逅EDT 50ml'
[DEBUG][get_sku_identifiers] 提取标识: ['50ml']
[DEBUG][get_sku_price_auto] 当前已选规格不匹配，尝试点击规格...
[DEBUG][get_sku_price_auto] 所有标识尝试完毕，仍无价格
⚠️ 规格匹配未获取到有效价格，已记录为匹配失败，校验结果强制为不通过

================================================================================
货品名称：公牛品牌官方正品，100%保障
关键词：香奈儿 绿邂逅EDT 50ml
原价：199.77 | 现价：199.77
匹配规格：匹配失败 | 规格价格：
百亿补贴：是 | 日期：
校验通过：❌ False
================================================================================
⚠️ 优先级 4 全部未通过，尝试下一优先级
🔽 降级到全球购，返回顶部并重新识别（不自动下滑）

===== 优先级 1，共 3 个商品 =====
--- 进入商品 1/3 ---
============================================================
搜索词 ：香奈儿 绿邂逅EDT 50ml
商品名 ：Chanel/香奈儿邂逅系列香水 绿邂逅清新淡香水EDT50ml 淡雅清香【5天内发货】
品牌    ：香奈儿 → 香奈儿 | ✅
容量规格：{'50'} → {'50'} | ✅
色号    ：set() → set()
浓度    ： → 淡香 | ✅
简装    ： →  | ✅
套装    ：不含 → 不含 | ✅
清洗后  ：绿邂逅 → 邂逅系列绿邂逅水清香
品名匹配：词袋(100.0%) | ✅
结果    ：✅ PASS | 原因：所有检查通过
============================================================

================================================================================
货品名称：Chanel/香奈儿邂逅系列香水 绿邂逅清新淡香水EDT50ml 淡雅清香【5天内发货】
关键词：香奈儿 绿邂逅EDT 50ml
原价：799.0 | 现价：799.0
百亿补贴：否 | 日期：
校验通过：✅ True
================================================================================
--- 进入商品 2/3 ---
============================================================
搜索词 ：香奈儿 绿邂逅EDT 50ml
商品名 ：Chanel/香奈儿 绿邂逅EDT淡香水50ml【5天内发货】
品牌    ：香奈儿 → 香奈儿 | ✅
容量规格：{'50'} → {'50'} | ✅
色号    ：set() → set()
浓度    ： → 淡香 | ✅
简装    ： →  | ✅
套装    ：不含 → 不含 | ✅
清洗后  ：绿邂逅 → 绿邂逅水
品名匹配：词袋(100.0%) | ✅
结果    ：✅ PASS | 原因：所有检查通过
============================================================

================================================================================
货品名称：Chanel/香奈儿 绿邂逅EDT淡香水50ml【5天内发货】
关键词：香奈儿 绿邂逅EDT 50ml
原价：699.0 | 现价：699.0
百亿补贴：否 | 日期：
校验通过：✅ True
================================================================================
--- 进入商品 3/3 ---
============================================================
搜索词 ：香奈儿 绿邂逅EDT 50ml
商品名 ：Chanel/香奈儿绿邂逅清新淡香水EDT50ml淡雅清香百搭【5天内发货】
品牌    ：香奈儿 → 香奈儿 | ✅
容量规格：{'50'} → {'50'} | ✅
色号    ：set() → set()
浓度    ： → 淡香 | ✅
简装    ： →  | ✅
套装    ：不含 → 不含 | ✅
清洗后  ：绿邂逅 → 绿邂逅水清香百搭
品名匹配：词袋(100.0%) | ✅
结果    ：✅ PASS | 原因：所有检查通过
============================================================

================================================================================
货品名称：Chanel/香奈儿绿邂逅清新淡香水EDT50ml淡雅清香百搭【5天内发货】
关键词：香奈儿 绿邂逅EDT 50ml
原价：800.0 | 现价：800.0
百亿补贴：否 | 日期：2025-07-25
校验通过：✅ True
================================================================================
✅ 优先级 1 中已有商品通过校验，停止降级
📁 采集记录已保存，总行数：435
📋 校验记录已保存，总记录数：398
✅ 序号 608 已标记为已采集

⏸ 等待 1 秒后继续...
⏳ 等待下一个商品：[██████████████████████████████] 100% (1/1s)

🔍 搜索：香奈儿 男士运动古龙香水 50ml
🔽 降级到全球购，返回顶部并重新识别（不自动下滑）

===== 优先级 1，共 3 个商品 =====
--- 进入商品 1/3 ---
============================================================
搜索词 ：香奈儿 男士运动古龙香水 50ml
商品名 ：【CHANEL】香奈儿 魅力男士运动古龙 香水  淡香水EDT 50ml/100ml
品牌    ：香奈儿 → 香奈儿 | ✅
容量规格：{'50'} → {'50', '100'} | ✅
色号    ：set() → set()
浓度    ： → 淡香 | ✅
简装    ： →  | ✅
套装    ：不含 → 不含 | ✅
清洗后  ：男士运动古龙 → 魅力男士运动古龙
品名匹配：词袋(100.0%) | ✅
结果    ：✅ PASS | 原因：所有检查通过
============================================================
🔧 标题包含多规格 (容量:{'50', '100'}, 色号:set())，尝试进入规格面板匹配...

[DEBUG][get_sku_price_auto] 开始匹配，搜索词: '香奈儿 男士运动古龙香水 50ml'
[DEBUG][get_sku_identifiers] 提取标识: ['50ml']
[DEBUG][get_sku_price_auto] 当前已选规格匹配，价格: 761
✅ 规格匹配成功，且品名已匹配，校验通过

================================================================================
货品名称：【CHANEL】香奈儿 魅力男士运动古龙 香水  淡香水EDT 50ml/100ml
关键词：香奈儿 男士运动古龙香水 50ml
原价：761.0 | 现价：761
匹配规格：已选: 50mL 运动男士古龙水 | 规格价格：761
百亿补贴：否 | 日期：2025-03-06
校验通过：✅ True
================================================================================
--- 进入商品 2/3 ---
============================================================
搜索词 ：香奈儿 男士运动古龙香水 50ml
商品名 ：Chanel香奈儿 Allure Homme Sport 男士古龙水 100ml/3.4oz【5天内发货】
品牌    ：香奈儿 → 香奈儿 | ✅
容量规格：{'50'} → {'100', '3.4'} | ❌
色号    ：set() → set()
浓度    ： → 淡香 | ✅
简装    ： →  | ✅
套装    ：不含 → 不含 | ✅
清洗后  ：男士运动古龙 → allurehommesport男士古龙水
品名匹配：词袋(40.0%) | ✅
结果    ：❌ FAIL | 原因：规格不匹配
============================================================
🔧 标题包含多规格 (容量:{'100', '3.4'}, 色号:set())，尝试进入规格面板匹配...

[DEBUG][get_sku_price_auto] 开始匹配，搜索词: '香奈儿 男士运动古龙香水 50ml'
[DEBUG][get_sku_identifiers] 提取标识: ['50ml']
[DEBUG][get_sku_price_auto] 当前已选规格不匹配，尝试点击规格...
[DEBUG][get_sku_price_auto] 所有标识尝试完毕，仍无价格
⚠️ 规格匹配未获取到有效价格，已记录为匹配失败，校验结果强制为不通过

================================================================================
货品名称：Chanel香奈儿 Allure Homme Sport 男士古龙水 100ml/3.4oz【5天内发货】
关键词：香奈儿 男士运动古龙香水 50ml
原价：1080.0 | 现价：1080.0
匹配规格：匹配失败 | 规格价格：
百亿补贴：否 | 日期：
校验通过：❌ False
================================================================================
--- 进入商品 3/3 ---
============================================================
搜索词 ：香奈儿 男士运动古龙香水 50ml
商品名 ：Chanel香奈儿 魅力男士运动淡香水Allure Homme Sport EDT 50ml【5天内发货】
品牌    ：香奈儿 → 香奈儿 | ✅
容量规格：{'50'} → {'50'} | ✅
色号    ：set() → set()
浓度    ： → 淡香 | ✅
简装    ： →  | ✅
套装    ：不含 → 不含 | ✅
清洗后  ：男士运动古龙 → 魅力男士运动水allurehommesport
品名匹配：词袋(60.0%) | ✅
结果    ：✅ PASS | 原因：所有检查通过
============================================================

================================================================================
货品名称：Chanel香奈儿 魅力男士运动淡香水Allure Homme Sport EDT 50ml【5天内发货】
关键词：香奈儿 男士运动古龙香水 50ml
原价：887.0 | 现价：887.0
百亿补贴：否 | 日期：
校验通过：✅ True
================================================================================
✅ 优先级 1 中已有商品通过校验，停止降级
📁 采集记录已保存，总行数：442
📋 校验记录已保存，总记录数：401
✅ 序号 609 已标记为已采集

⏸ 等待 1 秒后继续...
⏳ 等待下一个商品：[██████████████████████████████] 100% (1/1s)

🔍 搜索：香奈儿 山茶花洁面150ml新款

===== 优先级 4，共 2 个商品 =====
--- 进入商品 1/2 ---
============================================================
搜索词 ：香奈儿 山茶花洁面150ml新款
商品名 ：【香奈儿】山茶花洗面奶150ml三合一净肤保湿泡沫洁面乳
品牌    ：香奈儿 → 香奈儿 | ✅
容量规格：{'150'} → {'150'} | ✅
色号    ：set() → set()
浓度    ： →  | ✅
简装    ： →  | ✅
套装    ：不含 → 不含 | ✅
清洗后  ：山茶花洁面新 → 山茶花洗面奶三合一净肤泡沫洁面乳
品名匹配：词袋(60.0%) | ✅
结果    ：✅ PASS | 原因：所有检查通过
============================================================

================================================================================
货品名称：【香奈儿】山茶花洗面奶150ml三合一净肤保湿泡沫洁面乳
关键词：香奈儿 山茶花洁面150ml新款
原价：439.0 | 现价：439.0
百亿补贴：是 | 日期：2024-10-01
校验通过：✅ True
================================================================================
--- 进入商品 2/2 ---
============================================================
搜索词 ：香奈儿 山茶花洁面150ml新款
商品名 ：【正品行货】CHANEL_香奈儿泡沫保湿乳泡沫洁清洁山茶花洁面150ml
品牌    ：香奈儿 → 香奈儿 | ✅
容量规格：{'150'} → {'150'} | ✅
色号    ：set() → set()
浓度    ： →  | ✅
简装    ： →  | ✅
套装    ：不含 → 不含 | ✅
清洗后  ：山茶花洁面新 → _泡沫乳泡沫洁清洁山茶花洁面
品名匹配：词袋(80.0%) | ✅
结果    ：✅ PASS | 原因：所有检查通过
============================================================

================================================================================
货品名称：【正品行货】CHANEL_香奈儿泡沫保湿乳泡沫洁清洁山茶花洁面150ml
关键词：香奈儿 山茶花洁面150ml新款
原价：499.0 | 现价：499.0
百亿补贴：是 | 日期：2025-01-01
校验通过：✅ True
================================================================================
✅ 优先级 4 中已有商品通过校验，停止降级
📁 采集记录已保存，总行数：447
📋 校验记录已保存，总记录数：403
✅ 序号 610 已标记为已采集

⏸ 等待 1 秒后继续...
⏳ 等待下一个商品：[██████████████████████████████] 100% (1/1s)

🔍 搜索：香奈儿 山茶花气泡精华水150ml

===== 优先级 4，共 1 个商品 =====
--- 进入商品 1/1 ---
============================================================
搜索词 ：香奈儿 山茶花气泡精华水150ml
商品名 ：【正品行货】Chanel/香奈儿山茶花保湿微精华气泡水150ml补水保湿
品牌    ：香奈儿 → 香奈儿 | ✅
容量规格：{'150'} → {'150'} | ✅
色号    ：set() → set()
浓度    ： →  | ✅
简装    ： →  | ✅
套装    ：不含 → 不含 | ✅
清洗后  ：山茶花气泡水 → 山茶花微气泡水补水
品名匹配：词袋(80.0%) | ✅
结果    ：✅ PASS | 原因：所有检查通过
============================================================

================================================================================
货品名称：【正品行货】Chanel/香奈儿山茶花保湿微精华气泡水150ml补水保湿
关键词：香奈儿 山茶花气泡精华水150ml
原价：988.0 | 现价：988.0
百亿补贴：是 | 日期：2025-03-01
校验通过：✅ True
================================================================================
✅ 优先级 4 中已有商品通过校验，停止降级
📁 采集记录已保存，总行数：450
📋 校验记录已保存，总记录数：404
✅ 序号 611 已标记为已采集

⏸ 等待 1 秒后继续...
⏳ 等待下一个商品：[██████████████████████████████] 100% (1/1s)

🔍 搜索：香奈儿 山茶花乳霜50g

===== 优先级 4，共 2 个商品 =====
--- 进入商品 1/2 ---
============================================================
搜索词 ：香奈儿 山茶花乳霜50g
商品名 ：【正品行货】CHANEL/香奈儿山茶花保湿乳霜润泽面霜50g补水清爽
品牌    ：香奈儿 → 香奈儿 | ✅
容量规格：{'50'} → {'50'} | ✅
色号    ：set() → set()
浓度    ： →  | ✅
简装    ： →  | ✅
套装    ：不含 → 不含 | ✅
清洗后  ：山茶花乳霜 → 山茶花乳霜润泽面霜补水
品名匹配：词袋(100.0%) | ✅
结果    ：✅ PASS | 原因：所有检查通过
============================================================

================================================================================
货品名称：【正品行货】CHANEL/香奈儿山茶花保湿乳霜润泽面霜50g补水清爽
关键词：香奈儿 山茶花乳霜50g
原价：488.0 | 现价：488.0
百亿补贴：是 | 日期：2025-01-03
校验通过：✅ True
================================================================================
--- 进入商品 2/2 ---
============================================================
搜索词 ：香奈儿 山茶花乳霜50g
商品名 ：【香奈儿】山茶花面霜保湿乳霜50g补水滋润
品牌    ：香奈儿 → 香奈儿 | ✅
容量规格：{'50'} → {'50'} | ✅
色号    ：set() → set()
浓度    ： →  | ✅
简装    ： →  | ✅
套装    ：不含 → 不含 | ✅
清洗后  ：山茶花乳霜 → 山茶花面霜乳霜补水
品名匹配：词袋(75.0%) | ✅
结果    ：✅ PASS | 原因：所有检查通过
============================================================

================================================================================
货品名称：【香奈儿】山茶花面霜保湿乳霜50g补水滋润
关键词：香奈儿 山茶花乳霜50g
原价：499.0 | 现价：499.0
百亿补贴：是 | 日期：2026-03-01
校验通过：✅ True
================================================================================
✅ 优先级 4 中已有商品通过校验，停止降级
📁 采集记录已保存，总行数：453
📋 校验记录已保存，总记录数：406
✅ 序号 612 已标记为已采集

⏸ 等待 1 秒后继续...
⏳ 等待下一个商品：[██████████████████████████████] 100% (1/1s)

🔍 搜索：香奈儿 山茶花润泽保湿爽肤水 蓝水 160ml
Traceback (most recent call last):
  File "/Users/vincentli/PycharmProjects/PythonProject/2026-4 群控/yolo/整合详情页采集/采集10.4 日志.py", line 849, in <module>
    main()
  File "/Users/vincentli/PycharmProjects/PythonProject/2026-4 群控/yolo/整合详情页采集/采集10.4 日志.py", line 833, in main
    search_product(kw)
  File "/Users/vincentli/PycharmProjects/PythonProject/2026-4 群控/yolo/整合详情页采集/采集10.4 日志.py", line 206, in search_product
    time.sleep(1)
KeyboardInterrupt
