📋 日志已保存至：logs/console_20260910_180946.log
🚀 启动采集 + 品牌规格品名四重校验
✅ 总商品数：643 | 待采集：30

🔍 搜索：香奈儿 山茶花润泽保湿爽肤水 蓝水 160ml

===== 优先级 4，共 1 个商品 =====
--- 进入商品 1/1 ---
============================================================
搜索词 ：香奈儿 山茶花润泽保湿爽肤水 蓝水 160ml
商品名 ：香奈儿山茶花润泽爽肤蓝水160ml补水保湿
品牌    ：香奈儿 → 香奈儿 | ✅
容量规格：{'160'} → {'160'} | ✅
色号    ：set() → set()
浓度    ： →  | ✅
简装    ： →  | ✅
套装    ：不含 → 不含 | ✅
清洗后  ：山茶花润泽爽肤水蓝水 → 山茶花润泽爽肤蓝水补水
品名匹配：词袋(77.8%) | ✅
结果    ：✅ PASS | 原因：所有检查通过
============================================================

================================================================================
货品名称：香奈儿山茶花润泽爽肤蓝水160ml补水保湿
关键词：香奈儿 山茶花润泽保湿爽肤水 蓝水 160ml
原价：359.0 | 现价：276.0
百亿补贴：是 | 日期：2026-01-01
校验通过：✅ True
================================================================================
✅ 优先级 4 中已有商品通过校验，停止降级
📁 采集记录已保存，总行数：389
📋 校验记录已保存，总记录数：405
✅ 序号 613 已标记为已采集

⏸ 等待 1 秒后继续...
⏳ 等待下一个商品：[██████████████████████████████] 100% (1/1s)

🔍 搜索：香奈儿 山茶花润泽水感乳液30ml

===== 优先级 2，共 1 个商品 =====
--- 进入商品 1/1 ---
============================================================
搜索词 ：香奈儿 山茶花润泽水感乳液30ml
商品名 ：【正品行货】CHANEL 香奈儿山茶花润泽水感乳液匀润透亮保湿30ml
品牌    ：香奈儿 → 香奈儿 | ✅
容量规格：{'30'} → {'30'} | ✅
色号    ：set() → set()
浓度    ： →  | ✅
简装    ： →  | ✅
套装    ：不含 → 不含 | ✅
清洗后  ：山茶花润泽水感乳液 → 山茶花润泽水感乳液匀润透亮
品名匹配：词袋(100.0%) | ✅
结果    ：✅ PASS | 原因：所有检查通过
============================================================

================================================================================
货品名称：【正品行货】CHANEL 香奈儿山茶花润泽水感乳液匀润透亮保湿30ml
关键词：香奈儿 山茶花润泽水感乳液30ml
原价：640.0 | 现价：640.0
百亿补贴：否 | 日期：2025-02-19
校验通过：✅ True
================================================================================
✅ 优先级 2 中已有商品通过校验，停止降级
📁 采集记录已保存，总行数：391
📋 校验记录已保存，总记录数：406
✅ 序号 614 已标记为已采集

⏸ 等待 1 秒后继续...
⏳ 等待下一个商品：[██████████████████████████████] 100% (1/1s)

🔍 搜索：香奈儿 蔚蓝EDP 50ml

===== 优先级 2，共 1 个商品 =====
--- 进入商品 1/1 ---
============================================================
搜索词 ：香奈儿 蔚蓝EDP 50ml
商品名 ：【正品行货】CHANEL 香奈儿蔚蓝男士香水浓香EDP木质香50/100ml
品牌    ：香奈儿 → 香奈儿 | ✅
容量规格：{'50'} → {'50', '100'} | ✅
色号    ：set() → set()
浓度    ：浓香 → 浓香 | ✅
简装    ： →  | ✅
套装    ：不含 → 不含 | ✅
清洗后  ：蔚蓝 → 蔚蓝男士木质香
品名匹配：词袋(100.0%) | ✅
结果    ：✅ PASS | 原因：所有检查通过
============================================================
🔧 标题包含多规格 (容量:{'50', '100'}, 色号:set())，尝试进入规格面板匹配...

[DEBUG][get_sku_price_auto] 开始匹配，搜索词: '香奈儿 蔚蓝EDP 50ml'
[DEBUG][get_sku_identifiers] 提取标识: ['50ml']
[DEBUG][get_sku_price_auto] 当前已选规格匹配，价格: 940
✅ 规格匹配成功，且品名已匹配，校验通过

================================================================================
货品名称：【正品行货】CHANEL 香奈儿蔚蓝男士香水浓香EDP木质香50/100ml
关键词：香奈儿 蔚蓝EDP 50ml
原价：940.0 | 现价：940
匹配规格：已选择： 50mL 木质调 蔚蓝男士浓香EDP | 规格价格：940
百亿补贴：否 | 日期：2025-03-01
校验通过：✅ True
================================================================================
✅ 优先级 2 中已有商品通过校验，停止降级
📁 采集记录已保存，总行数：393
📋 校验记录已保存，总记录数：407
✅ 序号 615 已标记为已采集

⏸ 等待 1 秒后继续...
⏳ 等待下一个商品：[██████████████████████████████] 100% (1/1s)

🔍 搜索：香奈儿 蔚蓝EDT 50ml

===== 优先级 4，共 1 个商品 =====
--- 进入商品 1/1 ---
============================================================
搜索词 ：香奈儿 蔚蓝EDT 50ml
商品名 ：Chanel/香奈儿蔚蓝男士淡香/浓香50-100ml 木质调持久留香【5天内发货】
品牌    ：香奈儿 → 香奈儿 | ✅
容量规格：{'50'} → {'50', '100'} | ✅
色号    ：set() → set()
浓度    ： → 浓香 | ✅
简装    ： →  | ✅
套装    ：不含 → 不含 | ✅
清洗后  ：蔚蓝 → 蔚蓝男士
品名匹配：词袋(100.0%) | ✅
结果    ：✅ PASS | 原因：所有检查通过
============================================================
🔧 标题包含多规格 (容量:{'50', '100'}, 色号:set())，尝试进入规格面板匹配...

[DEBUG][get_sku_price_auto] 开始匹配，搜索词: '香奈儿 蔚蓝EDT 50ml'
[DEBUG][get_sku_identifiers] 提取标识: ['50ml']
[DEBUG][get_sku_price_auto] 当前已选规格匹配，价格: 553
✅ 规格匹配成功，且品名已匹配，校验通过

================================================================================
货品名称：Chanel/香奈儿蔚蓝男士淡香/浓香50-100ml 木质调持久留香【5天内发货】
关键词：香奈儿 蔚蓝EDT 50ml
原价：799.0 | 现价：553
匹配规格：已选择： 蔚蓝男士淡香水 50mL | 规格价格：553
百亿补贴：是 | 日期：2025-09-27
校验通过：✅ True
================================================================================
✅ 优先级 4 中已有商品通过校验，停止降级
📁 采集记录已保存，总行数：395
📋 校验记录已保存，总记录数：408
✅ 序号 616 已标记为已采集

⏸ 等待 1 秒后继续...
⏳ 等待下一个商品：[██████████████████████████████] 100% (1/1s)

🔍 搜索：香奈儿 蔚蓝沐浴啫喱 200ml

===== 优先级 4，共 1 个商品 =====
--- 进入商品 1/1 ---
============================================================
搜索词 ：香奈儿 蔚蓝沐浴啫喱 200ml
商品名 ：Chanel 香奈儿蔚蓝男生沐浴露200ml
品牌    ：香奈儿 → 香奈儿 | ✅
容量规格：{'200'} → {'200'} | ✅
色号    ：set() → set()
浓度    ： →  | ✅
简装    ： →  | ✅
套装    ：不含 → 不含 | ✅
清洗后  ：蔚蓝沐浴啫喱 → 蔚蓝男生沐浴露
品名匹配：词袋(40.0%) | ✅
结果    ：✅ PASS | 原因：所有检查通过
============================================================

================================================================================
货品名称：Chanel 香奈儿蔚蓝男生沐浴露200ml
关键词：香奈儿 蔚蓝沐浴啫喱 200ml
原价：399.0 | 现价：330.0
百亿补贴：是 | 日期：2026-04-02
校验通过：✅ True
================================================================================
✅ 优先级 4 中已有商品通过校验，停止降级
📁 采集记录已保存，总行数：397
📋 校验记录已保存，总记录数：409
✅ 序号 617 已标记为已采集

⏸ 等待 1 秒后继续...
⏳ 等待下一个商品：[██████████████████████████████] 100% (1/1s)

🔍 搜索：香奈儿 五号之水50ml
🔽 降级到全球购，返回顶部并重新识别（不自动下滑）

===== 优先级 1，共 3 个商品 =====
--- 进入商品 1/3 ---
============================================================
搜索词 ：香奈儿 五号之水50ml
商品名 ：【香奈儿】五号之水淡香水50ml清新优雅甜美活力持久留香女士专属香氛【5天内发货】
品牌    ：香奈儿 → 香奈儿 | ✅
容量规格：{'50'} → {'50'} | ✅
色号    ：set() → set()
浓度    ： → 淡香 | ✅
简装    ： →  | ✅
套装    ：不含 → 不含 | ✅
清洗后  ：五号之水 → 五号之水水优雅甜美活力女士专属
品名匹配：词袋(100.0%) | ✅
结果    ：✅ PASS | 原因：所有检查通过
============================================================

================================================================================
货品名称：【香奈儿】五号之水淡香水50ml清新优雅甜美活力持久留香女士专属香氛【5天内发货】
关键词：香奈儿 五号之水50ml
原价：858.0 | 现价：858.0
百亿补贴：否 | 日期：
校验通过：✅ True
================================================================================
--- 进入商品 2/3 ---
============================================================
搜索词 ：香奈儿 五号之水50ml
商品名 ：Chanel香奈儿五号之水N5香奈儿5号香水清新女士淡香持久留香50ml【5天内发货】
品牌    ：香奈儿 → 香奈儿 | ✅
容量规格：{'50'} → {'50'} | ✅
色号    ：set() → {'n5'}
浓度    ： → 淡香 | ✅
简装    ： →  | ✅
套装    ：不含 → 不含 | ✅
清洗后  ：五号之水 → 五号之水n号女士
品名匹配：词袋(100.0%) | ✅
结果    ：✅ PASS | 原因：所有检查通过
============================================================

================================================================================
货品名称：Chanel香奈儿五号之水N5香奈儿5号香水清新女士淡香持久留香50ml【5天内发货】
关键词：香奈儿 五号之水50ml
原价：899.0 | 现价：899.0
百亿补贴：否 | 日期：
校验通过：✅ True
================================================================================
--- 进入商品 3/3 ---
============================================================
搜索词 ：香奈儿 五号之水50ml
商品名 ：Chanel香奈儿五号之水50mlN5香水淡香女士清新持久留香送女友礼物【5天内发货】
品牌    ：香奈儿 → 香奈儿 | ✅
容量规格：{'50'} → {'50'} | ✅
色号    ：set() → set()
浓度    ： → 淡香 | ✅
简装    ： →  | ✅
套装    ：不含 → 不含 | ✅
清洗后  ：五号之水 → 五号之水n5女士送女友礼物
品名匹配：词袋(100.0%) | ✅
结果    ：✅ PASS | 原因：所有检查通过
============================================================

================================================================================
货品名称：Chanel香奈儿五号之水50mlN5香水淡香女士清新持久留香送女友礼物【5天内发货】
关键词：香奈儿 五号之水50ml
原价：1199.0 | 现价：1199.0
百亿补贴：否 | 日期：2024-11-30
校验通过：✅ True
================================================================================
✅ 优先级 1 中已有商品通过校验，停止降级
📁 采集记录已保存，总行数：401
📋 校验记录已保存，总记录数：412
✅ 序号 618 已标记为已采集

⏸ 等待 1 秒后继续...
⏳ 等待下一个商品：[██████████████████████████████] 100% (1/1s)

🔍 搜索：香奈儿 眼唇卸妆液100ml

===== 优先级 4，共 1 个商品 =====
--- 进入商品 1/1 ---
============================================================
搜索词 ：香奈儿 眼唇卸妆液100ml
商品名 ：【CHANEL】香奈儿洁净卸妆水150ml眼唇卸妆温和不紧绷
品牌    ：香奈儿 → 香奈儿 | ✅
容量规格：{'100'} → {'150'} | ❌
色号    ：set() → set()
浓度    ： →  | ✅
简装    ： →  | ✅
套装    ：不含 → 不含 | ✅
清洗后  ：眼唇卸妆液 → 洁净卸妆水眼唇卸妆不紧绷
品名匹配：词袋(75.0%) | ✅
结果    ：❌ FAIL | 原因：规格不匹配
============================================================
🔧 校验失败原因为规格不匹配，尝试进入规格面板匹配...

[DEBUG][get_sku_price_auto] 开始匹配，搜索词: '香奈儿 眼唇卸妆液100ml'
[DEBUG][get_sku_identifiers] 提取标识: ['100ml']
[DEBUG][get_sku_price_auto] 当前已选规格不匹配，尝试点击规格...
[DEBUG][get_sku_price_auto] 所有标识尝试完毕，仍无价格
⚠️ 规格匹配未获取到有效价格，已记录为匹配失败，校验结果强制为不通过

================================================================================
货品名称：【CHANEL】香奈儿洁净卸妆水150ml眼唇卸妆温和不紧绷
关键词：香奈儿 眼唇卸妆液100ml
原价：245.0 | 现价：245.0
匹配规格：匹配失败 | 规格价格：
百亿补贴：是 | 日期：2025-02-01
校验通过：❌ False
================================================================================
⚠️ 优先级 4 全部未通过，尝试下一优先级

===== 优先级 2，共 1 个商品 =====
--- 进入商品 1/1 ---
============================================================
搜索词 ：香奈儿 眼唇卸妆液100ml
商品名 ：【正品行货】CHANEL 香奈儿洁净眼唇卸妆液水油双相温和不油100ml【7天内发货】
品牌    ：香奈儿 → 香奈儿 | ✅
容量规格：{'100'} → {'100'} | ✅
色号    ：set() → set()
浓度    ： →  | ✅
简装    ： →  | ✅
套装    ：不含 → 不含 | ✅
清洗后  ：眼唇卸妆液 → 洁净眼唇卸妆液水油双相不油
品名匹配：词袋(100.0%) | ✅
结果    ：✅ PASS | 原因：所有检查通过
============================================================

================================================================================
货品名称：【正品行货】CHANEL 香奈儿洁净眼唇卸妆液水油双相温和不油100ml【7天内发货】
关键词：香奈儿 眼唇卸妆液100ml
原价：380.0 | 现价：380.0
百亿补贴：否 | 日期：2024-12-08
校验通过：✅ True
================================================================================
✅ 优先级 2 中已有商品通过校验，停止降级
📁 采集记录已保存，总行数：406
📋 校验记录已保存，总记录数：414
✅ 序号 619 已标记为已采集

⏸ 等待 1 秒后继续...
⏳ 等待下一个商品：[██████████████████████████████] 100% (1/1s)

🔍 搜索：香奈儿 运动男士EDT50ml

===== 优先级 2，共 1 个商品 =====
--- 进入商品 1/1 ---
============================================================
搜索词 ：香奈儿 运动男士EDT50ml
商品名 ：Chanel/香奈儿男士运动香水EDT淡香100ml清新木质调持久留香散香【5天内发货】
品牌    ：香奈儿 → 香奈儿 | ✅
容量规格：{'50'} → {'100'} | ❌
色号    ：set() → set()
浓度    ： → 淡香 | ✅
简装    ： →  | ✅
套装    ：不含 → 不含 | ✅
清洗后  ：运动男士 → 男士运动散香
品名匹配：词袋(66.7%) | ✅
结果    ：❌ FAIL | 原因：规格不匹配
============================================================
🔧 校验失败原因为规格不匹配，尝试进入规格面板匹配...

[DEBUG][get_sku_price_auto] 开始匹配，搜索词: '香奈儿 运动男士EDT50ml'
[DEBUG][get_sku_identifiers] 提取标识: ['50ml']
[DEBUG][get_sku_price_auto] 当前已选规格不匹配，尝试点击规格...
[DEBUG][get_sku_price_auto] 所有标识尝试完毕，仍无价格
⚠️ 规格匹配未获取到有效价格，已记录为匹配失败，校验结果强制为不通过

================================================================================
货品名称：Chanel/香奈儿男士运动香水EDT淡香100ml清新木质调持久留香散香【5天内发货】
关键词：香奈儿 运动男士EDT50ml
原价：765.0 | 现价：765.0
匹配规格：匹配失败 | 规格价格：
百亿补贴：否 | 日期：
校验通过：❌ False
================================================================================
⚠️ 优先级 2 全部未通过，尝试下一优先级
🔽 降级到全球购，返回顶部并重新识别（不自动下滑）

===== 优先级 1，共 3 个商品 =====
--- 进入商品 1/3 ---
============================================================
搜索词 ：香奈儿 运动男士EDT50ml
商品名 ：【CHANEL】香奈儿 魅力经典版 男士运动 淡香水EDT 50ml/100ml/150m
品牌    ：香奈儿 → 香奈儿 | ✅
容量规格：{'50'} → {'50', '100'} | ✅
色号    ：set() → {'150', '150m'}
浓度    ： → 淡香 | ✅
简装    ： →  | ✅
套装    ：不含 → 不含 | ✅
清洗后  ：运动男士 → 魅力经典男士运动
品名匹配：词袋(66.7%) | ✅
结果    ：✅ PASS | 原因：所有检查通过
============================================================
🔧 标题包含多规格 (容量:{'50', '100'}, 色号:{'150', '150m'})，尝试进入规格面板匹配...

[DEBUG][get_sku_price_auto] 开始匹配，搜索词: '香奈儿 运动男士EDT50ml'
[DEBUG][get_sku_identifiers] 提取标识: ['50ml']
[DEBUG][get_sku_price_auto] 当前已选规格匹配，价格: 749
✅ 规格匹配成功，且品名已匹配，校验通过

================================================================================
货品名称：【CHANEL】香奈儿 魅力经典版 男士运动 淡香水EDT 50ml/100ml/150m
关键词：香奈儿 运动男士EDT50ml
原价：749.0 | 现价：749
匹配规格：已选择： 50mL 运动男士 | 规格价格：749
百亿补贴：否 | 日期：2025-01-07
校验通过：✅ True
================================================================================
--- 进入商品 2/3 ---
============================================================
搜索词 ：香奈儿 运动男士EDT50ml
商品名 ：【CHANEL】香奈儿 魅力男士运动古龙 香水  淡香水EDT 50ml/100ml
品牌    ：香奈儿 → 香奈儿 | ✅
容量规格：{'50'} → {'50', '100'} | ✅
色号    ：set() → set()
浓度    ： → 淡香 | ✅
简装    ： →  | ✅
套装    ：不含 → 不含 | ✅
清洗后  ：运动男士 → 魅力男士运动古龙
品名匹配：词袋(66.7%) | ✅
结果    ：✅ PASS | 原因：所有检查通过
============================================================
🔧 标题包含多规格 (容量:{'50', '100'}, 色号:set())，尝试进入规格面板匹配...

[DEBUG][get_sku_price_auto] 开始匹配，搜索词: '香奈儿 运动男士EDT50ml'
[DEBUG][get_sku_identifiers] 提取标识: ['50ml']
[DEBUG][get_sku_price_auto] 当前已选规格匹配，价格: 761
✅ 规格匹配成功，且品名已匹配，校验通过

================================================================================
货品名称：【CHANEL】香奈儿 魅力男士运动古龙 香水  淡香水EDT 50ml/100ml
关键词：香奈儿 运动男士EDT50ml
原价：761.0 | 现价：761
匹配规格：已选择： 50mL 运动男士古龙水 | 规格价格：761
百亿补贴：否 | 日期：2025-03-06
校验通过：✅ True
================================================================================
--- 进入商品 3/3 ---
============================================================
搜索词 ：香奈儿 运动男士EDT50ml
商品名 ：Chanel香奈儿 魅力男士运动淡香水Allure Homme Sport EDT 50ml【5天内发货】
品牌    ：香奈儿 → 香奈儿 | ✅
容量规格：{'50'} → {'50'} | ✅
色号    ：set() → set()
浓度    ： → 淡香 | ✅
简装    ： →  | ✅
套装    ：不含 → 不含 | ✅
清洗后  ：运动男士 → 魅力男士运动水allurehommesport
品名匹配：词袋(66.7%) | ✅
结果    ：✅ PASS | 原因：所有检查通过
============================================================

================================================================================
货品名称：Chanel香奈儿 魅力男士运动淡香水Allure Homme Sport EDT 50ml【5天内发货】
关键词：香奈儿 运动男士EDT50ml
原价：887.0 | 现价：887.0
百亿补贴：否 | 日期：
校验通过：✅ True
================================================================================
✅ 优先级 1 中已有商品通过校验，停止降级
📁 采集记录已保存，总行数：412
📋 校验记录已保存，总记录数：418
✅ 序号 620 已标记为已采集

⏸ 等待 1 秒后继续...
⏳ 等待下一个商品：[██████████████████████████████] 100% (1/1s)

🔍 搜索：香缇卡隔离Alabaster

===== 优先级 4，共 1 个商品 =====
--- 进入商品 1/1 ---
============================================================
搜索词 ：香缇卡隔离Alabaster
商品名 ：Chantecaille香缇卡第2代紫管妆前隔离霜保湿 Alabaster日光色35g
品牌    ：香缇卡 → 香缇卡 | ✅
容量规格：set() → {'35'} | ✅
色号    ：set() → set()
浓度    ： →  | ✅
简装    ： →  | ✅
套装    ：不含 → 不含 | ✅
清洗后  ：隔离alabaster → 第2代紫管妆前隔离霜alabaster日光色
品名匹配：词袋(100.0%) | ✅
结果    ：✅ PASS | 原因：所有检查通过
============================================================

================================================================================
货品名称：Chantecaille香缇卡第2代紫管妆前隔离霜保湿 Alabaster日光色35g
关键词：香缇卡隔离Alabaster
原价：229.0 | 现价：192.0
百亿补贴：是 | 日期：2025-03-01
校验通过：✅ True
================================================================================
✅ 优先级 4 中已有商品通过校验，停止降级
📁 采集记录已保存，总行数：417
📋 校验记录已保存，总记录数：419
✅ 序号 621 已标记为已采集

⏸ 等待 1 秒后继续...
⏳ 等待下一个商品：[██████████████████████████████] 100% (1/1s)

🔍 搜索：雅诗兰黛DW粉底液1W1两瓶装

===== 优先级 4，共 1 个商品 =====
--- 进入商品 1/1 ---
============================================================
搜索词 ：雅诗兰黛DW粉底液1W1两瓶装
商品名 ：【ESTEE LAUDER】雅诗兰黛第二代清透持妆粉底液DW粉底液#1W1 30ml
品牌    ：雅诗兰黛 → 雅诗兰黛 | ✅
容量规格：{'2'} → {'30'} | ❌
色号    ：set() → {'1w1'}
浓度    ： →  | ✅
简装    ： →  | ✅
套装    ：不含 → 不含 | ✅
清洗后  ：dw粉底液1w1 → 第二代持妆粉底液dw粉底液
品名匹配：词袋(100.0%) | ✅
结果    ：❌ FAIL | 原因：规格不匹配
============================================================
🔧 校验失败原因为规格不匹配，尝试进入规格面板匹配...

[DEBUG][get_sku_price_auto] 开始匹配，搜索词: '雅诗兰黛DW粉底液1W1两瓶装'
[DEBUG][get_sku_identifiers] 提取标识: ['dw']
[DEBUG][get_sku_price_auto] 当前已选规格不匹配，尝试点击规格...
[DEBUG][_click_sku_by_identifier] 尝试点击标识: 'dw'
[DEBUG][get_sku_price_auto] 所有标识尝试完毕，仍无价格
⚠️ 规格匹配未获取到有效价格，已记录为匹配失败，校验结果强制为不通过

================================================================================
货品名称：【ESTEE LAUDER】雅诗兰黛第二代清透持妆粉底液DW粉底液#1W1 30ml
关键词：雅诗兰黛DW粉底液1W1两瓶装
原价：299.0 | 现价：201.0
匹配规格：匹配失败 | 规格价格：
百亿补贴：是 | 日期：2025-06-01
校验通过：❌ False
================================================================================
⚠️ 优先级 4 全部未通过，尝试下一优先级

===== 优先级 2，共 1 个商品 =====
--- 进入商品 1/1 ---
============================================================
搜索词 ：雅诗兰黛DW粉底液1W1两瓶装
商品名 ：【雅诗兰黛】二代新版DW粉底液#1C0#1W2#1W1持久不脱妆控油
品牌    ：雅诗兰黛 → 雅诗兰黛 | ✅
容量规格：{'2'} → set() | ❌
色号    ：set() → {'1w2', '1c0', '1w1'}
浓度    ： →  | ✅
简装    ： →  | ✅
套装    ：不含 → 不含 | ✅
清洗后  ：dw粉底液1w1 → 二代新dw粉底液不脱妆
品名匹配：词袋(100.0%) | ✅
结果    ：❌ FAIL | 原因：规格不匹配
============================================================
🔧 标题包含多规格 (容量:set(), 色号:{'1w2', '1c0', '1w1'})，尝试进入规格面板匹配...

[DEBUG][get_sku_price_auto] 开始匹配，搜索词: '雅诗兰黛DW粉底液1W1两瓶装'
[DEBUG][get_sku_identifiers] 提取标识: ['dw']
[DEBUG][get_sku_price_auto] 当前已选规格不匹配，尝试点击规格...
[DEBUG][_click_sku_by_identifier] 尝试点击标识: 'dw'
[DEBUG][get_sku_price_auto] 所有标识尝试完毕，仍无价格
⚠️ 规格匹配未获取到有效价格，已记录为匹配失败，校验结果强制为不通过

================================================================================
货品名称：【雅诗兰黛】二代新版DW粉底液#1C0#1W2#1W1持久不脱妆控油
关键词：雅诗兰黛DW粉底液1W1两瓶装
原价：299.0 | 现价：299.0
匹配规格：匹配失败 | 规格价格：
百亿补贴：否 | 日期：2025-01-01
校验通过：❌ False
================================================================================
⚠️ 优先级 2 全部未通过，尝试下一优先级
🔽 降级到全球购，返回顶部并重新识别（不自动下滑）

===== 优先级 1，共 1 个商品 =====
--- 进入商品 1/1 ---
============================================================
搜索词 ：雅诗兰黛DW粉底液1W1两瓶装
商品名 ：【雅诗兰黛】二代新版DW粉底液#1W2#1W1#2C0持久不脱妆控油【5天内发货】
品牌    ：雅诗兰黛 → 雅诗兰黛 | ✅
容量规格：{'2'} → set() | ❌
色号    ：set() → {'1w2', '2c0', '1w1'}
浓度    ： →  | ✅
简装    ： →  | ✅
套装    ：不含 → 不含 | ✅
清洗后  ：dw粉底液1w1 → 二代新dw粉底液不脱妆
品名匹配：词袋(100.0%) | ✅
结果    ：❌ FAIL | 原因：规格不匹配
============================================================
🔧 标题包含多规格 (容量:set(), 色号:{'1w2', '2c0', '1w1'})，尝试进入规格面板匹配...

[DEBUG][get_sku_price_auto] 开始匹配，搜索词: '雅诗兰黛DW粉底液1W1两瓶装'
[DEBUG][get_sku_identifiers] 提取标识: ['dw']
[DEBUG][get_sku_price_auto] 当前已选规格匹配，价格: 209
✅ 规格匹配成功，且品名已匹配，校验通过

================================================================================
货品名称：【雅诗兰黛】二代新版DW粉底液#1W2#1W1#2C0持久不脱妆控油【5天内发货】
关键词：雅诗兰黛DW粉底液1W1两瓶装
原价：189.0 | 现价：209
匹配规格：已选择： 30mL 2C0 自然白 雅诗兰黛DW粉底液二代 | 规格价格：209
百亿补贴：否 | 日期：2025-07-01
校验通过：✅ True
================================================================================
✅ 优先级 1 中已有商品通过校验，停止降级
📁 采集记录已保存，总行数：421
📋 校验记录已保存，总记录数：422
✅ 序号 622 已标记为已采集

⏸ 等待 1 秒后继续...
⏳ 等待下一个商品：[██████████████████████████████] 100% (1/1s)

🔍 搜索：伊索天竺葵叶身体洁肤露 500ml

===== 优先级 4，共 1 个商品 =====
--- 进入商品 1/1 ---
============================================================
搜索词 ：伊索天竺葵叶身体洁肤露 500ml
商品名 ：【Aesop】伊索天竺葵身体洁肤沐浴露500ml温和清洁留香
品牌    ：伊索 → 伊索 | ✅
容量规格：{'500'} → {'500'} | ✅
色号    ：set() → set()
浓度    ： →  | ✅
简装    ： →  | ✅
套装    ：不含 → 不含 | ✅
清洗后  ：天竺葵叶身体洁肤露 → 天竺葵身体洁肤沐浴露清洁
品名匹配：词袋(62.5%) | ✅
结果    ：✅ PASS | 原因：所有检查通过
============================================================

================================================================================
货品名称：【Aesop】伊索天竺葵身体洁肤沐浴露500ml温和清洁留香
关键词：伊索天竺葵叶身体洁肤露 500ml
原价：279.0 | 现价：242.0
百亿补贴：是 | 日期：2025-01-01
校验通过：✅ True
================================================================================
✅ 优先级 4 中已有商品通过校验，停止降级
📁 采集记录已保存，总行数：425
📋 校验记录已保存，总记录数：423
✅ 序号 623 已标记为已采集

⏸ 等待 1 秒后继续...
⏳ 等待下一个商品：[██████████████████████████████] 100% (1/1s)

🔍 搜索：植村秀琥珀卸妆油450ml两瓶装

===== 优先级 4，共 2 个商品 =====
--- 进入商品 1/2 ---
============================================================
搜索词 ：植村秀琥珀卸妆油450ml两瓶装
商品名 ：【植村秀】琥珀臻萃洁颜油黄金卸妆油450ml深层清洁保湿补水
品牌    ：植村秀 → 植村秀 | ✅
容量规格：{'2', '450'} → {'450'} | ❌
色号    ：set() → set()
浓度    ： →  | ✅
简装    ： →  | ✅
套装    ：不含 → 不含 | ✅
清洗后  ：琥珀卸妆油 → 琥珀臻萃洁颜油黄金卸妆油深层清洁补水
品名匹配：词袋(75.0%) | ✅
结果    ：❌ FAIL | 原因：规格不匹配
============================================================
🔧 校验失败原因为规格不匹配，尝试进入规格面板匹配...

[DEBUG][get_sku_price_auto] 开始匹配，搜索词: '植村秀琥珀卸妆油450ml两瓶装'
[DEBUG][get_sku_identifiers] 提取标识: ['450ml']
[DEBUG][get_sku_price_auto] 当前已选规格匹配，价格: 328
✅ 规格匹配成功，且品名已匹配，校验通过

================================================================================
货品名称：【植村秀】琥珀臻萃洁颜油黄金卸妆油450ml深层清洁保湿补水
关键词：植村秀琥珀卸妆油450ml两瓶装
原价：439.0 | 现价：328
匹配规格：已选择： 琥珀卸妆油450ml | 规格价格：328
百亿补贴：是 | 日期：2024-10-01
校验通过：✅ True
================================================================================
--- 进入商品 2/2 ---
============================================================
搜索词 ：植村秀琥珀卸妆油450ml两瓶装
商品名 ：【正品行货】植村秀卸妆油全新琥珀臻萃卸妆油450ml 琥珀卸妆油
品牌    ：植村秀 → 植村秀 | ✅
容量规格：{'2', '450'} → {'450'} | ❌
色号    ：set() → set()
浓度    ： →  | ✅
简装    ： →  | ✅
套装    ：不含 → 不含 | ✅
清洗后  ：琥珀卸妆油 → 卸妆油全新琥珀臻萃卸妆油琥珀卸妆油
品名匹配：词袋(100.0%) | ✅
结果    ：❌ FAIL | 原因：规格不匹配
============================================================
🔧 校验失败原因为规格不匹配，尝试进入规格面板匹配...

[DEBUG][get_sku_price_auto] 开始匹配，搜索词: '植村秀琥珀卸妆油450ml两瓶装'
[DEBUG][get_sku_identifiers] 提取标识: ['450ml']
[DEBUG][get_sku_price_auto] 当前已选规格匹配，价格: 382.18
✅ 规格匹配成功，且品名已匹配，校验通过

================================================================================
货品名称：【正品行货】植村秀卸妆油全新琥珀臻萃卸妆油450ml 琥珀卸妆油
关键词：植村秀琥珀卸妆油450ml两瓶装
原价：489.0 | 现价：382.18
匹配规格：已选择： 琥珀油450ml*1 | 规格价格：382.18
百亿补贴：是 | 日期：2025-01-01
校验通过：✅ True
================================================================================
✅ 优先级 4 中已有商品通过校验，停止降级
📁 采集记录已保存，总行数：428
📋 校验记录已保存，总记录数：425
✅ 序号 624 已标记为已采集

⏸ 等待 1 秒后继续...
⏳ 等待下一个商品：[██████████████████████████████] 100% (1/1s)

🔍 搜索：植村秀小方瓶粉底液584

===== 优先级 4，共 1 个商品 =====
--- 进入商品 1/1 ---
============================================================
搜索词 ：植村秀小方瓶粉底液584
商品名 ：【植村秀】小方瓶粉底液#584持妆控油提亮遮瑕35ml
品牌    ：植村秀 → 植村秀 | ✅
容量规格：set() → {'35'} | ✅
色号    ：{'584'} → {'584'}
浓度    ： →  | ✅
简装    ： →  | ✅
套装    ：不含 → 不含 | ✅
清洗后  ：小方瓶粉底液 → 小方瓶粉底液持妆提亮
品名匹配：词袋(100.0%) | ✅
结果    ：✅ PASS | 原因：所有检查通过
============================================================

================================================================================
货品名称：【植村秀】小方瓶粉底液#584持妆控油提亮遮瑕35ml
关键词：植村秀小方瓶粉底液584
原价：269.0 | 现价：176.0
百亿补贴：是 | 日期：2025-03-01
校验通过：✅ True
================================================================================
✅ 优先级 4 中已有商品通过校验，停止降级
📁 采集记录已保存，总行数：431
📋 校验记录已保存，总记录数：426
✅ 序号 625 已标记为已采集

⏸ 等待 1 秒后继续...
⏳ 等待下一个商品：[██████████████████████████████] 100% (1/1s)

🔍 搜索：资生堂红大曙光水（新款）145mL

===== 优先级 2，共 1 个商品 =====
--- 进入商品 1/1 ---
============================================================
搜索词 ：资生堂红大曙光水（新款）145mL
商品名 ：【海外直采】资生堂红色蜜露精华化妆水曙光水70ml护肤爽肤水保湿
品牌    ：资生堂 → 资生堂 | ✅
容量规格：{'145'} → {'70'} | ❌
色号    ：set() → set()
浓度    ： →  | ✅
简装    ： →  | ✅
套装    ：不含 → 不含 | ✅
清洗后  ：红大曙光水 → 红色蜜露化妆水曙光水护肤爽肤水
品名匹配：词袋(50.0%) | ✅
结果    ：❌ FAIL | 原因：规格不匹配
============================================================
🔧 校验失败原因为规格不匹配，尝试进入规格面板匹配...

[DEBUG][get_sku_price_auto] 开始匹配，搜索词: '资生堂红大曙光水（新款）145mL'
[DEBUG][get_sku_identifiers] 提取标识: ['145ml']
[DEBUG][get_sku_price_auto] 当前已选规格不匹配，尝试点击规格...
[DEBUG][get_sku_price_auto] 所有标识尝试完毕，仍无价格
⚠️ 规格匹配未获取到有效价格，已记录为匹配失败，校验结果强制为不通过

================================================================================
货品名称：【海外直采】资生堂红色蜜露精华化妆水曙光水70ml护肤爽肤水保湿
关键词：资生堂红大曙光水（新款）145mL
原价：51.9 | 现价：51.9
匹配规格：匹配失败 | 规格价格：
百亿补贴：否 | 日期：2026-01-01
校验通过：❌ False
================================================================================
⚠️ 优先级 2 全部未通过，尝试下一优先级
🔽 降级到全球购，返回顶部并重新识别（不自动下滑）

===== 优先级 1，共 3 个商品 =====
--- 进入商品 1/3 ---
============================================================
搜索词 ：资生堂红大曙光水（新款）145mL
商品名 ：【资生堂】红色蜜露70ml新版红水曙光水梦露高机能精华露滋润保湿30ml
品牌    ：资生堂 → 资生堂 | ✅
容量规格：{'145'} → {'70', '30'} | ❌
色号    ：set() → set()
浓度    ： →  | ✅
简装    ： →  | ✅
套装    ：不含 → 不含 | ✅
清洗后  ：红大曙光水 → 红色蜜露新红水曙光水梦露高机能露
品名匹配：词袋(50.0%) | ✅
结果    ：❌ FAIL | 原因：规格不匹配
============================================================
🔧 标题包含多规格 (容量:{'70', '30'}, 色号:set())，尝试进入规格面板匹配...

[DEBUG][get_sku_price_auto] 开始匹配，搜索词: '资生堂红大曙光水（新款）145mL'
[DEBUG][get_sku_identifiers] 提取标识: ['145ml']
[DEBUG][get_sku_price_auto] 当前已选规格不匹配，尝试点击规格...
[DEBUG][get_sku_price_auto] 所有标识尝试完毕，仍无价格
⚠️ 规格匹配未获取到有效价格，已记录为匹配失败，校验结果强制为不通过

================================================================================
货品名称：【资生堂】红色蜜露70ml新版红水曙光水梦露高机能精华露滋润保湿30ml
关键词：资生堂红大曙光水（新款）145mL
原价：30.0 | 现价：30.0
匹配规格：匹配失败 | 规格价格：
百亿补贴：否 | 日期：
校验通过：❌ False
================================================================================
--- 进入商品 2/3 ---
============================================================
搜索词 ：资生堂红大曙光水（新款）145mL
商品名 ：深层修护 资生堂红水红色蜜露九代145ml 高保湿缓解干燥提升光泽
品牌    ：资生堂 → 资生堂 | ✅
容量规格：{'145'} → {'145'} | ✅
色号    ：set() → set()
浓度    ： →  | ✅
简装    ： →  | ✅
套装    ：不含 → 不含 | ✅
清洗后  ：红大曙光水 → 深层红水红色蜜露九代高缓解干燥提升光泽
品名匹配：LCS子序列(40.0%) | ✅
结果    ：✅ PASS | 原因：所有检查通过
============================================================

================================================================================
货品名称：深层修护 资生堂红水红色蜜露九代145ml 高保湿缓解干燥提升光泽
关键词：资生堂红大曙光水（新款）145mL
原价：194.0 | 现价：124.5
百亿补贴：否 | 日期：
校验通过：✅ True
================================================================================
--- 进入商品 3/3 ---
============================================================
搜索词 ：资生堂红大曙光水（新款）145mL
商品名 ：【资生堂】红水红色蜜露145ml 提亮光泽妆前打底 深层保湿细腻肤质【5天内发货】
品牌    ：资生堂 → 资生堂 | ✅
容量规格：{'145'} → {'145'} | ✅
色号    ：set() → set()
浓度    ： →  | ✅
简装    ： →  | ✅
套装    ：不含 → 不含 | ✅
清洗后  ：红大曙光水 → 红水红色蜜露提亮光泽妆前打底深层细腻肤质
品名匹配：LCS子序列(40.0%) | ✅
结果    ：✅ PASS | 原因：所有检查通过
============================================================

================================================================================
货品名称：【资生堂】红水红色蜜露145ml 提亮光泽妆前打底 深层保湿细腻肤质【5天内发货】
关键词：资生堂红大曙光水（新款）145mL
原价：182.0 | 现价：124.5
百亿补贴：否 | 日期：
校验通过：✅ True
================================================================================
✅ 优先级 1 中已有商品通过校验，停止降级
📁 采集记录已保存，总行数：436
📋 校验记录已保存，总记录数：430
✅ 序号 626 已标记为已采集

⏸ 等待 1 秒后继续...
⏳ 等待下一个商品：[██████████████████████████████] 100% (1/1s)

🔍 搜索：资生堂悦薇眼膜12片/盒（新款）

===== 优先级 2，共 2 个商品 =====
--- 进入商品 1/2 ---
============================================================
搜索词 ：资生堂悦薇眼膜12片/盒（新款）
商品名 ：【资生堂】悦薇焕白熨斗眼膜贴12袋/盒淡化眼纹黑眼圈提拉紧致
品牌    ：资生堂 → 资生堂 | ✅
容量规格：{'12'} → set() | ❌
色号    ：set() → {'12'}
浓度    ： →  | ✅
简装    ： →  | ✅
套装    ：不含 → 不含 | ✅
清洗后  ：悦薇眼膜 → 悦薇焕白熨斗眼膜贴袋淡化眼纹黑眼圈提拉紧致
品名匹配：词袋(66.7%) | ✅
结果    ：❌ FAIL | 原因：规格不匹配
============================================================
🔧 校验失败原因为规格不匹配，尝试进入规格面板匹配...

[DEBUG][get_sku_price_auto] 开始匹配，搜索词: '资生堂悦薇眼膜12片/盒（新款）'
[DEBUG][get_sku_identifiers] 提取标识: ['12片']
[DEBUG][get_sku_price_auto] 当前已选规格不匹配，尝试点击规格...
[DEBUG][get_sku_price_auto] 所有标识尝试完毕，仍无价格
⚠️ 规格匹配未获取到有效价格，已记录为匹配失败，校验结果强制为不通过

================================================================================
货品名称：【资生堂】悦薇焕白熨斗眼膜贴12袋/盒淡化眼纹黑眼圈提拉紧致
关键词：资生堂悦薇眼膜12片/盒（新款）
原价：None | 现价：None
匹配规格：匹配失败 | 规格价格：
百亿补贴：否 | 日期：2025-12-10
校验通过：❌ False
================================================================================
--- 进入商品 2/2 ---
============================================================
搜索词 ：资生堂悦薇眼膜12片/盒（新款）
商品名 ：【正品行货】资生堂悦薇小熨斗眼膜12对一盒
品牌    ：资生堂 → 资生堂 | ✅
容量规格：{'12'} → {'12'} | ❌
色号    ：set() → set()
浓度    ： →  | ✅
简装    ： →  | ✅
套装    ：不含 → 不含 | ✅
清洗后  ：悦薇眼膜 → 悦薇小熨斗眼膜一盒
品名匹配：词袋(66.7%) | ✅
结果    ：❌ FAIL | 原因：规格不匹配
============================================================
🔧 校验失败原因为规格不匹配，尝试进入规格面板匹配...

[DEBUG][get_sku_price_auto] 开始匹配，搜索词: '资生堂悦薇眼膜12片/盒（新款）'
[DEBUG][get_sku_identifiers] 提取标识: ['12片']
[DEBUG][get_sku_price_auto] 当前已选规格不匹配，尝试点击规格...
[DEBUG][get_sku_price_auto] 所有标识尝试完毕，仍无价格
⚠️ 规格匹配未获取到有效价格，已记录为匹配失败，校验结果强制为不通过

================================================================================
货品名称：【正品行货】资生堂悦薇小熨斗眼膜12对一盒
关键词：资生堂悦薇眼膜12片/盒（新款）
原价：280.0 | 现价：280.0
匹配规格：匹配失败 | 规格价格：
百亿补贴：否 | 日期：2026-06-01
校验通过：❌ False
================================================================================
⚠️ 优先级 2 全部未通过，尝试下一优先级
🔽 降级到全球购，返回顶部并重新识别（不自动下滑）

===== 优先级 1，共 2 个商品 =====
--- 进入商品 1/2 ---
============================================================
搜索词 ：资生堂悦薇眼膜12片/盒（新款）
商品名 ：Shiseido/资生堂新款悦薇眼膜质纯防皱淡化细纹去黑眼圈眼贴#12包【5天内发货】
品牌    ：资生堂 → 资生堂 | ✅
容量规格：{'12'} → set() | ❌
色号    ：set() → {'12'}
浓度    ： →  | ✅
简装    ： →  | ✅
套装    ：不含 → 不含 | ✅
清洗后  ：悦薇眼膜 → 新悦薇眼膜质纯防皱淡化细纹去黑眼圈眼贴包
品名匹配：词袋(100.0%) | ✅
结果    ：❌ FAIL | 原因：规格不匹配
============================================================
🔧 校验失败原因为规格不匹配，尝试进入规格面板匹配...

[DEBUG][get_sku_price_auto] 开始匹配，搜索词: '资生堂悦薇眼膜12片/盒（新款）'
[DEBUG][get_sku_identifiers] 提取标识: ['12片']
[DEBUG][get_sku_price_auto] 当前已选规格匹配，价格: 368
✅ 规格匹配成功，且品名已匹配，校验通过

================================================================================
货品名称：Shiseido/资生堂新款悦薇眼膜质纯防皱淡化细纹去黑眼圈眼贴#12包【5天内发货】
关键词：资生堂悦薇眼膜12片/盒（新款）
原价：368.0 | 现价：368
匹配规格：已选择： 12片 资生堂悦薇眼膜 | 规格价格：368
百亿补贴：否 | 日期：2025-05-01
校验通过：✅ True
================================================================================
--- 进入商品 2/2 ---
============================================================
搜索词 ：资生堂悦薇眼膜12片/盒（新款）
商品名 ：【资生堂】悦薇新小熨斗眼膜*12 /盒淡化细纹祛黑眼圈焕白提拉紧致
品牌    ：资生堂 → 资生堂 | ✅
容量规格：{'12'} → {'12'} | ❌
色号    ：set() → set()
浓度    ： →  | ✅
简装    ： →  | ✅
套装    ：不含 → 不含 | ✅
清洗后  ：悦薇眼膜 → 悦薇新小熨斗眼膜淡化细纹祛黑眼圈焕白提拉紧致
品名匹配：词袋(66.7%) | ✅
结果    ：❌ FAIL | 原因：规格不匹配
============================================================
🔧 校验失败原因为规格不匹配，尝试进入规格面板匹配...

[DEBUG][get_sku_price_auto] 开始匹配，搜索词: '资生堂悦薇眼膜12片/盒（新款）'
[DEBUG][get_sku_identifiers] 提取标识: ['12片']
[DEBUG][get_sku_price_auto] 当前已选规格不匹配，尝试点击规格...
[DEBUG][get_sku_price_auto] 所有标识尝试完毕，仍无价格
⚠️ 规格匹配未获取到有效价格，已记录为匹配失败，校验结果强制为不通过

================================================================================
货品名称：【资生堂】悦薇新小熨斗眼膜*12 /盒淡化细纹祛黑眼圈焕白提拉紧致
关键词：资生堂悦薇眼膜12片/盒（新款）
原价：360.0 | 现价：224.0
匹配规格：匹配失败 | 规格价格：
百亿补贴：否 | 日期：2025-12-17
校验通过：❌ False
================================================================================
✅ 优先级 1 中已有商品通过校验，停止降级
📁 采集记录已保存，总行数：444
📋 校验记录已保存，总记录数：434
✅ 序号 627 已标记为已采集

⏸ 等待 1 秒后继续...
⏳ 等待下一个商品：[██████████████████████████████] 100% (1/1s)

🔍 搜索：Armani 阿玛尼 寄情男士淡香水100ml（新版）

===== 优先级 2，共 3 个商品 =====
--- 进入商品 1/3 ---
============================================================
搜索词 ：Armani 阿玛尼 寄情男士淡香水100ml（新版）
商品名 ：【阿玛尼】寄情男士淡香水100ml海洋香调清新持久礼物
品牌    ：阿玛尼 → 阿玛尼 | ✅
容量规格：{'100'} → {'100'} | ✅
色号    ：set() → set()
浓度    ：淡香 → 淡香 | ✅
简装    ： →  | ✅
套装    ：不含 → 不含 | ✅
清洗后  ：寄情男士水 → 寄情男士水海洋香调礼物
品名匹配：词袋(100.0%) | ✅
结果    ：✅ PASS | 原因：所有检查通过
============================================================

================================================================================
货品名称：【阿玛尼】寄情男士淡香水100ml海洋香调清新持久礼物
关键词：Armani 阿玛尼 寄情男士淡香水100ml（新版）
原价：379.0 | 现价：379.0
百亿补贴：否 | 日期：2024-04-01
校验通过：✅ True
================================================================================
--- 进入商品 2/3 ---
============================================================
搜索词 ：Armani 阿玛尼 寄情男士淡香水100ml（新版）
商品名 ：【阿玛尼】寄情香水男士淡香水100ml海洋香调EDT清新持久留香简装白盒
品牌    ：阿玛尼 → 阿玛尼 | ✅
容量规格：{'100'} → {'100'} | ✅
色号    ：set() → set()
浓度    ：淡香 → 淡香 | ✅
简装    ： → 简装 | ✅
套装    ：不含 → 不含 | ✅
清洗后  ：寄情男士水 → 寄情男士水海洋香调简装白盒
品名匹配：词袋(100.0%) | ✅
结果    ：✅ PASS | 原因：所有检查通过
============================================================

================================================================================
货品名称：【阿玛尼】寄情香水男士淡香水100ml海洋香调EDT清新持久留香简装白盒
关键词：Armani 阿玛尼 寄情男士淡香水100ml（新版）
原价：None | 现价：None
百亿补贴：否 | 日期：2023-05-01
校验通过：✅ True
================================================================================
--- 进入商品 3/3 ---
============================================================
搜索词 ：Armani 阿玛尼 寄情男士淡香水100ml（新版）
商品名 ：【Armani】GIO阿玛尼新版寄情水男士淡香水30/50/100ml持久留香
品牌    ：阿玛尼 → 阿玛尼 | ✅
容量规格：{'100'} → {'30', '50', '100'} | ✅
色号    ：set() → set()
浓度    ：淡香 → 淡香 | ✅
简装    ： →  | ✅
套装    ：不含 → 不含 | ✅
清洗后  ：寄情男士水 → gio新寄情水男士水
品名匹配：词袋(75.0%) | ✅
结果    ：✅ PASS | 原因：所有检查通过
============================================================
🔧 标题包含多规格 (容量:{'30', '50', '100'}, 色号:set())，尝试进入规格面板匹配...

[DEBUG][get_sku_price_auto] 开始匹配，搜索词: 'Armani 阿玛尼 寄情男士淡香水100ml（新版）'
[DEBUG][get_sku_identifiers] 提取标识: ['100ml']
[DEBUG][get_sku_price_auto] 当前已选规格匹配，价格: 334.9
✅ 规格匹配成功，且品名已匹配，校验通过

================================================================================
货品名称：【Armani】GIO阿玛尼新版寄情水男士淡香水30/50/100ml持久留香
关键词：Armani 阿玛尼 寄情男士淡香水100ml（新版）
原价：499.0 | 现价：334.9
匹配规格：已选择： 100mL EDT | 规格价格：334.9
百亿补贴：否 | 日期：2025-06-30
校验通过：✅ True
================================================================================
✅ 优先级 2 中已有商品通过校验，停止降级
📁 采集记录已保存，总行数：450
📋 校验记录已保存，总记录数：437
✅ 序号 628 已标记为已采集

⏸ 等待 1 秒后继续...
⏳ 等待下一个商品：[██████████████████████████████] 100% (1/1s)

🔍 搜索：Burberry 巴宝莉 花与她果漾青提软糖淡香水100ml

===== 优先级 4，共 1 个商品 =====
--- 进入商品 1/1 ---
============================================================
搜索词 ：Burberry 巴宝莉 花与她果漾青提软糖淡香水100ml
商品名 ：【BURBERRY】博柏利巴宝莉花与她果漾青提软糖EDT香水30/50/100ml
品牌    ：巴宝莉 → 巴宝莉 | ✅
容量规格：{'100'} → {'30', '50', '100'} | ✅
色号    ：set() → set()
浓度    ：淡香 →  | ✅
简装    ： →  | ✅
套装    ：不含 → 不含 | ✅
清洗后  ：花与她果漾青提软糖水 → 花与她果漾青提软糖
品名匹配：词袋(88.9%) | ✅
结果    ：✅ PASS | 原因：所有检查通过
============================================================
🔧 标题包含多规格 (容量:{'30', '50', '100'}, 色号:set())，尝试进入规格面板匹配...

[DEBUG][get_sku_price_auto] 开始匹配，搜索词: 'Burberry 巴宝莉 花与她果漾青提软糖淡香水100ml'
[DEBUG][get_sku_identifiers] 提取标识: ['100ml']
[DEBUG][get_sku_price_auto] 当前已选规格不匹配，尝试点击规格...
[DEBUG][get_sku_price_auto] 所有标识尝试完毕，仍无价格
⚠️ 规格匹配未获取到有效价格，已记录为匹配失败，校验结果强制为不通过

================================================================================
货品名称：【BURBERRY】博柏利巴宝莉花与她果漾青提软糖EDT香水30/50/100ml
关键词：Burberry 巴宝莉 花与她果漾青提软糖淡香水100ml
原价：16.0 | 现价：179.0
匹配规格：匹配失败 | 规格价格：
百亿补贴：是 | 日期：2026-02-04
校验通过：❌ False
================================================================================
⚠️ 优先级 4 全部未通过，尝试下一优先级

===== 优先级 2，共 1 个商品 =====
--- 进入商品 1/1 ---
============================================================
搜索词 ：Burberry 巴宝莉 花与她果漾青提软糖淡香水100ml
商品名 ：Burberry巴宝莉花与她果漾淡香水100ml
品牌    ：巴宝莉 → 巴宝莉 | ✅
容量规格：{'100'} → {'100'} | ✅
色号    ：set() → set()
浓度    ：淡香 → 淡香 | ✅
简装    ： →  | ✅
套装    ：不含 → 不含 | ✅
清洗后  ：花与她果漾青提软糖水 → 花与她果漾水
品名匹配：词袋(44.4%) | ✅
结果    ：✅ PASS | 原因：所有检查通过
============================================================

================================================================================
货品名称：Burberry巴宝莉花与她果漾淡香水100ml
关键词：Burberry 巴宝莉 花与她果漾青提软糖淡香水100ml
原价：666.0 | 现价：666.0
百亿补贴：否 | 日期：2025-02-01
校验通过：✅ True
================================================================================
✅ 优先级 2 中已有商品通过校验，停止降级
📁 采集记录已保存，总行数：454
📋 校验记录已保存，总记录数：439
✅ 序号 629 已标记为已采集

⏸ 等待 1 秒后继续...
⏳ 等待下一个商品：[██████████████████████████████] 100% (1/1s)

🔍 搜索：BVLGARI 宝格丽 碧蓝淡香水100ml

===== 优先级 4，共 3 个商品 =====
--- 进入商品 1/3 ---
============================================================
搜索词 ：BVLGARI 宝格丽 碧蓝淡香水100ml
商品名 ：海外直邮BVLGARI/宝格丽碧蓝淡香水中性海洋调EDT100ml 新款【5天内发货】
品牌    ：宝格丽 → 宝格丽 | ✅
容量规格：{'100'} → {'100'} | ✅
色号    ：set() → set()
浓度    ：淡香 → 淡香 | ✅
简装    ： →  | ✅
套装    ：不含 → 不含 | ✅
清洗后  ：碧蓝水 → 海外碧蓝水中性海洋调
品名匹配：词袋(100.0%) | ✅
结果    ：✅ PASS | 原因：所有检查通过
============================================================

================================================================================
货品名称：海外直邮BVLGARI/宝格丽碧蓝淡香水中性海洋调EDT100ml 新款【5天内发货】
关键词：BVLGARI 宝格丽 碧蓝淡香水100ml
原价：688.0 | 现价：436.0
百亿补贴：是 | 日期：2025-05-31
校验通过：✅ True
================================================================================
--- 进入商品 2/3 ---
============================================================
搜索词 ：BVLGARI 宝格丽 碧蓝淡香水100ml
商品名 ：海外直邮 BVLGARI/宝格丽碧蓝淡香水中性海洋调EDT100ml【5天内发货】
品牌    ：宝格丽 → 宝格丽 | ✅
容量规格：{'100'} → {'100'} | ✅
色号    ：set() → set()
浓度    ：淡香 → 淡香 | ✅
简装    ： →  | ✅
套装    ：不含 → 不含 | ✅
清洗后  ：碧蓝水 → 海外碧蓝水中性海洋调
品名匹配：词袋(100.0%) | ✅
结果    ：✅ PASS | 原因：所有检查通过
============================================================

================================================================================
货品名称：海外直邮 BVLGARI/宝格丽碧蓝淡香水中性海洋调EDT100ml【5天内发货】
关键词：BVLGARI 宝格丽 碧蓝淡香水100ml
原价：387.5 | 现价：387.5
百亿补贴：是 | 日期：2024-07-01
校验通过：✅ True
================================================================================
--- 进入商品 3/3 ---
============================================================
搜索词 ：BVLGARI 宝格丽 碧蓝淡香水100ml
商品名 ：【正品行货】BVLGARI宝格丽碧蓝水能量淡香水海洋调清冷EDT 100ml
品牌    ：宝格丽 → 宝格丽 | ✅
容量规格：{'100'} → {'100'} | ✅
色号    ：set() → set()
浓度    ：淡香 → 淡香 | ✅
简装    ： →  | ✅
套装    ：不含 → 不含 | ✅
清洗后  ：碧蓝水 → 碧蓝水能量水海洋调清冷
品名匹配：词袋(100.0%) | ✅
结果    ：✅ PASS | 原因：所有检查通过
============================================================

================================================================================
货品名称：【正品行货】BVLGARI宝格丽碧蓝水能量淡香水海洋调清冷EDT 100ml
关键词：BVLGARI 宝格丽 碧蓝淡香水100ml
原价：773.0 | 现价：445.0
百亿补贴：是 | 日期：2025-02-01
校验通过：✅ True
================================================================================
✅ 优先级 4 中已有商品通过校验，停止降级
📁 采集记录已保存，总行数：459
📋 校验记录已保存，总记录数：442
✅ 序号 630 已标记为已采集

⏸ 等待 1 秒后继续...
⏳ 等待下一个商品：[██████████████████████████████] 100% (1/1s)

🔍 搜索：Clarins 娇韵诗 双萃精华露50ml（第九代）

===== 优先级 4，共 2 个商品 =====
--- 进入商品 1/2 ---
============================================================
搜索词 ：Clarins 娇韵诗 双萃精华露50ml（第九代）
商品名 ：【海外直采】顺丰Clarins娇韵诗第九代双萃赋活精华露50ml双支装
品牌    ：娇韵诗 → 娇韵诗 | ✅
容量规格：{'50'} → {'50'} | ✅
色号    ：set() → set()
浓度    ： →  | ✅
简装    ： →  | ✅
套装    ：不含 → 不含 | ✅
清洗后  ：双萃露第九代 → 顺丰第九代双萃赋活露
品名匹配：词袋(60.0%) | ✅
结果    ：✅ PASS | 原因：所有检查通过
============================================================

================================================================================
货品名称：【海外直采】顺丰Clarins娇韵诗第九代双萃赋活精华露50ml双支装
关键词：Clarins 娇韵诗 双萃精华露50ml（第九代）
原价：998.0 | 现价：866.0
百亿补贴：是 | 日期：2025-08-01
校验通过：✅ True
================================================================================
⚠️ 检测到优惠券弹窗，再次返回
--- 进入商品 2/2 ---
============================================================
搜索词 ：Clarins 娇韵诗 双萃精华露50ml（第九代）
商品名 ：【娇韵诗】 第九代黄金双萃焕活修护精华 50ml 滋养修护
品牌    ：娇韵诗 → 娇韵诗 | ✅
容量规格：{'50'} → {'50'} | ✅
色号    ：set() → set()
浓度    ： →  | ✅
简装    ： →  | ✅
套装    ：不含 → 不含 | ✅
清洗后  ：双萃露第九代 → 第九代黄金双萃焕活滋养
品名匹配：词袋(60.0%) | ✅
结果    ：✅ PASS | 原因：所有检查通过
============================================================

================================================================================
货品名称：【娇韵诗】 第九代黄金双萃焕活修护精华 50ml 滋养修护
关键词：Clarins 娇韵诗 双萃精华露50ml（第九代）
原价：589.0 | 现价：383.0
百亿补贴：是 | 日期：2025-01-09
校验通过：✅ True
================================================================================
✅ 优先级 4 中已有商品通过校验，停止降级
📁 采集记录已保存，总行数：464
📋 校验记录已保存，总记录数：444
✅ 序号 631 已标记为已采集

⏸ 等待 1 秒后继续...
⏳ 等待下一个商品：[██████████████████████████████] 100% (1/1s)

🔍 搜索：Estee Lauder 雅诗兰黛 抗蓝光眼霜15ml*2（第五代）
Traceback (most recent call last):
  File "/Users/vincentli/PycharmProjects/PythonProject/2026-4 群控/yolo/整合详情页采集/采集10.4 日志.py", line 849, in <module>
    main()
  File "/Users/vincentli/PycharmProjects/PythonProject/2026-4 群控/yolo/整合详情页采集/采集10.4 日志.py", line 833, in main
    search_product(kw)
  File "/Users/vincentli/PycharmProjects/PythonProject/2026-4 群控/yolo/整合详情页采集/采集10.4 日志.py", line 207, in search_product
    d.click(width // 2, search_y)
  File "/opt/miniconda3/envs/py3.8/lib/python3.8/site-packages/uiautomator2/__init__.py", line 226, in click
    self.jsonrpc.click(x, y)
  File "/opt/miniconda3/envs/py3.8/lib/python3.8/site-packages/uiautomator2/base.py", line 158, in __call__
    return self.server.jsonrpc_call(self.method, params, http_timeout)
  File "/opt/miniconda3/envs/py3.8/lib/python3.8/site-packages/uiautomator2/core.py", line 311, in jsonrpc_call
    return _jsonrpc_call(self._dev, self._device_server_port, method, params, timeout, self._debug)
  File "/opt/miniconda3/envs/py3.8/lib/python3.8/site-packages/uiautomator2/core.py", line 173, in _jsonrpc_call
    r = _http_request(dev, device_port, "POST", "/jsonrpc/0", payload, timeout=timeout, print_request=print_request)
  File "/opt/miniconda3/envs/py3.8/lib/python3.8/site-packages/uiautomator2/core.py", line 140, in _http_request
    _response = conn.getresponse()
  File "/opt/miniconda3/envs/py3.8/lib/python3.8/http/client.py", line 1348, in getresponse
    response.begin()
  File "/opt/miniconda3/envs/py3.8/lib/python3.8/http/client.py", line 316, in begin
    version, status, reason = self._read_status()
  File "/opt/miniconda3/envs/py3.8/lib/python3.8/http/client.py", line 277, in _read_status
    line = str(self.fp.readline(_MAXLINE + 1), "iso-8859-1")
  File "/opt/miniconda3/envs/py3.8/lib/python3.8/socket.py", line 681, in readinto
    return self._sock.recv_into(b)
KeyboardInterrupt
